../App/Src/app_main.c:39:6:App_Init	16	static
../App/Src/app_main.c:77:13:standFrontLeftLeg	8	static
../App/Src/app_main.c:84:13:foldFrontLeftLeg	8	static
../App/Src/app_main.c:91:13:standFrontRightLeg	8	static
../App/Src/app_main.c:98:13:foldFrontRightLeg	8	static
../App/Src/app_main.c:105:13:foldRearLeftLeg	8	static
../App/Src/app_main.c:111:13:standRearLeftLeg	8	static
../App/Src/app_main.c:118:13:foldRearRightLeg	8	static
../App/Src/app_main.c:125:13:standRearRightLeg	8	static
../App/Src/app_main.c:132:13:standLegs	8	static
../App/Src/app_main.c:140:13:foldLegs	8	static
../App/Src/app_main.c:151:6:App_Loop	8	static
