Archive member included to satisfy reference by file (symbol)

C:/ST/STM32CubeIDE_1.19.0/STM32CubeIDE/plugins/com.st.stm32cube.ide.mcu.externaltools.gnu-tools-for-stm32.13.3.rel1.win32_1.0.0.202411081344/tools/bin/../lib/gcc/arm-none-eabi/13.3.1/../../../../arm-none-eabi/lib/thumb/v7-m/nofp\libc_nano.a(libc_a-exit.o)
                              C:/ST/STM32CubeIDE_1.19.0/STM32CubeIDE/plugins/com.st.stm32cube.ide.mcu.externaltools.gnu-tools-for-stm32.13.3.rel1.win32_1.0.0.202411081344/tools/bin/../lib/gcc/arm-none-eabi/13.3.1/../../../../arm-none-eabi/lib/thumb/v7-m/nofp/crt0.o (exit)
C:/ST/STM32CubeIDE_1.19.0/STM32CubeIDE/plugins/com.st.stm32cube.ide.mcu.externaltools.gnu-tools-for-stm32.13.3.rel1.win32_1.0.0.202411081344/tools/bin/../lib/gcc/arm-none-eabi/13.3.1/../../../../arm-none-eabi/lib/thumb/v7-m/nofp\libc_nano.a(libc_a-findfp.o)
                              C:/ST/STM32CubeIDE_1.19.0/STM32CubeIDE/plugins/com.st.stm32cube.ide.mcu.externaltools.gnu-tools-for-stm32.13.3.rel1.win32_1.0.0.202411081344/tools/bin/../lib/gcc/arm-none-eabi/13.3.1/../../../../arm-none-eabi/lib/thumb/v7-m/nofp\libc_nano.a(libc_a-exit.o) (__stdio_exit_handler)
C:/ST/STM32CubeIDE_1.19.0/STM32CubeIDE/plugins/com.st.stm32cube.ide.mcu.externaltools.gnu-tools-for-stm32.13.3.rel1.win32_1.0.0.202411081344/tools/bin/../lib/gcc/arm-none-eabi/13.3.1/../../../../arm-none-eabi/lib/thumb/v7-m/nofp\libc_nano.a(libc_a-fwalk.o)
                              C:/ST/STM32CubeIDE_1.19.0/STM32CubeIDE/plugins/com.st.stm32cube.ide.mcu.externaltools.gnu-tools-for-stm32.13.3.rel1.win32_1.0.0.202411081344/tools/bin/../lib/gcc/arm-none-eabi/13.3.1/../../../../arm-none-eabi/lib/thumb/v7-m/nofp\libc_nano.a(libc_a-findfp.o) (_fwalk_sglue)
C:/ST/STM32CubeIDE_1.19.0/STM32CubeIDE/plugins/com.st.stm32cube.ide.mcu.externaltools.gnu-tools-for-stm32.13.3.rel1.win32_1.0.0.202411081344/tools/bin/../lib/gcc/arm-none-eabi/13.3.1/../../../../arm-none-eabi/lib/thumb/v7-m/nofp\libc_nano.a(libc_a-stdio.o)
                              C:/ST/STM32CubeIDE_1.19.0/STM32CubeIDE/plugins/com.st.stm32cube.ide.mcu.externaltools.gnu-tools-for-stm32.13.3.rel1.win32_1.0.0.202411081344/tools/bin/../lib/gcc/arm-none-eabi/13.3.1/../../../../arm-none-eabi/lib/thumb/v7-m/nofp\libc_nano.a(libc_a-findfp.o) (__sread)
C:/ST/STM32CubeIDE_1.19.0/STM32CubeIDE/plugins/com.st.stm32cube.ide.mcu.externaltools.gnu-tools-for-stm32.13.3.rel1.win32_1.0.0.202411081344/tools/bin/../lib/gcc/arm-none-eabi/13.3.1/../../../../arm-none-eabi/lib/thumb/v7-m/nofp\libc_nano.a(libc_a-memset.o)
                              C:/ST/STM32CubeIDE_1.19.0/STM32CubeIDE/plugins/com.st.stm32cube.ide.mcu.externaltools.gnu-tools-for-stm32.13.3.rel1.win32_1.0.0.202411081344/tools/bin/../lib/gcc/arm-none-eabi/13.3.1/../../../../arm-none-eabi/lib/thumb/v7-m/nofp/crt0.o (memset)
C:/ST/STM32CubeIDE_1.19.0/STM32CubeIDE/plugins/com.st.stm32cube.ide.mcu.externaltools.gnu-tools-for-stm32.13.3.rel1.win32_1.0.0.202411081344/tools/bin/../lib/gcc/arm-none-eabi/13.3.1/../../../../arm-none-eabi/lib/thumb/v7-m/nofp\libc_nano.a(libc_a-closer.o)
                              C:/ST/STM32CubeIDE_1.19.0/STM32CubeIDE/plugins/com.st.stm32cube.ide.mcu.externaltools.gnu-tools-for-stm32.13.3.rel1.win32_1.0.0.202411081344/tools/bin/../lib/gcc/arm-none-eabi/13.3.1/../../../../arm-none-eabi/lib/thumb/v7-m/nofp\libc_nano.a(libc_a-stdio.o) (_close_r)
C:/ST/STM32CubeIDE_1.19.0/STM32CubeIDE/plugins/com.st.stm32cube.ide.mcu.externaltools.gnu-tools-for-stm32.13.3.rel1.win32_1.0.0.202411081344/tools/bin/../lib/gcc/arm-none-eabi/13.3.1/../../../../arm-none-eabi/lib/thumb/v7-m/nofp\libc_nano.a(libc_a-reent.o)
                              C:/ST/STM32CubeIDE_1.19.0/STM32CubeIDE/plugins/com.st.stm32cube.ide.mcu.externaltools.gnu-tools-for-stm32.13.3.rel1.win32_1.0.0.202411081344/tools/bin/../lib/gcc/arm-none-eabi/13.3.1/../../../../arm-none-eabi/lib/thumb/v7-m/nofp\libc_nano.a(libc_a-closer.o) (errno)
C:/ST/STM32CubeIDE_1.19.0/STM32CubeIDE/plugins/com.st.stm32cube.ide.mcu.externaltools.gnu-tools-for-stm32.13.3.rel1.win32_1.0.0.202411081344/tools/bin/../lib/gcc/arm-none-eabi/13.3.1/../../../../arm-none-eabi/lib/thumb/v7-m/nofp\libc_nano.a(libc_a-impure.o)
                              C:/ST/STM32CubeIDE_1.19.0/STM32CubeIDE/plugins/com.st.stm32cube.ide.mcu.externaltools.gnu-tools-for-stm32.13.3.rel1.win32_1.0.0.202411081344/tools/bin/../lib/gcc/arm-none-eabi/13.3.1/../../../../arm-none-eabi/lib/thumb/v7-m/nofp\libc_nano.a(libc_a-reent.o) (_impure_ptr)
C:/ST/STM32CubeIDE_1.19.0/STM32CubeIDE/plugins/com.st.stm32cube.ide.mcu.externaltools.gnu-tools-for-stm32.13.3.rel1.win32_1.0.0.202411081344/tools/bin/../lib/gcc/arm-none-eabi/13.3.1/../../../../arm-none-eabi/lib/thumb/v7-m/nofp\libc_nano.a(libc_a-lseekr.o)
[...]
Memory Configuration

Name             Origin             Length             Attributes
RAM              0x20000000         0x00005000         xrw
FLASH            0x08000000         0x00010000         xr
*default*        0x00000000         0xffffffff

Linker script and memory map

LOAD C:/ST/STM32CubeIDE_1.19.0/STM32CubeIDE/plugins/com.st.stm32cube.ide.mcu.externaltools.gnu-tools-for-stm32.13.3.rel1.win32_1.0.0.202411081344/tools/bin/../lib/gcc/arm-none-eabi/13.3.1/thumb/v7-m/nofp/crti.o
LOAD C:/ST/STM32CubeIDE_1.19.0/STM32CubeIDE/plugins/com.st.stm32cube.ide.mcu.externaltools.gnu-tools-for-stm32.13.3.rel1.win32_1.0.0.202411081344/tools/bin/../lib/gcc/arm-none-eabi/13.3.1/thumb/v7-m/nofp/crtbegin.o
LOAD C:/ST/STM32CubeIDE_1.19.0/STM32CubeIDE/plugins/com.st.stm32cube.ide.mcu.externaltools.gnu-tools-for-stm32.13.3.rel1.win32_1.0.0.202411081344/tools/bin/../lib/gcc/arm-none-eabi/13.3.1/../../../../arm-none-eabi/lib/thumb/v7-m/nofp/crt0.o
LOAD ./App/Src/app_main.o
LOAD ./App/Src/output.o
LOAD ./App/Src/pwm.o
LOAD ./Core/Src/main.o
LOAD ./Core/Src/stm32f1xx_hal_msp.o
LOAD ./Core/Src/stm32f1xx_it.o
LOAD ./Core/Src/syscalls.o
LOAD ./Core/Src/sysmem.o
LOAD ./Core/Src/system_stm32f1xx.o
LOAD ./Core/Startup/startup_stm32f103c8tx.o
LOAD ./Drivers/STM32F1xx_HAL_Driver/Src/stm32f1xx_hal.o
LOAD ./Drivers/STM32F1xx_HAL_Driver/Src/stm32f1xx_hal_cortex.o
LOAD ./Drivers/STM32F1xx_HAL_Driver/Src/stm32f1xx_hal_dma.o
LOAD ./Drivers/STM32F1xx_HAL_Driver/Src/stm32f1xx_hal_exti.o
LOAD ./Drivers/STM32F1xx_HAL_Driver/Src/stm32f1xx_hal_flash.o
LOAD ./Drivers/STM32F1xx_HAL_Driver/Src/stm32f1xx_hal_flash_ex.o
LOAD ./Drivers/STM32F1xx_HAL_Driver/Src/stm32f1xx_hal_gpio.o
LOAD ./Drivers/STM32F1xx_HAL_Driver/Src/stm32f1xx_hal_gpio_ex.o
LOAD ./Drivers/STM32F1xx_HAL_Driver/Src/stm32f1xx_hal_pwr.o
LOAD ./Drivers/STM32F1xx_HAL_Driver/Src/stm32f1xx_hal_rcc.o
LOAD ./Drivers/STM32F1xx_HAL_Driver/Src/stm32f1xx_hal_rcc_ex.o
LOAD ./Drivers/STM32F1xx_HAL_Driver/Src/stm32f1xx_hal_tim.o
LOAD ./Drivers/STM32F1xx_HAL_Driver/Src/stm32f1xx_hal_tim_ex.o
START GROUP
LOAD C:/ST/STM32CubeIDE_1.19.0/STM32CubeIDE/plugins/com.st.stm32cube.ide.mcu.externaltools.gnu-tools-for-stm32.13.3.rel1.win32_1.0.0.202411081344/tools/bin/../lib/gcc/arm-none-eabi/13.3.1/../../../../arm-none-eabi/lib/thumb/v7-m/nofp\libc_nano.a
LOAD C:/ST/STM32CubeIDE_1.19.0/STM32CubeIDE/plugins/com.st.stm32cube.ide.mcu.externaltools.gnu-tools-for-stm32.13.3.rel1.win32_1.0.0.202411081344/tools/bin/../lib/gcc/arm-none-eabi/13.3.1/../../../../arm-none-eabi/lib/thumb/v7-m/nofp\libm.a
END GROUP
START GROUP
LOAD C:/ST/STM32CubeIDE_1.19.0/STM32CubeIDE/plugins/com.st.stm32cube.ide.mcu.externaltools.gnu-tools-for-stm32.13.3.rel1.win32_1.0.0.202411081344/tools/bin/../lib/gcc/arm-none-eabi/13.3.1/thumb/v7-m/nofp\libgcc.a
LOAD C:/ST/STM32CubeIDE_1.19.0/STM32CubeIDE/plugins/com.st.stm32cube.ide.mcu.externaltools.gnu-tools-for-stm32.13.3.rel1.win32_1.0.0.202411081344/tools/bin/../lib/gcc/arm-none-eabi/13.3.1/../../../../arm-none-eabi/lib/thumb/v7-m/nofp\libc_nano.a
END GROUP
START GROUP
LOAD C:/ST/STM32CubeIDE_1.19.0/STM32CubeIDE/plugins/com.st.stm32cube.ide.mcu.externaltools.gnu-tools-for-stm32.13.3.rel1.win32_1.0.0.202411081344/tools/bin/../lib/gcc/arm-none-eabi/13.3.1/thumb/v7-m/nofp\libgcc.a
LOAD C:/ST/STM32CubeIDE_1.19.0/STM32CubeIDE/plugins/com.st.stm32cube.ide.mcu.externaltools.gnu-tools-for-stm32.13.3.rel1.win32_1.0.0.202411081344/tools/bin/../lib/gcc/arm-none-eabi/13.3.1/../../../../arm-none-eabi/lib/thumb/v7-m/nofp\libc_nano.a
LOAD C:/ST/STM32CubeIDE_1.19.0/STM32CubeIDE/plugins/com.st.stm32cube.ide.mcu.externaltools.gnu-tools-for-stm32.13.3.rel1.win32_1.0.0.202411081344/tools/bin/../lib/gcc/arm-none-eabi/13.3.1/../../../../arm-none-eabi/lib/thumb/v7-m/nofp\libnosys.a
END GROUP
START GROUP
LOAD C:/ST/STM32CubeIDE_1.19.0/STM32CubeIDE/plugins/com.st.stm32cube.ide.mcu.externaltools.gnu-tools-for-stm32.13.3.rel1.win32_1.0.0.202411081344/tools/bin/../lib/gcc/arm-none-eabi/13.3.1/thumb/v7-m/nofp\libgcc.a
LOAD C:/ST/STM32CubeIDE_1.19.0/STM32CubeIDE/plugins/com.st.stm32cube.ide.mcu.externaltools.gnu-tools-for-stm32.13.3.rel1.win32_1.0.0.202411081344/tools/bin/../lib/gcc/arm-none-eabi/13.3.1/../../../../arm-none-eabi/lib/thumb/v7-m/nofp\libc_nano.a
LOAD C:/ST/STM32CubeIDE_1.19.0/STM32CubeIDE/plugins/com.st.stm32cube.ide.mcu.externaltools.gnu-tools-for-stm32.13.3.rel1.win32_1.0.0.202411081344/tools/bin/../lib/gcc/arm-none-eabi/13.3.1/../../../../arm-none-eabi/lib/thumb/v7-m/nofp\libnosys.a
END GROUP
LOAD C:/ST/STM32CubeIDE_1.19.0/STM32CubeIDE/plugins/com.st.stm32cube.ide.mcu.externaltools.gnu-tools-for-stm32.13.3.rel1.win32_1.0.0.202411081344/tools/bin/../lib/gcc/arm-none-eabi/13.3.1/thumb/v7-m/nofp/crtend.o
LOAD C:/ST/STM32CubeIDE_1.19.0/STM32CubeIDE/plugins/com.st.stm32cube.ide.mcu.externaltools.gnu-tools-for-stm32.13.3.rel1.win32_1.0.0.202411081344/tools/bin/../lib/gcc/arm-none-eabi/13.3.1/thumb/v7-m/nofp/crtn.o
                0x20005000                        _estack = (ORIGIN (RAM) + LENGTH (RAM))
                0x00000200                        _Min_Heap_Size = 0x200
                0x00000400                        _Min_Stack_Size = 0x400

.isr_vector     0x08000000      0x10c
                0x08000000                        . = ALIGN (0x4)
 *(.isr_vector)
 .isr_vector    0x08000000      0x10c ./Core/Startup/startup_stm32f103c8tx.o
                0x08000000                g_pfnVectors
                0x0800010c                        . = ALIGN (0x4)

.text           0x0800010c     0x2214
                0x0800010c                        . = ALIGN (0x4)
 *(.text)
 .text          0x0800010c       0x40 C:/ST/STM32CubeIDE_1.19.0/STM32CubeIDE/plugins/com.st.stm32cube.ide.mcu.externaltools.gnu-tools-for-stm32.13.3.rel1.win32_1.0.0.202411081344/tools/bin/../lib/gcc/arm-none-eabi/13.3.1/thumb/v7-m/nofp/crtbegin.o
 *(.text*)
 .text.App_Init
                0x0800014c       0x50 ./App/Src/app_main.o
                0x0800014c                App_Init
 .text.App_Loop
                0x0800019c       0x30 ./App/Src/app_main.o
                0x0800019c                App_Loop
 .text.Output_TurnOff
                0x080001cc       0x2e ./App/Src/output.o
                0x080001cc                Output_TurnOff
 .text.Output_Init
                0x080001fa       0x36 ./App/Src/output.o
                0x080001fa                Output_Init
 .text.PWM_Init
                0x08000230       0x2a ./App/Src/pwm.o
                0x08000230                PWM_Init
 .text.PWM_SetCcr
                0x0800025a       0x1c ./App/Src/pwm.o
                0x0800025a                PWM_SetCcr
 .text.main     0x08000276       0x1e ./Core/Src/main.o
                0x08000276                main
 .text.SystemClock_Config
                0x08000294       0x8a ./Core/Src/main.o
                0x08000294                SystemClock_Config
 *fill*         0x0800031e        0x2 
 .text.MX_TIM1_Init
                0x08000320      0x19c ./Core/Src/main.o
 .text.MX_GPIO_Init
                0x080004bc       0x98 ./Core/Src/main.o
 .text.Error_Handler
                0x08000554        0xc ./Core/Src/main.o
                0x08000554                Error_Handler
 .text.HAL_MspInit
                0x08000560       0x64 ./Core/Src/stm32f1xx_hal_msp.o
                0x08000560                HAL_MspInit
 .text.HAL_TIM_Base_MspInit
                0x080005c4       0x3c ./Core/Src/stm32f1xx_hal_msp.o
                0x080005c4                HAL_TIM_Base_MspInit
 .text.HAL_TIM_MspPostInit
                0x08000600       0x68 ./Core/Src/stm32f1xx_hal_msp.o
                0x08000600                HAL_TIM_MspPostInit
 .text.NMI_Handler
                0x08000668        0x8 ./Core/Src/stm32f1xx_it.o
                0x08000668                NMI_Handler
 .text.HardFault_Handler
                0x08000670        0x8 ./Core/Src/stm32f1xx_it.o
                0x08000670                HardFault_Handler
 .text.MemManage_Handler
                0x08000678        0x8 ./Core/Src/stm32f1xx_it.o
                0x08000678                MemManage_Handler
 .text.BusFault_Handler
                0x08000680        0x8 ./Core/Src/stm32f1xx_it.o
                0x08000680                BusFault_Handler
 .text.UsageFault_Handler
                0x08000688        0x8 ./Core/Src/stm32f1xx_it.o
                0x08000688                UsageFault_Handler
 .text.SVC_Handler
                0x08000690        0xc ./Core/Src/stm32f1xx_it.o
                0x08000690                SVC_Handler
 .text.DebugMon_Handler
                0x0800069c        0xc ./Core/Src/stm32f1xx_it.o
                0x0800069c                DebugMon_Handler
 .text.PendSV_Handler
                0x080006a8        0xc ./Core/Src/stm32f1xx_it.o
                0x080006a8                PendSV_Handler
 .text.SysTick_Handler
                0x080006b4        0xc ./Core/Src/stm32f1xx_it.o
                0x080006b4                SysTick_Handler
 .text.SystemInit
                0x080006c0        0xc ./Core/Src/system_stm32f1xx.o
                0x080006c0                SystemInit
 .text.Reset_Handler
                0x080006cc       0x48 ./Core/Startup/startup_stm32f103c8tx.o
                0x080006cc                Reset_Handler
 .text.Default_Handler
                0x08000714        0x2 ./Core/Startup/startup_stm32f103c8tx.o
                0x08000714                RTC_Alarm_IRQHandler
                0x08000714                EXTI2_IRQHandler
                0x08000714                TIM1_CC_IRQHandler
                0x08000714                PVD_IRQHandler
                0x08000714                EXTI3_IRQHandler
                0x08000714                EXTI0_IRQHandler
                0x08000714                I2C2_EV_IRQHandler
                0x08000714                ADC1_2_IRQHandler
                0x08000714                SPI1_IRQHandler
                0x08000714                TAMPER_IRQHandler
                0x08000714                DMA1_Channel4_IRQHandler
                0x08000714                USART3_IRQHandler
                0x08000714                RTC_IRQHandler
                0x08000714                DMA1_Channel7_IRQHandler
                0x08000714                CAN1_RX1_IRQHandler
                0x08000714                TIM4_IRQHandler
                0x08000714                I2C1_EV_IRQHandler
                0x08000714                DMA1_Channel6_IRQHandler
                0x08000714                TIM3_IRQHandler
                0x08000714                RCC_IRQHandler
                0x08000714                TIM1_TRG_COM_IRQHandler
                0x08000714                DMA1_Channel1_IRQHandler
                0x08000714                Default_Handler
                0x08000714                EXTI15_10_IRQHandler
                0x08000714                EXTI9_5_IRQHandler
                0x08000714                SPI2_IRQHandler
                0x08000714                DMA1_Channel5_IRQHandler
                0x08000714                EXTI4_IRQHandler
                0x08000714                USB_LP_CAN1_RX0_IRQHandler
                0x08000714                USB_HP_CAN1_TX_IRQHandler
                0x08000714                DMA1_Channel3_IRQHandler
                0x08000714                TIM1_UP_IRQHandler
                0x08000714                WWDG_IRQHandler
                0x08000714                TIM2_IRQHandler
                0x08000714                TIM1_BRK_IRQHandler
                0x08000714                EXTI1_IRQHandler
                0x08000714                USART2_IRQHandler
                0x08000714                I2C2_ER_IRQHandler
                0x08000714                DMA1_Channel2_IRQHandler
                0x08000714                CAN1_SCE_IRQHandler
                0x08000714                FLASH_IRQHandler
                0x08000714                USART1_IRQHandler
                0x08000714                I2C1_ER_IRQHandler
                0x08000714                USBWakeUp_IRQHandler
 *fill*         0x08000716        0x2 
 .text.HAL_Init
                0x08000718       0x2c ./Drivers/STM32F1xx_HAL_Driver/Src/stm32f1xx_hal.o
                0x08000718                HAL_Init
 .text.HAL_InitTick
                0x08000744       0x60 ./Drivers/STM32F1xx_HAL_Driver/Src/stm32f1xx_hal.o
                0x08000744                HAL_InitTick
 .text.HAL_IncTick
                0x080007a4       0x24 ./Drivers/STM32F1xx_HAL_Driver/Src/stm32f1xx_hal.o
                0x080007a4                HAL_IncTick
 .text.HAL_GetTick
                0x080007c8       0x14 ./Drivers/STM32F1xx_HAL_Driver/Src/stm32f1xx_hal.o
                0x080007c8                HAL_GetTick
 .text.HAL_Delay
                0x080007dc       0x48 ./Drivers/STM32F1xx_HAL_Driver/Src/stm32f1xx_hal.o
                0x080007dc                HAL_Delay
 .text.__NVIC_SetPriorityGrouping
                0x08000824       0x48 ./Drivers/STM32F1xx_HAL_Driver/Src/stm32f1xx_hal_cortex.o
 .text.__NVIC_GetPriorityGrouping
                0x0800086c       0x1c ./Drivers/STM32F1xx_HAL_Driver/Src/stm32f1xx_hal_cortex.o
 .text.__NVIC_SetPriority
                0x08000888       0x54 ./Drivers/STM32F1xx_HAL_Driver/Src/stm32f1xx_hal_cortex.o
 .text.NVIC_EncodePriority
                0x080008dc       0x64 ./Drivers/STM32F1xx_HAL_Driver/Src/stm32f1xx_hal_cortex.o
 .text.SysTick_Config
                0x08000940       0x44 ./Drivers/STM32F1xx_HAL_Driver/Src/stm32f1xx_hal_cortex.o
 .text.HAL_NVIC_SetPriorityGrouping
                0x08000984       0x16 ./Drivers/STM32F1xx_HAL_Driver/Src/stm32f1xx_hal_cortex.o
                0x08000984                HAL_NVIC_SetPriorityGrouping
 .text.HAL_NVIC_SetPriority
                0x0800099a       0x38 ./Drivers/STM32F1xx_HAL_Driver/Src/stm32f1xx_hal_cortex.o
                0x0800099a                HAL_NVIC_SetPriority
 .text.HAL_SYSTICK_Config
                0x080009d2       0x18 ./Drivers/STM32F1xx_HAL_Driver/Src/stm32f1xx_hal_cortex.o
                0x080009d2                HAL_SYSTICK_Config
 *fill*         0x080009ea        0x2 
 .text.HAL_GPIO_Init
                0x080009ec      0x308 ./Drivers/STM32F1xx_HAL_Driver/Src/stm32f1xx_hal_gpio.o
                0x080009ec                HAL_GPIO_Init
 .text.HAL_GPIO_WritePin
                0x08000cf4       0x30 ./Drivers/STM32F1xx_HAL_Driver/Src/stm32f1xx_hal_gpio.o
                0x08000cf4                HAL_GPIO_WritePin
 .text.HAL_RCC_OscConfig
                0x08000d24      0x504 ./Drivers/STM32F1xx_HAL_Driver/Src/stm32f1xx_hal_rcc.o
                0x08000d24                HAL_RCC_OscConfig
 .text.HAL_RCC_ClockConfig
                0x08001228      0x1d4 ./Drivers/STM32F1xx_HAL_Driver/Src/stm32f1xx_hal_rcc.o
                0x08001228                HAL_RCC_ClockConfig
 .text.HAL_RCC_GetSysClockFreq
                0x080013fc       0xa8 ./Drivers/STM32F1xx_HAL_Driver/Src/stm32f1xx_hal_rcc.o
                0x080013fc                HAL_RCC_GetSysClockFreq
 .text.RCC_Delay
                0x080014a4       0x3c ./Drivers/STM32F1xx_HAL_Driver/Src/stm32f1xx_hal_rcc.o
 .text.HAL_TIM_Base_Init
                0x080014e0       0x9e ./Drivers/STM32F1xx_HAL_Driver/Src/stm32f1xx_hal_tim.o
                0x080014e0                HAL_TIM_Base_Init
 .text.HAL_TIM_OC_Init
                0x0800157e       0x9e ./Drivers/STM32F1xx_HAL_Driver/Src/stm32f1xx_hal_tim.o
                0x0800157e                HAL_TIM_OC_Init
 .text.HAL_TIM_OC_MspInit
                0x0800161c       0x12 ./Drivers/STM32F1xx_HAL_Driver/Src/stm32f1xx_hal_tim.o
                0x0800161c                HAL_TIM_OC_MspInit
 .text.HAL_TIM_PWM_Init
                0x0800162e       0x9e ./Drivers/STM32F1xx_HAL_Driver/Src/stm32f1xx_hal_tim.o
                0x0800162e                HAL_TIM_PWM_Init
 .text.HAL_TIM_PWM_MspInit
                0x080016cc       0x12 ./Drivers/STM32F1xx_HAL_Driver/Src/stm32f1xx_hal_tim.o
                0x080016cc                HAL_TIM_PWM_MspInit
 *fill*         0x080016de        0x2 
 .text.HAL_TIM_PWM_Start
                0x080016e0      0x144 ./Drivers/STM32F1xx_HAL_Driver/Src/stm32f1xx_hal_tim.o
                0x080016e0                HAL_TIM_PWM_Start
 .text.HAL_TIM_OC_ConfigChannel
                0x08001824       0xb8 ./Drivers/STM32F1xx_HAL_Driver/Src/stm32f1xx_hal_tim.o
                0x08001824                HAL_TIM_OC_ConfigChannel
 .text.HAL_TIM_PWM_ConfigChannel
                0x080018dc      0x184 ./Drivers/STM32F1xx_HAL_Driver/Src/stm32f1xx_hal_tim.o
                0x080018dc                HAL_TIM_PWM_ConfigChannel
 .text.HAL_TIM_ConfigClockSource
                0x08001a60      0x18e ./Drivers/STM32F1xx_HAL_Driver/Src/stm32f1xx_hal_tim.o
                0x08001a60                HAL_TIM_ConfigClockSource
 *fill*         0x08001bee        0x2 
 .text.TIM_Base_SetConfig
                0x08001bf0       0xdc ./Drivers/STM32F1xx_HAL_Driver/Src/stm32f1xx_hal_tim.o
                0x08001bf0                TIM_Base_SetConfig
 .text.TIM_OC1_SetConfig
                0x08001ccc       0xcc ./Drivers/STM32F1xx_HAL_Driver/Src/stm32f1xx_hal_tim.o
 .text.TIM_OC2_SetConfig
                0x08001d98       0xd4 ./Drivers/STM32F1xx_HAL_Driver/Src/stm32f1xx_hal_tim.o
                0x08001d98                TIM_OC2_SetConfig
 .text.TIM_OC3_SetConfig
                0x08001e6c       0xd4 ./Drivers/STM32F1xx_HAL_Driver/Src/stm32f1xx_hal_tim.o
 .text.TIM_OC4_SetConfig
                0x08001f40       0x9c ./Drivers/STM32F1xx_HAL_Driver/Src/stm32f1xx_hal_tim.o
 .text.TIM_TI1_ConfigInputStage
                0x08001fdc       0x5c ./Drivers/STM32F1xx_HAL_Driver/Src/stm32f1xx_hal_tim.o
 .text.TIM_TI2_ConfigInputStage
                0x08002038       0x5e ./Drivers/STM32F1xx_HAL_Driver/Src/stm32f1xx_hal_tim.o
 .text.TIM_ITRx_SetConfig
                0x08002096       0x34 ./Drivers/STM32F1xx_HAL_Driver/Src/stm32f1xx_hal_tim.o
 .text.TIM_ETR_SetConfig
                0x080020ca       0x3e ./Drivers/STM32F1xx_HAL_Driver/Src/stm32f1xx_hal_tim.o
                0x080020ca                TIM_ETR_SetConfig
 .text.TIM_CCxChannelCmd
                0x08002108       0x48 ./Drivers/STM32F1xx_HAL_Driver/Src/stm32f1xx_hal_tim.o
                0x08002108                TIM_CCxChannelCmd
 .text.HAL_TIMEx_MasterConfigSynchronization
                0x08002150       0xbc ./Drivers/STM32F1xx_HAL_Driver/Src/stm32f1xx_hal_tim_ex.o
                0x08002150                HAL_TIMEx_MasterConfigSynchronization
 .text.HAL_TIMEx_ConfigBreakDeadTime
                0x0800220c       0xa2 ./Drivers/STM32F1xx_HAL_Driver/Src/stm32f1xx_hal_tim_ex.o
                0x0800220c                HAL_TIMEx_ConfigBreakDeadTime
 .text.memset   0x080022ae       0x10 C:/ST/STM32CubeIDE_1.19.0/STM32CubeIDE/plugins/com.st.stm32cube.ide.mcu.externaltools.gnu-tools-for-stm32.13.3.rel1.win32_1.0.0.202411081344/tools/bin/../lib/gcc/arm-none-eabi/13.3.1/../../../../arm-none-eabi/lib/thumb/v7-m/nofp\libc_nano.a(libc_a-memset.o)
                0x080022ae                memset
 *fill*         0x080022be        0x2 
 .text.__libc_init_array
                0x080022c0       0x48 C:/ST/STM32CubeIDE_1.19.0/STM32CubeIDE/plugins/com.st.stm32cube.ide.mcu.externaltools.gnu-tools-for-stm32.13.3.rel1.win32_1.0.0.202411081344/tools/bin/../lib/gcc/arm-none-eabi/13.3.1/../../../../arm-none-eabi/lib/thumb/v7-m/nofp\libc_nano.a(libc_a-init.o)
                0x080022c0                __libc_init_array
 *(.glue_7)
 .glue_7        0x08002308        0x0 linker stubs
 *(.glue_7t)
 .glue_7t       0x08002308        0x0 linker stubs
 *(.eh_frame)
 .eh_frame      0x08002308        0x0 C:/ST/STM32CubeIDE_1.19.0/STM32CubeIDE/plugins/com.st.stm32cube.ide.mcu.externaltools.gnu-tools-for-stm32.13.3.rel1.win32_1.0.0.202411081344/tools/bin/../lib/gcc/arm-none-eabi/13.3.1/thumb/v7-m/nofp/crtbegin.o
 *(.init)
 .init          0x08002308        0x4 C:/ST/STM32CubeIDE_1.19.0/STM32CubeIDE/plugins/com.st.stm32cube.ide.mcu.externaltools.gnu-tools-for-stm32.13.3.rel1.win32_1.0.0.202411081344/tools/bin/../lib/gcc/arm-none-eabi/13.3.1/thumb/v7-m/nofp/crti.o
                0x08002308                _init
 .init          0x0800230c        0x8 C:/ST/STM32CubeIDE_1.19.0/STM32CubeIDE/plugins/com.st.stm32cube.ide.mcu.externaltools.gnu-tools-for-stm32.13.3.rel1.win32_1.0.0.202411081344/tools/bin/../lib/gcc/arm-none-eabi/13.3.1/thumb/v7-m/nofp/crtn.o
 *(.fini)
 .fini          0x08002314        0x4 C:/ST/STM32CubeIDE_1.19.0/STM32CubeIDE/plugins/com.st.stm32cube.ide.mcu.externaltools.gnu-tools-for-stm32.13.3.rel1.win32_1.0.0.202411081344/tools/bin/../lib/gcc/arm-none-eabi/13.3.1/thumb/v7-m/nofp/crti.o
                0x08002314                _fini
 .fini          0x08002318        0x8 C:/ST/STM32CubeIDE_1.19.0/STM32CubeIDE/plugins/com.st.stm32cube.ide.mcu.externaltools.gnu-tools-for-stm32.13.3.rel1.win32_1.0.0.202411081344/tools/bin/../lib/gcc/arm-none-eabi/13.3.1/thumb/v7-m/nofp/crtn.o
                0x08002320                        . = ALIGN (0x4)
                0x08002320                        _etext = .

.vfp11_veneer   0x08002320        0x0
 .vfp11_veneer  0x08002320        0x0 linker stubs

.v4_bx          0x08002320        0x0
 .v4_bx         0x08002320        0x0 linker stubs

.iplt           0x08002320        0x0
 .iplt          0x08002320        0x0 C:/ST/STM32CubeIDE_1.19.0/STM32CubeIDE/plugins/com.st.stm32cube.ide.mcu.externaltools.gnu-tools-for-stm32.13.3.rel1.win32_1.0.0.202411081344/tools/bin/../lib/gcc/arm-none-eabi/13.3.1/thumb/v7-m/nofp/crtbegin.o

.rodata         0x08002320       0x24
                0x08002320                        . = ALIGN (0x4)
 *(.rodata)
 *(.rodata*)
 .rodata.AHBPrescTable
                0x08002320       0x10 ./Core/Src/system_stm32f1xx.o
                0x08002320                AHBPrescTable
 .rodata.aPLLMULFactorTable.1
                0x08002330       0x10 ./Drivers/STM32F1xx_HAL_Driver/Src/stm32f1xx_hal_rcc.o
 .rodata.aPredivFactorTable.0
                0x08002340        0x2 ./Drivers/STM32F1xx_HAL_Driver/Src/stm32f1xx_hal_rcc.o
                0x08002344                        . = ALIGN (0x4)
 *fill*         0x08002342        0x2 

.ARM.extab      0x08002344        0x0
                0x08002344                        . = ALIGN (0x4)
 *(.ARM.extab* .gnu.linkonce.armextab.*)
                0x08002344                        . = ALIGN (0x4)

.ARM            0x08002344        0x0
                0x08002344                        . = ALIGN (0x4)
                0x08002344                        __exidx_start = .
 *(.ARM.exidx*)
                0x08002344                        __exidx_end = .
                0x08002344                        . = ALIGN (0x4)

.preinit_array  0x08002344        0x0
                0x08002344                        . = ALIGN (0x4)
                0x08002344                        PROVIDE (__preinit_array_start = .)
 *(.preinit_array*)
                0x08002344                        PROVIDE (__preinit_array_end = .)
                0x08002344                        . = ALIGN (0x4)

.init_array     0x08002344        0x4
                0x08002344                        . = ALIGN (0x4)
                0x08002344                        PROVIDE (__init_array_start = .)
 *(SORT_BY_NAME(.init_array.*))
 *(.init_array*)
 .init_array    0x08002344        0x4 C:/ST/STM32CubeIDE_1.19.0/STM32CubeIDE/plugins/com.st.stm32cube.ide.mcu.externaltools.gnu-tools-for-stm32.13.3.rel1.win32_1.0.0.202411081344/tools/bin/../lib/gcc/arm-none-eabi/13.3.1/thumb/v7-m/nofp/crtbegin.o
                0x08002348                        PROVIDE (__init_array_end = .)
                0x08002348                        . = ALIGN (0x4)

.fini_array     0x08002348        0x4
                0x08002348                        . = ALIGN (0x4)
                [!provide]                        PROVIDE (__fini_array_start = .)
 *(SORT_BY_NAME(.fini_array.*))
 *(.fini_array*)
 .fini_array    0x08002348        0x4 C:/ST/STM32CubeIDE_1.19.0/STM32CubeIDE/plugins/com.st.stm32cube.ide.mcu.externaltools.gnu-tools-for-stm32.13.3.rel1.win32_1.0.0.202411081344/tools/bin/../lib/gcc/arm-none-eabi/13.3.1/thumb/v7-m/nofp/crtbegin.o
                [!provide]                        PROVIDE (__fini_array_end = .)
                0x0800234c                        . = ALIGN (0x4)
                0x0800234c                        _sidata = LOADADDR (.data)

.rel.dyn        0x0800234c        0x0
 .rel.iplt      0x0800234c        0x0 C:/ST/STM32CubeIDE_1.19.0/STM32CubeIDE/plugins/com.st.stm32cube.ide.mcu.externaltools.gnu-tools-for-stm32.13.3.rel1.win32_1.0.0.202411081344/tools/bin/../lib/gcc/arm-none-eabi/13.3.1/thumb/v7-m/nofp/crtbegin.o

.data           0x20000000        0xc load address 0x0800234c
                0x20000000                        . = ALIGN (0x4)
                0x20000000                        _sdata = .
 *(.data)
 *(.data*)
 .data.SystemCoreClock
                0x20000000        0x4 ./Core/Src/system_stm32f1xx.o
                0x20000000                SystemCoreClock
 .data.uwTickPrio
                0x20000004        0x4 ./Drivers/STM32F1xx_HAL_Driver/Src/stm32f1xx_hal.o
                0x20000004                uwTickPrio
 .data.uwTickFreq
                0x20000008        0x1 ./Drivers/STM32F1xx_HAL_Driver/Src/stm32f1xx_hal.o
                0x20000008                uwTickFreq
 *(.RamFunc)
 *(.RamFunc*)
                0x2000000c                        . = ALIGN (0x4)
 *fill*         0x20000009        0x3 
                0x2000000c                        _edata = .

.igot.plt       0x2000000c        0x0 load address 0x08002358
 .igot.plt      0x2000000c        0x0 C:/ST/STM32CubeIDE_1.19.0/STM32CubeIDE/plugins/com.st.stm32cube.ide.mcu.externaltools.gnu-tools-for-stm32.13.3.rel1.win32_1.0.0.202411081344/tools/bin/../lib/gcc/arm-none-eabi/13.3.1/thumb/v7-m/nofp/crtbegin.o
                0x2000000c                        . = ALIGN (0x4)

.bss            0x2000000c       0x7c load address 0x08002358
                0x2000000c                        _sbss = .
                0x2000000c                        __bss_start__ = _sbss
 *(.bss)
 .bss           0x2000000c       0x1c C:/ST/STM32CubeIDE_1.19.0/STM32CubeIDE/plugins/com.st.stm32cube.ide.mcu.externaltools.gnu-tools-for-stm32.13.3.rel1.win32_1.0.0.202411081344/tools/bin/../lib/gcc/arm-none-eabi/13.3.1/thumb/v7-m/nofp/crtbegin.o
 *(.bss*)
 .bss.led       0x20000028        0x8 ./App/Src/app_main.o
 .bss.pwm       0x20000030        0xc ./App/Src/app_main.o
 .bss.htim1     0x2000003c       0x48 ./Core/Src/main.o
                0x2000003c                htim1
 .bss.uwTick    0x20000084        0x4 ./Drivers/STM32F1xx_HAL_Driver/Src/stm32f1xx_hal.o
                0x20000084                uwTick
 *(COMMON)
                0x20000088                        . = ALIGN (0x4)
                0x20000088                        _ebss = .
                0x20000088                        __bss_end__ = _ebss

._user_heap_stack
                0x20000088      0x600 load address 0x08002358
                0x20000088                        . = ALIGN (0x8)
                [!provide]                        PROVIDE (end = .)
                0x20000088                        PROVIDE (_end = .)
                0x20000288                        . = (. + _Min_Heap_Size)
 *fill*         0x20000088      0x200 
                0x20000688                        . = (. + _Min_Stack_Size)
 *fill*         0x20000288      0x400 
                0x20000688                        . = ALIGN (0x8)

/DISCARD/
 libc.a(*)
 libm.a(*)
 libgcc.a(*)

.ARM.attributes
                0x00000000       0x29
 *(.ARM.attributes)
 .ARM.attributes
                0x00000000       0x1d C:/ST/STM32CubeIDE_1.19.0/STM32CubeIDE/plugins/com.st.stm32cube.ide.mcu.externaltools.gnu-tools-for-stm32.13.3.rel1.win32_1.0.0.202411081344/tools/bin/../lib/gcc/arm-none-eabi/13.3.1/thumb/v7-m/nofp/crti.o
 .ARM.attributes
                0x0000001d       0x2d C:/ST/STM32CubeIDE_1.19.0/STM32CubeIDE/plugins/com.st.stm32cube.ide.mcu.externaltools.gnu-tools-for-stm32.13.3.rel1.win32_1.0.0.202411081344/tools/bin/../lib/gcc/arm-none-eabi/13.3.1/thumb/v7-m/nofp/crtbegin.o
 .ARM.attributes
                0x0000004a       0x2d ./App/Src/app_main.o
 .ARM.attributes
                0x00000077       0x2d ./App/Src/output.o
 .ARM.attributes
                0x000000a4       0x2d ./App/Src/pwm.o
 .ARM.attributes
                0x000000d1       0x2d ./Core/Src/main.o
 .ARM.attributes
                0x000000fe       0x2d ./Core/Src/stm32f1xx_hal_msp.o
 .ARM.attributes
                0x0000012b       0x2d ./Core/Src/stm32f1xx_it.o
 .ARM.attributes
                0x00000158       0x2d ./Core/Src/system_stm32f1xx.o
 .ARM.attributes
                0x00000185       0x21 ./Core/Startup/startup_stm32f103c8tx.o
 .ARM.attributes
                0x000001a6       0x2d ./Drivers/STM32F1xx_HAL_Driver/Src/stm32f1xx_hal.o
 .ARM.attributes
                0x000001d3       0x2d ./Drivers/STM32F1xx_HAL_Driver/Src/stm32f1xx_hal_cortex.o
 .ARM.attributes
                0x00000200       0x2d ./Drivers/STM32F1xx_HAL_Driver/Src/stm32f1xx_hal_gpio.o
 .ARM.attributes
                0x0000022d       0x2d ./Drivers/STM32F1xx_HAL_Driver/Src/stm32f1xx_hal_rcc.o
 .ARM.attributes
                0x0000025a       0x2d ./Drivers/STM32F1xx_HAL_Driver/Src/stm32f1xx_hal_tim.o
 .ARM.attributes
                0x00000287       0x2d ./Drivers/STM32F1xx_HAL_Driver/Src/stm32f1xx_hal_tim_ex.o
 .ARM.attributes
                0x000002b4       0x2d C:/ST/STM32CubeIDE_1.19.0/STM32CubeIDE/plugins/com.st.stm32cube.ide.mcu.externaltools.gnu-tools-for-stm32.13.3.rel1.win32_1.0.0.202411081344/tools/bin/../lib/gcc/arm-none-eabi/13.3.1/../../../../arm-none-eabi/lib/thumb/v7-m/nofp\libc_nano.a(libc_a-memset.o)
 .ARM.attributes
                0x000002e1       0x2d C:/ST/STM32CubeIDE_1.19.0/STM32CubeIDE/plugins/com.st.stm32cube.ide.mcu.externaltools.gnu-tools-for-stm32.13.3.rel1.win32_1.0.0.202411081344/tools/bin/../lib/gcc/arm-none-eabi/13.3.1/../../../../arm-none-eabi/lib/thumb/v7-m/nofp\libc_nano.a(libc_a-init.o)
 .ARM.attributes
                0x0000030e       0x1d C:/ST/STM32CubeIDE_1.19.0/STM32CubeIDE/plugins/com.st.stm32cube.ide.mcu.externaltools.gnu-tools-for-stm32.13.3.rel1.win32_1.0.0.202411081344/tools/bin/../lib/gcc/arm-none-eabi/13.3.1/thumb/v7-m/nofp/crtn.o
OUTPUT(f103c8t6.elf elf32-littlearm)
LOAD linker stubs
LOAD C:/ST/STM32CubeIDE_1.19.0/STM32CubeIDE/plugins/com.st.stm32cube.ide.mcu.externaltools.gnu-tools-for-stm32.13.3.rel1.win32_1.0.0.202411081344/tools/bin/../lib/gcc/arm-none-eabi/13.3.1/../../../../arm-none-eabi/lib/thumb/v7-m/nofp\libc.a
LOAD C:/ST/STM32CubeIDE_1.19.0/STM32CubeIDE/plugins/com.st.stm32cube.ide.mcu.externaltools.gnu-tools-for-stm32.13.3.rel1.win32_1.0.0.202411081344/tools/bin/../lib/gcc/arm-none-eabi/13.3.1/../../../../arm-none-eabi/lib/thumb/v7-m/nofp\libm.a
LOAD C:/ST/STM32CubeIDE_1.19.0/STM32CubeIDE/plugins/com.st.stm32cube.ide.mcu.externaltools.gnu-tools-for-stm32.13.3.rel1.win32_1.0.0.202411081344/tools/bin/../lib/gcc/arm-none-eabi/13.3.1/thumb/v7-m/nofp\libgcc.a

.debug_info     0x00000000     0x83c7
 .debug_info    0x00000000      0x81c ./App/Src/app_main.o
 .debug_info    0x0000081c      0x2af ./App/Src/output.o
 .debug_info    0x00000acb      0x2b3 ./App/Src/pwm.o
 .debug_info    0x00000d7e      0xd01 ./Core/Src/main.o
 .debug_info    0x00001a7f      0x8e4 ./Core/Src/stm32f1xx_hal_msp.o
 .debug_info    0x00002363      0x113 ./Core/Src/stm32f1xx_it.o
 .debug_info    0x00002476      0x222 ./Core/Src/system_stm32f1xx.o
 .debug_info    0x00002698       0x30 ./Core/Startup/startup_stm32f103c8tx.o
 .debug_info    0x000026c8      0x704 ./Drivers/STM32F1xx_HAL_Driver/Src/stm32f1xx_hal.o
 .debug_info    0x00002dcc      0xa87 ./Drivers/STM32F1xx_HAL_Driver/Src/stm32f1xx_hal_cortex.o
 .debug_info    0x00003853      0x5ab ./Drivers/STM32F1xx_HAL_Driver/Src/stm32f1xx_hal_gpio.o
 .debug_info    0x00003dfe      0x7d5 ./Drivers/STM32F1xx_HAL_Driver/Src/stm32f1xx_hal_rcc.o
 .debug_info    0x000045d3     0x2959 ./Drivers/STM32F1xx_HAL_Driver/Src/stm32f1xx_hal_tim.o
 .debug_info    0x00006f2c     0x149b ./Drivers/STM32F1xx_HAL_Driver/Src/stm32f1xx_hal_tim_ex.o

.debug_abbrev   0x00000000     0x18df
 .debug_abbrev  0x00000000      0x1c1 ./App/Src/app_main.o
 .debug_abbrev  0x000001c1      0x16d ./App/Src/output.o
 .debug_abbrev  0x0000032e      0x12e ./App/Src/pwm.o
 .debug_abbrev  0x0000045c      0x26f ./Core/Src/main.o
 .debug_abbrev  0x000006cb      0x1cf ./Core/Src/stm32f1xx_hal_msp.o
 .debug_abbrev  0x0000089a       0x73 ./Core/Src/stm32f1xx_it.o
 .debug_abbrev  0x0000090d      0x13f ./Core/Src/system_stm32f1xx.o
 .debug_abbrev  0x00000a4c       0x24 ./Core/Startup/startup_stm32f103c8tx.o
 .debug_abbrev  0x00000a70      0x201 ./Drivers/STM32F1xx_HAL_Driver/Src/stm32f1xx_hal.o
 .debug_abbrev  0x00000c71      0x2f8 ./Drivers/STM32F1xx_HAL_Driver/Src/stm32f1xx_hal_cortex.o
 .debug_abbrev  0x00000f69      0x1ca ./Drivers/STM32F1xx_HAL_Driver/Src/stm32f1xx_hal_gpio.o
 .debug_abbrev  0x00001133      0x2b3 ./Drivers/STM32F1xx_HAL_Driver/Src/stm32f1xx_hal_rcc.o
 .debug_abbrev  0x000013e6      0x277 ./Drivers/STM32F1xx_HAL_Driver/Src/stm32f1xx_hal_tim.o
 .debug_abbrev  0x0000165d      0x282 ./Drivers/STM32F1xx_HAL_Driver/Src/stm32f1xx_hal_tim_ex.o

.debug_aranges  0x00000000      0x9b8
 .debug_aranges
                0x00000000       0x28 ./App/Src/app_main.o
 .debug_aranges
                0x00000028       0x38 ./App/Src/output.o
 .debug_aranges
                0x00000060       0x30 ./App/Src/pwm.o
 .debug_aranges
                0x00000090       0x40 ./Core/Src/main.o
 .debug_aranges
                0x000000d0       0x38 ./Core/Src/stm32f1xx_hal_msp.o
 .debug_aranges
                0x00000108       0x60 ./Core/Src/stm32f1xx_it.o
 .debug_aranges
                0x00000168       0x28 ./Core/Src/system_stm32f1xx.o
 .debug_aranges
                0x00000190       0x28 ./Core/Startup/startup_stm32f103c8tx.o
 .debug_aranges
                0x000001b8       0xe0 ./Drivers/STM32F1xx_HAL_Driver/Src/stm32f1xx_hal.o
 .debug_aranges
                0x00000298      0x100 ./Drivers/STM32F1xx_HAL_Driver/Src/stm32f1xx_hal_cortex.o
 .debug_aranges
                0x00000398       0x58 ./Drivers/STM32F1xx_HAL_Driver/Src/stm32f1xx_hal_gpio.o
 .debug_aranges
                0x000003f0       0x90 ./Drivers/STM32F1xx_HAL_Driver/Src/stm32f1xx_hal_rcc.o
 .debug_aranges
                0x00000480      0x3d0 ./Drivers/STM32F1xx_HAL_Driver/Src/stm32f1xx_hal_tim.o
 .debug_aranges
                0x00000850      0x168 ./Drivers/STM32F1xx_HAL_Driver/Src/stm32f1xx_hal_tim_ex.o

.debug_rnglists
                0x00000000      0x76e
 .debug_rnglists
                0x00000000       0x19 ./App/Src/app_main.o
 .debug_rnglists
                0x00000019       0x25 ./App/Src/output.o
 .debug_rnglists
                0x0000003e       0x1f ./App/Src/pwm.o
 .debug_rnglists
                0x0000005d       0x2e ./Core/Src/main.o
 .debug_rnglists
                0x0000008b       0x25 ./Core/Src/stm32f1xx_hal_msp.o
 .debug_rnglists
                0x000000b0       0x43 ./Core/Src/stm32f1xx_it.o
 .debug_rnglists
                0x000000f3       0x1a ./Core/Src/system_stm32f1xx.o
 .debug_rnglists
                0x0000010d       0x19 ./Core/Startup/startup_stm32f103c8tx.o
 .debug_rnglists
                0x00000126       0xa3 ./Drivers/STM32F1xx_HAL_Driver/Src/stm32f1xx_hal.o
 .debug_rnglists
                0x000001c9       0xbb ./Drivers/STM32F1xx_HAL_Driver/Src/stm32f1xx_hal_cortex.o
 .debug_rnglists
                0x00000284       0x3f ./Drivers/STM32F1xx_HAL_Driver/Src/stm32f1xx_hal_gpio.o
 .debug_rnglists
                0x000002c3       0x6c ./Drivers/STM32F1xx_HAL_Driver/Src/stm32f1xx_hal_rcc.o
 .debug_rnglists
                0x0000032f      0x31a ./Drivers/STM32F1xx_HAL_Driver/Src/stm32f1xx_hal_tim.o
 .debug_rnglists
                0x00000649      0x125 ./Drivers/STM32F1xx_HAL_Driver/Src/stm32f1xx_hal_tim_ex.o

.debug_macro    0x00000000    0x16bd8
 .debug_macro   0x00000000      0x1d3 ./App/Src/app_main.o
 .debug_macro   0x000001d3      0xacc ./App/Src/app_main.o
 .debug_macro   0x00000c9f       0x22 ./App/Src/app_main.o
 .debug_macro   0x00000cc1       0x8e ./App/Src/app_main.o
 .debug_macro   0x00000d4f       0x51 ./App/Src/app_main.o
 .debug_macro   0x00000da0      0x103 ./App/Src/app_main.o
 .debug_macro   0x00000ea3       0x6a ./App/Src/app_main.o
 .debug_macro   0x00000f0d      0x1df ./App/Src/app_main.o
 .debug_macro   0x000010ec       0x22 ./App/Src/app_main.o
 .debug_macro   0x0000110e       0x2e ./App/Src/app_main.o
 .debug_macro   0x0000113c       0x22 ./App/Src/app_main.o
 .debug_macro   0x0000115e       0x1c ./App/Src/app_main.o
 .debug_macro   0x0000117a       0x22 ./App/Src/app_main.o
 .debug_macro   0x0000119c       0xbd ./App/Src/app_main.o
 .debug_macro   0x00001259      0xd23 ./App/Src/app_main.o
 .debug_macro   0x00001f7c     0xe09e ./App/Src/app_main.o
 .debug_macro   0x0001001a       0x6d ./App/Src/app_main.o
 .debug_macro   0x00010087      0x215 ./App/Src/app_main.o
 .debug_macro   0x0001029c     0x34a2 ./App/Src/app_main.o
 .debug_macro   0x0001373e      0x190 ./App/Src/app_main.o
 .debug_macro   0x000138ce       0x5c ./App/Src/app_main.o
 .debug_macro   0x0001392a      0x5bc ./App/Src/app_main.o
 .debug_macro   0x00013ee6      0x289 ./App/Src/app_main.o
 .debug_macro   0x0001416f      0x1cb ./App/Src/app_main.o
 .debug_macro   0x0001433a      0x114 ./App/Src/app_main.o
 .debug_macro   0x0001444e      0x1b2 ./App/Src/app_main.o
 .debug_macro   0x00014600       0x27 ./App/Src/app_main.o
 .debug_macro   0x00014627      0x136 ./App/Src/app_main.o
 .debug_macro   0x0001475d      0x1bc ./App/Src/app_main.o
 .debug_macro   0x00014919       0x34 ./App/Src/app_main.o
 .debug_macro   0x0001494d       0x3c ./App/Src/app_main.o
 .debug_macro   0x00014989       0x57 ./App/Src/app_main.o
 .debug_macro   0x000149e0       0x87 ./App/Src/app_main.o
 .debug_macro   0x00014a67      0x240 ./App/Src/app_main.o
 .debug_macro   0x00014ca7      0x140 ./App/Src/app_main.o
 .debug_macro   0x00014de7      0x8ed ./App/Src/app_main.o
 .debug_macro   0x000156d4       0x83 ./App/Src/app_main.o
 .debug_macro   0x00015757       0x16 ./App/Src/app_main.o
 .debug_macro   0x0001576d      0x1bf ./App/Src/output.o
 .debug_macro   0x0001592c      0x1bf ./App/Src/pwm.o
 .debug_macro   0x00015aeb      0x1b2 ./Core/Src/main.o
 .debug_macro   0x00015c9d       0x10 ./Core/Src/main.o
 .debug_macro   0x00015cad      0x1a8 ./Core/Src/stm32f1xx_hal_msp.o
 .debug_macro   0x00015e55      0x1b2 ./Core/Src/stm32f1xx_it.o
 .debug_macro   0x00016007      0x199 ./Core/Src/system_stm32f1xx.o
 .debug_macro   0x000161a0      0x1bd ./Drivers/STM32F1xx_HAL_Driver/Src/stm32f1xx_hal.o
 .debug_macro   0x0001635d      0x199 ./Drivers/STM32F1xx_HAL_Driver/Src/stm32f1xx_hal_cortex.o
 .debug_macro   0x000164f6      0x204 ./Drivers/STM32F1xx_HAL_Driver/Src/stm32f1xx_hal_gpio.o
 .debug_macro   0x000166fa      0x1ab ./Drivers/STM32F1xx_HAL_Driver/Src/stm32f1xx_hal_rcc.o
 .debug_macro   0x000168a5      0x19a ./Drivers/STM32F1xx_HAL_Driver/Src/stm32f1xx_hal_tim.o
 .debug_macro   0x00016a3f      0x199 ./Drivers/STM32F1xx_HAL_Driver/Src/stm32f1xx_hal_tim_ex.o

.debug_line     0x00000000     0xaf40
 .debug_line    0x00000000      0x73e ./App/Src/app_main.o
 .debug_line    0x0000073e      0x75d ./App/Src/output.o
 .debug_line    0x00000e9b      0x756 ./App/Src/pwm.o
 .debug_line    0x000015f1      0x88e ./Core/Src/main.o
 .debug_line    0x00001e7f      0x749 ./Core/Src/stm32f1xx_hal_msp.o
 .debug_line    0x000025c8      0x793 ./Core/Src/stm32f1xx_it.o
 .debug_line    0x00002d5b      0x763 ./Core/Src/system_stm32f1xx.o
 .debug_line    0x000034be       0x78 ./Core/Startup/startup_stm32f103c8tx.o
 .debug_line    0x00003536      0x994 ./Drivers/STM32F1xx_HAL_Driver/Src/stm32f1xx_hal.o
 .debug_line    0x00003eca      0xb5e ./Drivers/STM32F1xx_HAL_Driver/Src/stm32f1xx_hal_cortex.o
 .debug_line    0x00004a28      0x9f1 ./Drivers/STM32F1xx_HAL_Driver/Src/stm32f1xx_hal_gpio.o
 .debug_line    0x00005419      0xe4d ./Drivers/STM32F1xx_HAL_Driver/Src/stm32f1xx_hal_rcc.o
 .debug_line    0x00006266     0x3482 ./Drivers/STM32F1xx_HAL_Driver/Src/stm32f1xx_hal_tim.o
 .debug_line    0x000096e8     0x1858 ./Drivers/STM32F1xx_HAL_Driver/Src/stm32f1xx_hal_tim_ex.o

.debug_str      0x00000000    0x843a3
 .debug_str     0x00000000    0x843a3 ./App/Src/app_main.o
                              0x820fa (size before relaxing)
 .debug_str     0x000843a3    0x81c19 ./App/Src/output.o
 .debug_str     0x000843a3    0x81ba4 ./App/Src/pwm.o
 .debug_str     0x000843a3    0x824bb ./Core/Src/main.o
 .debug_str     0x000843a3    0x820a4 ./Core/Src/stm32f1xx_hal_msp.o
 .debug_str     0x000843a3    0x81b51 ./Core/Src/stm32f1xx_it.o
 .debug_str     0x000843a3    0x81b3f ./Core/Src/system_stm32f1xx.o
 .debug_str     0x000843a3       0x68 ./Core/Startup/startup_stm32f103c8tx.o
 .debug_str     0x000843a3    0x82272 ./Drivers/STM32F1xx_HAL_Driver/Src/stm32f1xx_hal.o
 .debug_str     0x000843a3    0x821be ./Drivers/STM32F1xx_HAL_Driver/Src/stm32f1xx_hal_cortex.o
 .debug_str     0x000843a3    0x81ec5 ./Drivers/STM32F1xx_HAL_Driver/Src/stm32f1xx_hal_gpio.o
 .debug_str     0x000843a3    0x81f6e ./Drivers/STM32F1xx_HAL_Driver/Src/stm32f1xx_hal_rcc.o
 .debug_str     0x000843a3    0x82f70 ./Drivers/STM32F1xx_HAL_Driver/Src/stm32f1xx_hal_tim.o
 .debug_str     0x000843a3    0x8277c ./Drivers/STM32F1xx_HAL_Driver/Src/stm32f1xx_hal_tim_ex.o

.comment        0x00000000       0x43
 .comment       0x00000000       0x43 ./App/Src/app_main.o
                                 0x44 (size before relaxing)
 .comment       0x00000043       0x44 ./App/Src/output.o
 .comment       0x00000043       0x44 ./App/Src/pwm.o
 .comment       0x00000043       0x44 ./Core/Src/main.o
 .comment       0x00000043       0x44 ./Core/Src/stm32f1xx_hal_msp.o
 .comment       0x00000043       0x44 ./Core/Src/stm32f1xx_it.o
 .comment       0x00000043       0x44 ./Core/Src/system_stm32f1xx.o
 .comment       0x00000043       0x44 ./Drivers/STM32F1xx_HAL_Driver/Src/stm32f1xx_hal.o
 .comment       0x00000043       0x44 ./Drivers/STM32F1xx_HAL_Driver/Src/stm32f1xx_hal_cortex.o
 .comment       0x00000043       0x44 ./Drivers/STM32F1xx_HAL_Driver/Src/stm32f1xx_hal_gpio.o
 .comment       0x00000043       0x44 ./Drivers/STM32F1xx_HAL_Driver/Src/stm32f1xx_hal_rcc.o
 .comment       0x00000043       0x44 ./Drivers/STM32F1xx_HAL_Driver/Src/stm32f1xx_hal_tim.o
 .comment       0x00000043       0x44 ./Drivers/STM32F1xx_HAL_Driver/Src/stm32f1xx_hal_tim_ex.o

.debug_frame    0x00000000     0x2724
 .debug_frame   0x00000000       0x48 ./App/Src/app_main.o
 .debug_frame   0x00000048       0xa0 ./App/Src/output.o
 .debug_frame   0x000000e8       0x88 ./App/Src/pwm.o
 .debug_frame   0x00000170       0xb0 ./Core/Src/main.o
 .debug_frame   0x00000220       0xac ./Core/Src/stm32f1xx_hal_msp.o
 .debug_frame   0x000002cc      0x104 ./Core/Src/stm32f1xx_it.o
 .debug_frame   0x000003d0       0x58 ./Core/Src/system_stm32f1xx.o
 .debug_frame   0x00000428      0x334 ./Drivers/STM32F1xx_HAL_Driver/Src/stm32f1xx_hal.o
 .debug_frame   0x0000075c      0x428 ./Drivers/STM32F1xx_HAL_Driver/Src/stm32f1xx_hal_cortex.o
 .debug_frame   0x00000b84      0x14c ./Drivers/STM32F1xx_HAL_Driver/Src/stm32f1xx_hal_gpio.o
 .debug_frame   0x00000cd0      0x218 ./Drivers/STM32F1xx_HAL_Driver/Src/stm32f1xx_hal_rcc.o
 .debug_frame   0x00000ee8     0x11b8 ./Drivers/STM32F1xx_HAL_Driver/Src/stm32f1xx_hal_tim.o
 .debug_frame   0x000020a0      0x638 ./Drivers/STM32F1xx_HAL_Driver/Src/stm32f1xx_hal_tim_ex.o
 .debug_frame   0x000026d8       0x20 C:/ST/STM32CubeIDE_1.19.0/STM32CubeIDE/plugins/com.st.stm32cube.ide.mcu.externaltools.gnu-tools-for-stm32.13.3.rel1.win32_1.0.0.202411081344/tools/bin/../lib/gcc/arm-none-eabi/13.3.1/../../../../arm-none-eabi/lib/thumb/v7-m/nofp\libc_nano.a(libc_a-memset.o)
 .debug_frame   0x000026f8       0x2c C:/ST/STM32CubeIDE_1.19.0/STM32CubeIDE/plugins/com.st.stm32cube.ide.mcu.externaltools.gnu-tools-for-stm32.13.3.rel1.win32_1.0.0.202411081344/tools/bin/../lib/gcc/arm-none-eabi/13.3.1/../../../../arm-none-eabi/lib/thumb/v7-m/nofp\libc_nano.a(libc_a-init.o)

.debug_line_str
                0x00000000       0x4c
 .debug_line_str
                0x00000000       0x4c ./Core/Startup/startup_stm32f103c8tx.o
