2026-03-30 22:27:45,748 [INFO] Activator:176 - 


2026-03-30 22:27:45,748 [INFO] Activator:177 - !SESSION log4j initialized
2026-03-30 22:27:51,951 [INFO] LogOutputStream:77 - [STDOUT_REDIRECT] 
2026-03-30 22:27:55,166 [INFO] ApplicationProperties:184 - Using Application install path: C:\ST\STM32CubeIDE_1.19.0\STM32CubeIDE\plugins\com.st.stm32cube.common.mx_6.15.0.202507011659
2026-03-30 22:27:55,195 [INFO] DbMcusXml:78 - Set database path to: C:\ST\STM32CubeIDE_1.19.0\STM32CubeIDE\plugins\com.st.stm32cube.common.mx_6.15.0.202507011659\\db\/mcu/
2026-03-30 22:27:55,195 [INFO] ApiDb:274 - Set plugin database path to: C:\ST\STM32CubeIDE_1.19.0\STM32CubeIDE\plugins\com.st.stm32cube.common.mx_6.15.0.202507011659\\db\/plugins/boardmanager/
2026-03-30 22:27:55,195 [WARN] ApiDb:259 - Overriding images path with different value:  => C:\ST\STM32CubeIDE_1.19.0\STM32CubeIDE\plugins\com.st.stm32cube.common.mx_6.15.0.202507011659\\db\/plugins/mcufinder/images/
2026-03-30 22:27:55,211 [INFO] ApiDb:250 - Set database path to: C:\Users\LeeJooHo\.stmcufinder\plugins\mcufinder//mcu/
2026-03-30 22:27:55,214 [INFO] DbMcusAds:125 - Set database path to: C:\Users\LeeJooHo\.stmcufinder\plugins\mcufinder//mcu/
2026-03-30 22:27:55,218 [INFO] CrossReferenceDbSqlite:203 - Set database path to: C:\Users\LeeJooHo\.stmcufinder\plugins\mcufinder//mcu/cs/
2026-03-30 22:27:55,384 [INFO] RulesReader:64 - Compatibility file has been processed (317 Rules)
2026-03-30 22:27:55,494 [INFO] DbMcusXml:78 - Set database path to: C:\ST\STM32CubeIDE_1.19.0\STM32CubeIDE\plugins\com.st.stm32cube.common.mx_6.15.0.202507011659\\db\/mcu/
2026-03-30 22:27:55,494 [INFO] ApiDb:274 - Set plugin database path to: C:\ST\STM32CubeIDE_1.19.0\STM32CubeIDE\plugins\com.st.stm32cube.common.mx_6.15.0.202507011659\\db\/plugins/boardmanager/
2026-03-30 22:27:55,494 [INFO] ApiDb:261 - Set plugin images path to: C:\ST\STM32CubeIDE_1.19.0\STM32CubeIDE\plugins\com.st.stm32cube.common.mx_6.15.0.202507011659\\db\/plugins/mcufinder/images/
2026-03-30 22:27:55,494 [WARN] DbFile:41 - Overriding database path with different value: C:\Users\LeeJooHo\.stmcufinder\plugins\mcufinder/ => C:\Users\LeeJooHo\.stmcufinder\plugins\mcufinder
2026-03-30 22:27:55,494 [INFO] ApiDb:250 - Set database path to: C:\Users\LeeJooHo\.stmcufinder\plugins\mcufinder//mcu/
2026-03-30 22:27:55,494 [WARN] DbFile:41 - Overriding database path with different value: C:\Users\LeeJooHo\.stmcufinder\plugins\mcufinder/ => C:\Users\LeeJooHo\.stmcufinder\plugins\mcufinder
2026-03-30 22:27:55,494 [INFO] DbMcusAds:125 - Set database path to: C:\Users\LeeJooHo\.stmcufinder\plugins\mcufinder//mcu/
2026-03-30 22:27:55,495 [WARN] DbFile:41 - Overriding database path with different value: C:\Users\LeeJooHo\.stmcufinder\plugins\mcufinder/ => C:\Users\LeeJooHo\.stmcufinder\plugins\mcufinder
2026-03-30 22:27:55,495 [WARN] DbFile:41 - Overriding database path with different value: C:\Users\LeeJooHo\.stmcufinder\plugins\mcufinder/ => C:\Users\LeeJooHo\.stmcufinder\plugins\mcufinder
2026-03-30 22:27:55,495 [INFO] CrossReferenceDbSqlite:203 - Set database path to: C:\Users\LeeJooHo\.stmcufinder\plugins\mcufinder//mcu/cs/
2026-03-30 22:27:55,593 [INFO] MainPanel:274 - HeapMemory: 268435456
2026-03-30 22:27:55,768 [INFO] DbMcusXml:78 - Set database path to: C:\ST\STM32CubeIDE_1.19.0\STM32CubeIDE\plugins\com.st.stm32cube.common.mx_6.15.0.202507011659\\db\/mcu/
2026-03-30 22:27:55,768 [INFO] ApiDb:274 - Set plugin database path to: C:\ST\STM32CubeIDE_1.19.0\STM32CubeIDE\plugins\com.st.stm32cube.common.mx_6.15.0.202507011659\\db\/plugins/boardmanager/
2026-03-30 22:27:55,768 [INFO] ApiDb:261 - Set plugin images path to: C:\ST\STM32CubeIDE_1.19.0\STM32CubeIDE\plugins\com.st.stm32cube.common.mx_6.15.0.202507011659\\db\/plugins/mcufinder/images/
2026-03-30 22:27:55,769 [WARN] DbFile:41 - Overriding database path with different value: C:\Users\LeeJooHo\.stmcufinder\plugins\mcufinder/ => C:\Users\LeeJooHo\.stmcufinder\plugins\mcufinder
2026-03-30 22:27:55,770 [INFO] ApiDb:250 - Set database path to: C:\Users\LeeJooHo\.stmcufinder\plugins\mcufinder//mcu/
2026-03-30 22:27:55,770 [WARN] DbFile:41 - Overriding database path with different value: C:\Users\LeeJooHo\.stmcufinder\plugins\mcufinder/ => C:\Users\LeeJooHo\.stmcufinder\plugins\mcufinder
2026-03-30 22:27:55,770 [INFO] DbMcusAds:125 - Set database path to: C:\Users\LeeJooHo\.stmcufinder\plugins\mcufinder//mcu/
2026-03-30 22:27:55,770 [WARN] DbFile:41 - Overriding database path with different value: C:\Users\LeeJooHo\.stmcufinder\plugins\mcufinder/ => C:\Users\LeeJooHo\.stmcufinder\plugins\mcufinder
2026-03-30 22:27:55,770 [WARN] DbFile:41 - Overriding database path with different value: C:\Users\LeeJooHo\.stmcufinder\plugins\mcufinder/ => C:\Users\LeeJooHo\.stmcufinder\plugins\mcufinder
2026-03-30 22:27:55,770 [INFO] CrossReferenceDbSqlite:203 - Set database path to: C:\Users\LeeJooHo\.stmcufinder\plugins\mcufinder//mcu/cs/
2026-03-30 22:27:55,800 [INFO] ApplicationProperties:184 - Using Application install path: C:\ST\STM32CubeIDE_1.19.0\STM32CubeIDE\plugins\com.st.stm32cube.common.mx_6.15.0.202507011659
2026-03-30 22:27:55,801 [INFO] PluginManage:196 - Search for loadable plugins [exclusion list=, ]
2026-03-30 22:27:55,804 [INFO] PluginManage:310 - Check plugin analytics
2026-03-30 22:27:56,048 [INFO] AnalyticsPlugin:253 - Accepted Software Licenses: STM32CubeMX.6.16.1
2026-03-30 22:27:56,049 [INFO] AnalyticsPlugin:255 - Accepted CMSIS Pack Licenses: 
2026-03-30 22:27:56,049 [INFO] AnalyticsPlugin:257 - Accepted Firmware Licenses: FW.F4.1.28.0
2026-03-30 22:27:56,053 [INFO] PluginManage:359 - Loaded plugin analytics (category:tool,tabindex:-1)
2026-03-30 22:27:56,053 [INFO] PluginManage:310 - Check plugin cadmodel
2026-03-30 22:27:56,064 [INFO] CADModel:105 - Init CAD model plugin
2026-03-30 22:27:56,064 [INFO] PluginManage:359 - Loaded plugin cadmodel (category:power,tabindex:5)
2026-03-30 22:27:56,064 [INFO] PluginManage:310 - Check plugin clock
2026-03-30 22:27:56,077 [INFO] PluginManage:359 - Loaded plugin clock (category:base,tabindex:2)
2026-03-30 22:27:56,077 [INFO] PluginManage:310 - Check plugin ddr
2026-03-30 22:27:56,080 [INFO] PluginManage:359 - Loaded plugin ddr (category:tool,tabindex:6)
2026-03-30 22:27:56,080 [INFO] PluginManage:310 - Check plugin filemanager
2026-03-30 22:27:56,262 [INFO] PluginManage:359 - Loaded plugin filemanager (category:base,tabindex:10)
2026-03-30 22:27:56,262 [INFO] PluginManage:310 - Check plugin ipmanager
2026-03-30 22:27:56,270 [INFO] PluginManage:359 - Loaded plugin ipmanager (category:base,tabindex:5)
2026-03-30 22:27:56,271 [INFO] PluginManage:310 - Check plugin lpbam
2026-03-30 22:27:56,282 [INFO] PluginManage:359 - Loaded plugin lpbam (category:base,tabindex:0)
2026-03-30 22:27:56,282 [INFO] PluginManage:310 - Check plugin memorymap
2026-03-30 22:27:56,305 [INFO] PluginManage:359 - Loaded plugin memorymap (category:base,tabindex:4)
2026-03-30 22:27:56,305 [INFO] PluginManage:310 - Check plugin pinoutandconfiguration
2026-03-30 22:27:56,317 [INFO] PluginManage:359 - Loaded plugin pinoutandconfiguration (category:base,tabindex:1)
2026-03-30 22:27:56,317 [INFO] PluginManage:310 - Check plugin pinoutconfig
2026-03-30 22:27:56,431 [WARN] SupportedApi:132 - Cannot load RTOS API schema: s4s-elt-must-match.1: The content of 'definitions' must match (annotation?, (simpleType | complexType)?, (unique | key | keyref)*)). A problem was found starting at: attribute.
2026-03-30 22:27:56,599 [INFO] PluginManage:359 - Loaded plugin pinoutconfig (category:base,tabindex:0)
2026-03-30 22:27:56,600 [INFO] PluginManage:310 - Check plugin power
2026-03-30 22:27:56,612 [INFO] PluginManage:359 - Loaded plugin power (category:power,tabindex:4)
2026-03-30 22:27:56,613 [INFO] PluginManage:310 - Check plugin projectmanager
2026-03-30 22:27:56,630 [INFO] PluginManage:359 - Loaded plugin projectmanager (category:projectmanager,tabindex:4)
2026-03-30 22:27:56,630 [INFO] PluginManage:310 - Check plugin rif
2026-03-30 22:27:56,645 [INFO] PluginManage:359 - Loaded plugin rif (category:base,tabindex:3)
2026-03-30 22:27:56,645 [INFO] PluginManage:310 - Check plugin thirdparty
2026-03-30 22:27:56,863 [INFO] PluginManage:359 - Loaded plugin thirdparty (category:base,tabindex:-1)
2026-03-30 22:27:56,864 [INFO] PluginManage:310 - Check plugin tools
2026-03-30 22:27:56,868 [INFO] PluginManage:359 - Loaded plugin tools (category:base,tabindex:7)
2026-03-30 22:27:56,868 [INFO] PluginManage:310 - Check plugin tutovideos
2026-03-30 22:27:56,883 [WARN] IntegrityCheckThread:84 - waiting for thirdparty lock release [integrity check]
2026-03-30 22:27:56,883 [INFO] IntegrityCheckThread:86 - entering critical section [integrity check]
2026-03-30 22:27:56,883 [INFO] ThirdPartyUpdaterWithRetryManager:70 - Updater plugin not ready yet. [1/15]
2026-03-30 22:27:57,168 [INFO] PluginManage:359 - Loaded plugin tutovideos (category:base,tabindex:-1)
2026-03-30 22:27:57,168 [INFO] PluginManage:310 - Check plugin updater
2026-03-30 22:27:57,190 [INFO] PluginManage:359 - Loaded plugin updater (category:base,tabindex:12)
2026-03-30 22:27:57,190 [INFO] PluginManage:310 - Check plugin userauth
2026-03-30 22:27:57,194 [INFO] UserAuth:118 - Init User Auth plugin
2026-03-30 22:27:57,195 [INFO] PluginManage:359 - Loaded plugin userauth (category:base,tabindex:14)
2026-03-30 22:27:57,196 [INFO] PluginManage:283 - PluginManage : Loaded plugins [18]
2026-03-30 22:27:57,516 [INFO] PinOutPanel:1589 - setPackage(No Configuration,No Configuration)
2026-03-30 22:27:57,664 [INFO] CADModel:165 - CPN selected for project level
2026-03-30 22:27:57,664 [INFO] CADModel:114 - Register for checkConnection events
2026-03-30 22:27:57,685 [INFO] IPUIPlugin:80 - create IPUIPlugin
2026-03-30 22:27:57,685 [INFO] PluginManager:220 - loadIPPluginJar : add adc
2026-03-30 22:27:57,689 [INFO] IPUIPlugin:80 - create IPUIPlugin
2026-03-30 22:27:57,689 [INFO] PluginManager:220 - loadIPPluginJar : add aes
2026-03-30 22:27:57,693 [INFO] IPUIPlugin:80 - create IPUIPlugin
2026-03-30 22:27:57,693 [INFO] PluginManager:220 - loadIPPluginJar : add can
2026-03-30 22:27:57,695 [INFO] IPUIPlugin:80 - create IPUIPlugin
2026-03-30 22:27:57,695 [INFO] PluginManager:220 - loadIPPluginJar : add comp
2026-03-30 22:27:57,698 [INFO] IPUIPlugin:80 - create IPUIPlugin
2026-03-30 22:27:57,698 [INFO] PluginManager:220 - loadIPPluginJar : add cryp
2026-03-30 22:27:57,702 [INFO] IPUIPlugin:80 - create IPUIPlugin
2026-03-30 22:27:57,704 [INFO] PluginManager:220 - loadIPPluginJar : add ddr_ctrl_phy
2026-03-30 22:27:57,707 [INFO] IPUIPlugin:80 - create IPUIPlugin
2026-03-30 22:27:57,707 [INFO] PluginManager:220 - loadIPPluginJar : add dfsdm
2026-03-30 22:27:57,713 [INFO] IPUIPlugin:80 - create IPUIPlugin
2026-03-30 22:27:57,714 [INFO] PluginManager:220 - loadIPPluginJar : add dma
2026-03-30 22:27:57,718 [INFO] IPUIPlugin:80 - create IPUIPlugin
2026-03-30 22:27:57,718 [INFO] PluginManager:220 - loadIPPluginJar : add dma3
2026-03-30 22:27:57,721 [INFO] IPUIPlugin:80 - create IPUIPlugin
2026-03-30 22:27:57,722 [INFO] PluginManager:220 - loadIPPluginJar : add extmemmanager
2026-03-30 22:27:57,724 [INFO] IPUIPlugin:80 - create IPUIPlugin
2026-03-30 22:27:57,724 [INFO] PluginManager:220 - loadIPPluginJar : add fatfs
2026-03-30 22:27:57,728 [INFO] IPUIPlugin:80 - create IPUIPlugin
2026-03-30 22:27:57,728 [INFO] PluginManager:220 - loadIPPluginJar : add fmc
2026-03-30 22:27:57,738 [INFO] IPUIPlugin:80 - create IPUIPlugin
2026-03-30 22:27:57,738 [INFO] PluginManager:220 - loadIPPluginJar : add freertos
2026-03-30 22:27:57,740 [INFO] IPUIPlugin:80 - create IPUIPlugin
2026-03-30 22:27:57,740 [INFO] PluginManager:220 - loadIPPluginJar : add genericplugin
2026-03-30 22:27:57,743 [INFO] IPUIPlugin:80 - create IPUIPlugin
2026-03-30 22:27:57,743 [INFO] PluginManager:220 - loadIPPluginJar : add gfxmmu
2026-03-30 22:27:57,748 [INFO] IPUIPlugin:80 - create IPUIPlugin
2026-03-30 22:27:57,748 [INFO] PluginManager:220 - loadIPPluginJar : add gic
2026-03-30 22:27:57,754 [INFO] IPUIPlugin:80 - create IPUIPlugin
2026-03-30 22:27:57,754 [INFO] PluginManager:220 - loadIPPluginJar : add gpio
2026-03-30 22:27:57,758 [INFO] IPUIPlugin:80 - create IPUIPlugin
2026-03-30 22:27:57,758 [INFO] PluginManager:220 - loadIPPluginJar : add gtzc
2026-03-30 22:27:57,761 [INFO] IPUIPlugin:80 - create IPUIPlugin
2026-03-30 22:27:57,761 [INFO] PluginManager:220 - loadIPPluginJar : add hash
2026-03-30 22:27:57,765 [INFO] IPUIPlugin:80 - create IPUIPlugin
2026-03-30 22:27:57,766 [INFO] PluginManager:220 - loadIPPluginJar : add i2c
2026-03-30 22:27:57,770 [INFO] IPUIPlugin:80 - create IPUIPlugin
2026-03-30 22:27:57,770 [INFO] PluginManager:220 - loadIPPluginJar : add i2s
2026-03-30 22:27:57,775 [INFO] IPUIPlugin:80 - create IPUIPlugin
2026-03-30 22:27:57,775 [INFO] PluginManager:220 - loadIPPluginJar : add i3c
2026-03-30 22:27:57,780 [INFO] IPUIPlugin:80 - create IPUIPlugin
2026-03-30 22:27:57,781 [INFO] PluginManager:220 - loadIPPluginJar : add ipddr
2026-03-30 22:27:57,790 [INFO] IPUIPlugin:80 - create IPUIPlugin
2026-03-30 22:27:57,790 [INFO] PluginManager:220 - loadIPPluginJar : add linkedlist
2026-03-30 22:27:57,796 [INFO] IPUIPlugin:80 - create IPUIPlugin
2026-03-30 22:27:57,796 [INFO] PluginManager:220 - loadIPPluginJar : add lorawan
2026-03-30 22:27:57,801 [INFO] IPUIPlugin:80 - create IPUIPlugin
2026-03-30 22:27:57,801 [INFO] PluginManager:220 - loadIPPluginJar : add ltdc
2026-03-30 22:27:57,808 [INFO] IPUIPlugin:80 - create IPUIPlugin
2026-03-30 22:27:57,808 [INFO] PluginManager:220 - loadIPPluginJar : add mdma
2026-03-30 22:27:57,814 [INFO] IPUIPlugin:80 - create IPUIPlugin
2026-03-30 22:27:57,814 [INFO] PluginManager:220 - loadIPPluginJar : add nvic
2026-03-30 22:27:57,817 [INFO] IPUIPlugin:80 - create IPUIPlugin
2026-03-30 22:27:57,818 [INFO] PluginManager:220 - loadIPPluginJar : add opamp
2026-03-30 22:27:57,822 [INFO] IPUIPlugin:80 - create IPUIPlugin
2026-03-30 22:27:57,822 [INFO] PluginManager:220 - loadIPPluginJar : add openamp
2026-03-30 22:27:57,825 [INFO] IPUIPlugin:80 - create IPUIPlugin
2026-03-30 22:27:57,826 [INFO] PluginManager:220 - loadIPPluginJar : add pdm2pcm
2026-03-30 22:27:57,833 [INFO] IPUIPlugin:80 - create IPUIPlugin
2026-03-30 22:27:57,837 [INFO] PluginManager:220 - loadIPPluginJar : add plateformsettings
2026-03-30 22:27:57,839 [INFO] IPUIPlugin:80 - create IPUIPlugin
2026-03-30 22:27:57,839 [INFO] PluginManager:220 - loadIPPluginJar : add quadspi
2026-03-30 22:27:57,842 [INFO] IPUIPlugin:80 - create IPUIPlugin
2026-03-30 22:27:57,843 [INFO] PluginManager:220 - loadIPPluginJar : add radio
2026-03-30 22:27:57,848 [INFO] IPUIPlugin:80 - create IPUIPlugin
2026-03-30 22:27:57,848 [INFO] PluginManager:220 - loadIPPluginJar : add resmgrutility
2026-03-30 22:27:57,858 [INFO] IPUIPlugin:80 - create IPUIPlugin
2026-03-30 22:27:57,858 [INFO] PluginManager:220 - loadIPPluginJar : add sai
2026-03-30 22:27:57,864 [INFO] IPUIPlugin:80 - create IPUIPlugin
2026-03-30 22:27:57,864 [INFO] PluginManager:220 - loadIPPluginJar : add spi
2026-03-30 22:27:57,872 [INFO] IPUIPlugin:80 - create IPUIPlugin
2026-03-30 22:27:57,872 [INFO] PluginManager:220 - loadIPPluginJar : add stm32_wpan
2026-03-30 22:27:57,875 [INFO] IPUIPlugin:80 - create IPUIPlugin
2026-03-30 22:27:57,875 [INFO] PluginManager:220 - loadIPPluginJar : add tim
2026-03-30 22:27:57,883 [INFO] IPUIPlugin:80 - create IPUIPlugin
2026-03-30 22:27:57,883 [INFO] PluginManager:220 - loadIPPluginJar : add touchsensing
2026-03-30 22:27:57,887 [INFO] IPUIPlugin:80 - create IPUIPlugin
2026-03-30 22:27:57,888 [INFO] PluginManager:220 - loadIPPluginJar : add tracer_emb
2026-03-30 22:27:57,891 [INFO] IPUIPlugin:80 - create IPUIPlugin
2026-03-30 22:27:57,891 [INFO] PluginManager:220 - loadIPPluginJar : add ts
2026-03-30 22:27:57,894 [INFO] IPUIPlugin:80 - create IPUIPlugin
2026-03-30 22:27:57,894 [INFO] PluginManager:220 - loadIPPluginJar : add tsc
2026-03-30 22:27:57,897 [INFO] IPUIPlugin:80 - create IPUIPlugin
2026-03-30 22:27:57,897 [INFO] PluginManager:220 - loadIPPluginJar : add ucpd
2026-03-30 22:27:57,901 [INFO] IPUIPlugin:80 - create IPUIPlugin
2026-03-30 22:27:57,901 [INFO] PluginManager:220 - loadIPPluginJar : add usart
2026-03-30 22:27:57,907 [INFO] IPUIPlugin:80 - create IPUIPlugin
2026-03-30 22:27:57,908 [INFO] PluginManager:220 - loadIPPluginJar : add usbx
2026-03-30 22:27:58,079 [FATAL] Updater:351 - Updater called before beeing initialized
2026-03-30 22:27:58,111 [INFO] RulesReader:64 - Compatibility file has been processed (317 Rules)
2026-03-30 22:27:58,122 [INFO] RulesReader:64 - Compatibility file has been processed (317 Rules)
2026-03-30 22:27:58,130 [INFO] CADModel:165 - CPN selected for project level
2026-03-30 22:27:58,130 [INFO] CADModel:114 - Register for checkConnection events
2026-03-30 22:27:58,130 [FATAL] Updater:351 - Updater called before beeing initialized
2026-03-30 22:27:58,131 [ERROR] CADModel:125 - Updater not yet initialized, retry later 
2026-03-30 22:27:58,298 [FATAL] Updater:351 - Updater called before beeing initialized
2026-03-30 22:27:58,300 [INFO] CADModel:165 - CPN selected for project level
2026-03-30 22:27:58,300 [INFO] CADModel:114 - Register for checkConnection events
2026-03-30 22:27:58,300 [FATAL] Updater:351 - Updater called before beeing initialized
2026-03-30 22:27:58,300 [ERROR] CADModel:125 - Updater not yet initialized, retry later 
2026-03-30 22:27:58,303 [FATAL] Updater:351 - Updater called before beeing initialized
2026-03-30 22:27:58,466 [FATAL] Updater:351 - Updater called before beeing initialized
2026-03-30 22:27:58,470 [INFO] DbMcusAds:53 - JSON generation date=Thu Mar 05 23:32:53 KST 2026 (1772721173054)
2026-03-30 22:27:58,471 [FATAL] Updater:351 - Updater called before beeing initialized
2026-03-30 22:27:58,511 [WARN] DetailPanel:346 - Failed to get advertising image, set to default
2026-03-30 22:27:58,611 [FATAL] Updater:351 - Updater called before beeing initialized
2026-03-30 22:27:58,614 [FATAL] Updater:351 - Updater called before beeing initialized
2026-03-30 22:27:58,614 [FATAL] Updater:351 - Updater called before beeing initialized
2026-03-30 22:27:58,614 [WARN] DetailPanel:346 - Failed to get advertising image, set to default
2026-03-30 22:27:58,615 [FATAL] Updater:351 - Updater called before beeing initialized
2026-03-30 22:27:58,665 [ERROR] Updater:1198 - MainUpdater not yet initialized. External WinMGr cannot be set.
2026-03-30 22:27:58,667 [INFO] Updater:1134 - Updater Version found : 6.15.0
2026-03-30 22:27:58,686 [INFO] ApplicationProperties:184 - Using Application install path: C:\ST\STM32CubeIDE_1.19.0\STM32CubeIDE\plugins\com.st.stm32cube.common.mx_6.15.0.202507011659
2026-03-30 22:27:59,345 [INFO] MainUpdater:2872 - connection check result : 10
2026-03-30 22:27:59,346 [INFO] MainUpdater:289 - Updater Check For Update Now.
2026-03-30 22:27:59,346 [INFO] MicroXplorer:498 - Change Database Version : DB.6.0.150
2026-03-30 22:27:59,352 [INFO] McuFinderGlobals:63 - Set McuFinder mode to 2 (CubeIDE integrated)
2026-03-30 22:27:59,353 [INFO] UserAuth:487 - Internet connection configuration mode: 1
2026-03-30 22:27:59,402 [INFO] JxBrowserEngine:152 - Initiate JxBrowser Engine with user profile folder
2026-03-30 22:27:59,563 [INFO] CheckServerUpdateThread:120 - End of CheckServer Thread
2026-03-30 22:28:00,245 [WARN] PackLoader:240 - Cannot read IP mode file for STMicroelectronics.FP-SNS-MOTENVWB1.1.4.0
2026-03-30 22:28:00,254 [WARN] PackLoader:240 - Cannot read IP mode file for STMicroelectronics.FP-ATR-ASTRA1.2.0.2
2026-03-30 22:28:00,261 [WARN] PackLoader:240 - Cannot read IP mode file for STMicroelectronics.X-CUBE-SMBUS.2.1.0
2026-03-30 22:28:00,289 [WARN] PackLoader:240 - Cannot read IP mode file for STMicroelectronics.X-CUBE-AZRTOS-F7.1.1.0
2026-03-30 22:28:00,307 [WARN] PackLoader:240 - Cannot read IP mode file for WES.I-CUBE-Cesium.1.4.0
2026-03-30 22:28:00,368 [WARN] PackLoader:240 - Cannot read IP mode file for STMicroelectronics.X-CUBE-AZRTOS-H7.3.4.0
2026-03-30 22:28:00,387 [WARN] PackLoader:240 - Cannot read IP mode file for STMicroelectronics.X-CUBE-DISPLAY.3.0.0
2026-03-30 22:28:00,394 [WARN] PackLoader:240 - Cannot read IP mode file for STMicroelectronics.FP-SNS-MOTENVWB1.1.5.0
2026-03-30 22:28:00,401 [WARN] PackLoader:240 - Cannot read IP mode file for STMicroelectronics.X-CUBE-NFC10.1.0.0
2026-03-30 22:28:00,408 [WARN] PackLoader:240 - Cannot read IP mode file for STMicroelectronics.X-CUBE-ST60.1.1.0
2026-03-30 22:28:00,414 [WARN] PackLoader:240 - Cannot read IP mode file for emotas.I-CUBE-CANOPEN.1.3.0
2026-03-30 22:28:00,420 [WARN] PackLoader:240 - Cannot read IP mode file for STMicroelectronics.FP-SNS-STBOX1.2.1.0
2026-03-30 22:28:00,444 [WARN] PackLoader:240 - Cannot read IP mode file for STMicroelectronics.FP-SNS-SMARTAG2.1.2.0
2026-03-30 22:28:00,448 [WARN] PackLoader:240 - Cannot read IP mode file for STMicroelectronics.FP-SNS-FLIGHT1.5.1.0
2026-03-30 22:28:00,457 [INFO] LogOutputStream:77 - [STDOUT_REDIRECT] 1 : Invalid condition id : UX_CORESTACK_Condition cause : null
2026-03-30 22:28:00,457 [INFO] LogOutputStream:77 - [STDOUT_REDIRECT] 1 : Invalid condition id : UX_CORESTACK_Condition cause : null
2026-03-30 22:28:00,459 [INFO] LogOutputStream:77 - [STDOUT_REDIRECT] 1 : Invalid condition id : UX_CORESTACK_Condition cause : null
2026-03-30 22:28:00,460 [INFO] LogOutputStream:77 - [STDOUT_REDIRECT] 1 : Invalid condition id : UX_CORESTACK_Condition cause : null
2026-03-30 22:28:00,462 [INFO] LogOutputStream:77 - [STDOUT_REDIRECT] 1 : Invalid condition id : UX_CORESTACK_Condition cause : null
2026-03-30 22:28:00,465 [WARN] PackLoader:240 - Cannot read IP mode file for STMicroelectronics.X-CUBE-AZRTOS-WL.2.0.0
2026-03-30 22:28:00,486 [WARN] PackLoader:240 - Cannot read IP mode file for STMicroelectronics.X-CUBE-AZRTOS-H7RS.1.2.0
2026-03-30 22:28:00,495 [WARN] PackLoader:240 - Cannot read IP mode file for STMicroelectronics.X-CUBE-BLE2.3.3.0
2026-03-30 22:28:00,529 [WARN] PackLoader:240 - Cannot read IP mode file for Infineon.AIROC-Wi-Fi-Bluetooth-STM32.1.8.0
2026-03-30 22:28:00,539 [WARN] PackLoader:240 - Cannot read IP mode file for STMicroelectronics.X-CUBE-NFC9.1.0.0
2026-03-30 22:28:00,545 [WARN] PackLoader:240 - Cannot read IP mode file for STMicroelectronics.X-CUBE-BLE1.7.1.0
2026-03-30 22:28:00,549 [WARN] PackLoader:240 - Cannot read IP mode file for wolfSSL.I-CUBE-wolfMQTT.1.19.2
2026-03-30 22:28:00,554 [WARN] PackLoader:240 - Cannot read IP mode file for STMicroelectronics.X-CUBE-EEPRMA1.5.2.0
2026-03-30 22:28:00,561 [WARN] PackLoader:240 - Cannot read IP mode file for wolfSSL.I-CUBE-wolfSSL.5.8.4
2026-03-30 22:28:00,565 [WARN] PackLoader:240 - Cannot read IP mode file for Cesanta.I-CUBE-Mongoose.7.20.0
2026-03-30 22:28:00,572 [WARN] PackLoader:240 - Cannot read IP mode file for STMicroelectronics.X-CUBE-ST67W61.1.1.0
2026-03-30 22:28:00,583 [WARN] PackLoader:240 - Cannot read IP mode file for STMicroelectronics.X-CUBE-AZRTOS-G0.1.1.0
2026-03-30 22:28:00,591 [WARN] PackLoader:240 - Cannot read IP mode file for STMicroelectronics.X-CUBE-NFC4.3.0.0
2026-03-30 22:28:00,599 [WARN] PackLoader:240 - Cannot read IP mode file for EmbeddedOffice.I-CUBE-FS-RTOS.1.0.1
2026-03-30 22:28:00,604 [WARN] PackLoader:240 - Cannot read IP mode file for STMicroelectronics.X-CUBE-WB05N.2.0.0
2026-03-30 22:28:00,608 [WARN] PackLoader:240 - Cannot read IP mode file for wolfSSL.I-CUBE-wolfTPM.3.8.0
2026-03-30 22:28:00,612 [WARN] PackLoader:240 - Cannot read IP mode file for STMicroelectronics.X-CUBE-TCPP.4.2.0
2026-03-30 22:28:00,617 [WARN] PackLoader:240 - Cannot read IP mode file for RealThread.X-CUBE-RT-Thread_Nano.4.1.1
2026-03-30 22:28:00,621 [WARN] PackLoader:240 - Cannot read IP mode file for STMicroelectronics.FP-ATR-SIGFOX1.3.2.0
2026-03-30 22:28:00,626 [WARN] PackLoader:240 - Cannot read IP mode file for ITTIA_DB.I-CUBE-ITTIADB.8.9.0
2026-03-30 22:28:00,632 [WARN] PackLoader:240 - Cannot read IP mode file for STMicroelectronics.X-CUBE-NFC6.3.2.0
2026-03-30 22:28:00,638 [WARN] PackLoader:240 - Cannot read IP mode file for STMicroelectronics.X-CUBE-AI.10.2.0
2026-03-30 22:28:00,694 [WARN] PackLoader:240 - Cannot read IP mode file for SEGGER.I-CUBE-embOS.1.3.1
2026-03-30 22:28:00,743 [WARN] PackLoader:240 - Cannot read IP mode file for STMicroelectronics.X-CUBE-ALGOBUILD.1.4.0
2026-03-30 22:28:00,749 [WARN] PackLoader:240 - Cannot read IP mode file for STMicroelectronics.X-CUBE-PM33A1.1.0.0
2026-03-30 22:28:00,766 [WARN] PackLoader:240 - Cannot read IP mode file for STMicroelectronics.X-CUBE-AZRTOS-F4.1.1.0
2026-03-30 22:28:00,772 [WARN] PackLoader:240 - Cannot read IP mode file for STMicroelectronics.X-CUBE-ISPU.2.1.0
2026-03-30 22:28:00,786 [WARN] PackLoader:240 - Cannot read IP mode file for STMicroelectronics.X-CUBE-IPS.3.2.0
2026-03-30 22:28:00,920 [WARN] PackLoader:240 - Cannot read IP mode file for STMicroelectronics.X-CUBE-NFC12.1.0.0
2026-03-30 22:28:00,938 [WARN] PackLoader:240 - Cannot read IP mode file for STMicroelectronics.X-CUBE-AZRTOS-L5.2.0.0
2026-03-30 22:28:00,947 [WARN] PackLoader:240 - Cannot read IP mode file for STMicroelectronics.X-CUBE-NFC6.3.1.0
2026-03-30 22:28:00,956 [WARN] PackLoader:240 - Cannot read IP mode file for STMicroelectronics.X-CUBE-TOUCHGFX.4.26.0
2026-03-30 22:28:00,961 [WARN] PackLoader:240 - Cannot read IP mode file for STMicroelectronics.FP-SNS-STAIOTCFT.1.0.0
2026-03-30 22:28:00,968 [WARN] PackLoader:240 - Cannot read IP mode file for STMicroelectronics.X-CUBE-DPower.1.3.0
2026-03-30 22:28:00,992 [WARN] ConditionMgr:438 - getConditionDescription Invalid condition id : LAN8742 Phy interface Condition cause : null
2026-03-30 22:28:00,993 [WARN] PackLoader:240 - Cannot read IP mode file for STMicroelectronics.X-CUBE-AZRTOS-L4.2.0.0
2026-03-30 22:28:00,994 [WARN] ConditionMgr:1044 - genDependencies : Invalid condition id : LAN8742 Phy interface Condition cause : null
2026-03-30 22:28:00,995 [WARN] ConditionMgr:1044 - genDependencies : Invalid condition id : LAN8742 Phy interface Condition cause : null
2026-03-30 22:28:00,996 [WARN] ConditionMgr:1044 - genDependencies : Invalid condition id : LAN8742 Phy interface Condition cause : null
2026-03-30 22:28:01,004 [WARN] PackLoader:240 - Cannot read IP mode file for STMicroelectronics.X-CUBE-SFXS2LP1.4.0.0
2026-03-30 22:28:01,013 [WARN] PackLoader:240 - Cannot read IP mode file for STMicroelectronics.X-CUBE-ST67W61.1.2.0
2026-03-30 22:28:01,075 [WARN] PackLoader:240 - Cannot read IP mode file for STMicroelectronics.X-CUBE-BLEMGR.4.1.0
2026-03-30 22:28:01,086 [WARN] ConditionMgr:438 - getConditionDescription Invalid condition id : UX DEVICE CLASS RTOS Condition cause : null
2026-03-30 22:28:01,087 [WARN] ConditionMgr:438 - getConditionDescription Invalid condition id : UX DEVICE CLASS RTOS Condition cause : null
2026-03-30 22:28:01,088 [WARN] PackLoader:240 - Cannot read IP mode file for STMicroelectronics.X-CUBE-AZRTOS-WB.2.0.0
2026-03-30 22:28:01,089 [WARN] ConditionMgr:1044 - genDependencies : Invalid condition id : UX DEVICE CLASS RTOS Condition cause : null
2026-03-30 22:28:01,089 [WARN] ConditionMgr:1044 - genDependencies : Invalid condition id : UX DEVICE CLASS RTOS Condition cause : null
2026-03-30 22:28:01,089 [WARN] ConditionMgr:1044 - genDependencies : Invalid condition id : UX DEVICE CLASS RTOS Condition cause : null
2026-03-30 22:28:01,090 [WARN] ConditionMgr:1044 - genDependencies : Invalid condition id : UX DEVICE CLASS RTOS Condition cause : null
2026-03-30 22:28:01,090 [WARN] ConditionMgr:1044 - genDependencies : Invalid condition id : UX DEVICE CLASS RTOS Condition cause : null
2026-03-30 22:28:01,094 [WARN] ConditionMgr:438 - getConditionDescription Invalid condition id : Cortex-A Device cause : null
2026-03-30 22:28:01,103 [WARN] ConditionMgr:1044 - genDependencies : Invalid condition id : Cortex-A Device cause : null
2026-03-30 22:28:01,103 [WARN] ConditionMgr:1044 - genDependencies : Invalid condition id : Cortex-A Device cause : null
2026-03-30 22:28:01,103 [WARN] ConditionMgr:1044 - genDependencies : Invalid condition id : Cortex-A Device cause : null
2026-03-30 22:28:01,108 [WARN] PackLoader:240 - Cannot read IP mode file for STMicroelectronics.X-CUBE-STSE01.2.0.0
2026-03-30 22:28:01,120 [WARN] PackLoader:240 - Cannot read IP mode file for STMicroelectronics.X-CUBE-SUBG2.5.0.0
2026-03-30 22:28:01,144 [WARN] PackLoader:240 - Cannot read IP mode file for STMicroelectronics.X-CUBE-AZRTOS-G4.2.0.0
2026-03-30 22:28:01,150 [WARN] PackLoader:240 - Cannot read IP mode file for wolfSSL.I-CUBE-wolfSSH.1.4.20
2026-03-30 22:28:01,154 [WARN] PackLoader:240 - Cannot read IP mode file for STMicroelectronics.X-CUBE-NFC7.2.0.0
2026-03-30 22:28:01,159 [WARN] PackLoader:240 - Cannot read IP mode file for STMicroelectronics.X-CUBE-ALS.1.0.2
2026-03-30 22:28:01,163 [WARN] PackLoader:240 - Cannot read IP mode file for STMicroelectronics.X-CUBE-STSE01.1.0.0
2026-03-30 22:28:01,175 [WARN] PackLoader:240 - Cannot read IP mode file for STMicroelectronics.X-CUBE-TOF1.3.4.3
2026-03-30 22:28:01,191 [INFO] ThirdParty:978 - Integrity check success = true
2026-03-30 22:28:01,191 [INFO] IntegrityCheckThread:100 - exiting critical section [integrity check]
2026-03-30 22:28:01,191 [INFO] IntegrityCheckThread:103 - End integrity checks thread
2026-03-30 22:28:01,284 [INFO] WebApp:169 - Instantiating new browser for Auth
2026-03-30 22:28:02,805 [INFO] WebApp:463 - Apply proxy settings
2026-03-30 22:28:02,805 [INFO] WebApp:548 - Chromium requires no authentication
2026-03-30 22:28:02,816 [INFO] WebApp:491 - Direct internet connection detected
2026-03-30 22:28:02,849 [INFO] WebApp:900 - Register for checkConnection events
2026-03-30 22:28:02,849 [INFO] WebApp:463 - Apply proxy settings
2026-03-30 22:28:02,849 [INFO] WebApp:548 - Chromium requires no authentication
2026-03-30 22:28:02,850 [INFO] WebApp:491 - Direct internet connection detected
2026-03-30 22:28:03,096 [INFO] WebApp:225 - Starting web application
2026-03-30 22:28:03,096 [INFO] WebApp:593 - Web application path used C:\ST\STM32CubeIDE_1.19.0\STM32CubeIDE\plugins\com.st.stm32cube.common.mx_6.15.0.202507011659\db\plugins\mcufinder\reactClient1\index.html
2026-03-30 22:28:03,229 [INFO] WebApp:191 - Connection restablished
2026-03-30 22:28:03,371 [INFO] UserAuth:487 - Internet connection configuration mode: 1
2026-04-09 16:28:12,086 [INFO] Activator:176 - 


2026-04-09 16:28:12,087 [INFO] Activator:177 - !SESSION log4j initialized
2026-04-09 16:28:18,837 [INFO] LogOutputStream:77 - [STDOUT_REDIRECT] 
2026-04-09 16:28:22,436 [INFO] ApplicationProperties:184 - Using Application install path: C:\ST\STM32CubeIDE_1.19.0\STM32CubeIDE\plugins\com.st.stm32cube.common.mx_6.15.0.202507011659
2026-04-09 16:28:22,480 [INFO] DbMcusXml:78 - Set database path to: C:\ST\STM32CubeIDE_1.19.0\STM32CubeIDE\plugins\com.st.stm32cube.common.mx_6.15.0.202507011659\\db\/mcu/
2026-04-09 16:28:22,480 [INFO] ApiDb:274 - Set plugin database path to: C:\ST\STM32CubeIDE_1.19.0\STM32CubeIDE\plugins\com.st.stm32cube.common.mx_6.15.0.202507011659\\db\/plugins/boardmanager/
2026-04-09 16:28:22,480 [WARN] ApiDb:259 - Overriding images path with different value:  => C:\ST\STM32CubeIDE_1.19.0\STM32CubeIDE\plugins\com.st.stm32cube.common.mx_6.15.0.202507011659\\db\/plugins/mcufinder/images/
2026-04-09 16:28:22,497 [INFO] ApiDb:250 - Set database path to: C:\Users\LeeJooHo\.stmcufinder\plugins\mcufinder//mcu/
2026-04-09 16:28:22,501 [INFO] DbMcusAds:125 - Set database path to: C:\Users\LeeJooHo\.stmcufinder\plugins\mcufinder//mcu/
2026-04-09 16:28:22,507 [INFO] CrossReferenceDbSqlite:203 - Set database path to: C:\Users\LeeJooHo\.stmcufinder\plugins\mcufinder//mcu/cs/
2026-04-09 16:28:22,796 [INFO] RulesReader:64 - Compatibility file has been processed (317 Rules)
2026-04-09 16:28:22,922 [INFO] DbMcusXml:78 - Set database path to: C:\ST\STM32CubeIDE_1.19.0\STM32CubeIDE\plugins\com.st.stm32cube.common.mx_6.15.0.202507011659\\db\/mcu/
2026-04-09 16:28:22,923 [INFO] ApiDb:274 - Set plugin database path to: C:\ST\STM32CubeIDE_1.19.0\STM32CubeIDE\plugins\com.st.stm32cube.common.mx_6.15.0.202507011659\\db\/plugins/boardmanager/
2026-04-09 16:28:22,923 [INFO] ApiDb:261 - Set plugin images path to: C:\ST\STM32CubeIDE_1.19.0\STM32CubeIDE\plugins\com.st.stm32cube.common.mx_6.15.0.202507011659\\db\/plugins/mcufinder/images/
2026-04-09 16:28:22,923 [WARN] DbFile:41 - Overriding database path with different value: C:\Users\LeeJooHo\.stmcufinder\plugins\mcufinder/ => C:\Users\LeeJooHo\.stmcufinder\plugins\mcufinder
2026-04-09 16:28:22,923 [INFO] ApiDb:250 - Set database path to: C:\Users\LeeJooHo\.stmcufinder\plugins\mcufinder//mcu/
2026-04-09 16:28:22,923 [WARN] DbFile:41 - Overriding database path with different value: C:\Users\LeeJooHo\.stmcufinder\plugins\mcufinder/ => C:\Users\LeeJooHo\.stmcufinder\plugins\mcufinder
2026-04-09 16:28:22,923 [INFO] DbMcusAds:125 - Set database path to: C:\Users\LeeJooHo\.stmcufinder\plugins\mcufinder//mcu/
2026-04-09 16:28:22,923 [WARN] DbFile:41 - Overriding database path with different value: C:\Users\LeeJooHo\.stmcufinder\plugins\mcufinder/ => C:\Users\LeeJooHo\.stmcufinder\plugins\mcufinder
2026-04-09 16:28:22,923 [WARN] DbFile:41 - Overriding database path with different value: C:\Users\LeeJooHo\.stmcufinder\plugins\mcufinder/ => C:\Users\LeeJooHo\.stmcufinder\plugins\mcufinder
2026-04-09 16:28:22,923 [INFO] CrossReferenceDbSqlite:203 - Set database path to: C:\Users\LeeJooHo\.stmcufinder\plugins\mcufinder//mcu/cs/
2026-04-09 16:28:23,012 [INFO] MainPanel:274 - HeapMemory: 268435456
2026-04-09 16:28:23,136 [INFO] DbMcusXml:78 - Set database path to: C:\ST\STM32CubeIDE_1.19.0\STM32CubeIDE\plugins\com.st.stm32cube.common.mx_6.15.0.202507011659\\db\/mcu/
2026-04-09 16:28:23,136 [INFO] ApiDb:274 - Set plugin database path to: C:\ST\STM32CubeIDE_1.19.0\STM32CubeIDE\plugins\com.st.stm32cube.common.mx_6.15.0.202507011659\\db\/plugins/boardmanager/
2026-04-09 16:28:23,136 [INFO] ApiDb:261 - Set plugin images path to: C:\ST\STM32CubeIDE_1.19.0\STM32CubeIDE\plugins\com.st.stm32cube.common.mx_6.15.0.202507011659\\db\/plugins/mcufinder/images/
2026-04-09 16:28:23,137 [WARN] DbFile:41 - Overriding database path with different value: C:\Users\LeeJooHo\.stmcufinder\plugins\mcufinder/ => C:\Users\LeeJooHo\.stmcufinder\plugins\mcufinder
2026-04-09 16:28:23,137 [INFO] ApiDb:250 - Set database path to: C:\Users\LeeJooHo\.stmcufinder\plugins\mcufinder//mcu/
2026-04-09 16:28:23,137 [WARN] DbFile:41 - Overriding database path with different value: C:\Users\LeeJooHo\.stmcufinder\plugins\mcufinder/ => C:\Users\LeeJooHo\.stmcufinder\plugins\mcufinder
2026-04-09 16:28:23,138 [INFO] DbMcusAds:125 - Set database path to: C:\Users\LeeJooHo\.stmcufinder\plugins\mcufinder//mcu/
2026-04-09 16:28:23,138 [WARN] DbFile:41 - Overriding database path with different value: C:\Users\LeeJooHo\.stmcufinder\plugins\mcufinder/ => C:\Users\LeeJooHo\.stmcufinder\plugins\mcufinder
2026-04-09 16:28:23,138 [WARN] DbFile:41 - Overriding database path with different value: C:\Users\LeeJooHo\.stmcufinder\plugins\mcufinder/ => C:\Users\LeeJooHo\.stmcufinder\plugins\mcufinder
2026-04-09 16:28:23,138 [INFO] CrossReferenceDbSqlite:203 - Set database path to: C:\Users\LeeJooHo\.stmcufinder\plugins\mcufinder//mcu/cs/
2026-04-09 16:28:23,179 [INFO] ApplicationProperties:184 - Using Application install path: C:\ST\STM32CubeIDE_1.19.0\STM32CubeIDE\plugins\com.st.stm32cube.common.mx_6.15.0.202507011659
2026-04-09 16:28:23,182 [INFO] PluginManage:196 - Search for loadable plugins [exclusion list=, ]
2026-04-09 16:28:23,186 [INFO] PluginManage:310 - Check plugin analytics
2026-04-09 16:28:23,498 [INFO] AnalyticsPlugin:253 - Accepted Software Licenses: STM32CubeMX.6.16.1
2026-04-09 16:28:23,498 [INFO] AnalyticsPlugin:255 - Accepted CMSIS Pack Licenses: STMicroelectronics.X-CUBE-TOUCHGFX.4.26.0
2026-04-09 16:28:23,499 [INFO] AnalyticsPlugin:257 - Accepted Firmware Licenses: FW.F4.1.28.0
2026-04-09 16:28:23,500 [INFO] PluginManage:359 - Loaded plugin analytics (category:tool,tabindex:-1)
2026-04-09 16:28:23,501 [INFO] PluginManage:310 - Check plugin cadmodel
2026-04-09 16:28:23,506 [INFO] CADModel:105 - Init CAD model plugin
2026-04-09 16:28:23,506 [INFO] PluginManage:359 - Loaded plugin cadmodel (category:power,tabindex:5)
2026-04-09 16:28:23,506 [INFO] PluginManage:310 - Check plugin clock
2026-04-09 16:28:23,515 [INFO] PluginManage:359 - Loaded plugin clock (category:base,tabindex:2)
2026-04-09 16:28:23,516 [INFO] PluginManage:310 - Check plugin ddr
2026-04-09 16:28:23,520 [INFO] PluginManage:359 - Loaded plugin ddr (category:tool,tabindex:6)
2026-04-09 16:28:23,521 [INFO] PluginManage:310 - Check plugin filemanager
2026-04-09 16:28:23,698 [INFO] PluginManage:359 - Loaded plugin filemanager (category:base,tabindex:10)
2026-04-09 16:28:23,698 [INFO] PluginManage:310 - Check plugin ipmanager
2026-04-09 16:28:23,708 [INFO] PluginManage:359 - Loaded plugin ipmanager (category:base,tabindex:5)
2026-04-09 16:28:23,708 [INFO] PluginManage:310 - Check plugin lpbam
2026-04-09 16:28:23,716 [INFO] PluginManage:359 - Loaded plugin lpbam (category:base,tabindex:0)
2026-04-09 16:28:23,717 [INFO] PluginManage:310 - Check plugin memorymap
2026-04-09 16:28:23,730 [INFO] PluginManage:359 - Loaded plugin memorymap (category:base,tabindex:4)
2026-04-09 16:28:23,730 [INFO] PluginManage:310 - Check plugin pinoutandconfiguration
2026-04-09 16:28:23,738 [INFO] PluginManage:359 - Loaded plugin pinoutandconfiguration (category:base,tabindex:1)
2026-04-09 16:28:23,738 [INFO] PluginManage:310 - Check plugin pinoutconfig
2026-04-09 16:28:23,877 [WARN] SupportedApi:132 - Cannot load RTOS API schema: s4s-elt-must-match.1: The content of 'definitions' must match (annotation?, (simpleType | complexType)?, (unique | key | keyref)*)). A problem was found starting at: attribute.
2026-04-09 16:28:24,031 [INFO] PluginManage:359 - Loaded plugin pinoutconfig (category:base,tabindex:0)
2026-04-09 16:28:24,032 [INFO] PluginManage:310 - Check plugin power
2026-04-09 16:28:24,039 [INFO] PluginManage:359 - Loaded plugin power (category:power,tabindex:4)
2026-04-09 16:28:24,039 [INFO] PluginManage:310 - Check plugin projectmanager
2026-04-09 16:28:24,057 [INFO] PluginManage:359 - Loaded plugin projectmanager (category:projectmanager,tabindex:4)
2026-04-09 16:28:24,057 [INFO] PluginManage:310 - Check plugin rif
2026-04-09 16:28:24,069 [INFO] PluginManage:359 - Loaded plugin rif (category:base,tabindex:3)
2026-04-09 16:28:24,069 [INFO] PluginManage:310 - Check plugin thirdparty
2026-04-09 16:28:24,264 [INFO] PluginManage:359 - Loaded plugin thirdparty (category:base,tabindex:-1)
2026-04-09 16:28:24,265 [INFO] PluginManage:310 - Check plugin tools
2026-04-09 16:28:24,264 [WARN] IntegrityCheckThread:84 - waiting for thirdparty lock release [integrity check]
2026-04-09 16:28:24,265 [INFO] IntegrityCheckThread:86 - entering critical section [integrity check]
2026-04-09 16:28:24,265 [INFO] ThirdPartyUpdaterWithRetryManager:70 - Updater plugin not ready yet. [1/15]
2026-04-09 16:28:24,268 [INFO] PluginManage:359 - Loaded plugin tools (category:base,tabindex:7)
2026-04-09 16:28:24,268 [INFO] PluginManage:310 - Check plugin tutovideos
2026-04-09 16:28:24,500 [INFO] PluginManage:359 - Loaded plugin tutovideos (category:base,tabindex:-1)
2026-04-09 16:28:24,501 [INFO] PluginManage:310 - Check plugin updater
2026-04-09 16:28:24,524 [INFO] PluginManage:359 - Loaded plugin updater (category:base,tabindex:12)
2026-04-09 16:28:24,524 [INFO] PluginManage:310 - Check plugin userauth
2026-04-09 16:28:24,536 [INFO] UserAuth:118 - Init User Auth plugin
2026-04-09 16:28:24,537 [INFO] PluginManage:359 - Loaded plugin userauth (category:base,tabindex:14)
2026-04-09 16:28:24,538 [INFO] PluginManage:283 - PluginManage : Loaded plugins [18]
2026-04-09 16:28:24,844 [INFO] PinOutPanel:1589 - setPackage(No Configuration,No Configuration)
2026-04-09 16:28:24,957 [INFO] CADModel:165 - CPN selected for project level
2026-04-09 16:28:24,957 [INFO] CADModel:114 - Register for checkConnection events
2026-04-09 16:28:24,971 [INFO] IPUIPlugin:80 - create IPUIPlugin
2026-04-09 16:28:24,971 [INFO] PluginManager:220 - loadIPPluginJar : add adc
2026-04-09 16:28:24,974 [INFO] IPUIPlugin:80 - create IPUIPlugin
2026-04-09 16:28:24,974 [INFO] PluginManager:220 - loadIPPluginJar : add aes
2026-04-09 16:28:24,977 [INFO] IPUIPlugin:80 - create IPUIPlugin
2026-04-09 16:28:24,978 [INFO] PluginManager:220 - loadIPPluginJar : add can
2026-04-09 16:28:24,979 [INFO] IPUIPlugin:80 - create IPUIPlugin
2026-04-09 16:28:24,979 [INFO] PluginManager:220 - loadIPPluginJar : add comp
2026-04-09 16:28:24,982 [INFO] IPUIPlugin:80 - create IPUIPlugin
2026-04-09 16:28:24,983 [INFO] PluginManager:220 - loadIPPluginJar : add cryp
2026-04-09 16:28:24,986 [INFO] IPUIPlugin:80 - create IPUIPlugin
2026-04-09 16:28:24,986 [INFO] PluginManager:220 - loadIPPluginJar : add ddr_ctrl_phy
2026-04-09 16:28:24,988 [INFO] IPUIPlugin:80 - create IPUIPlugin
2026-04-09 16:28:24,988 [INFO] PluginManager:220 - loadIPPluginJar : add dfsdm
2026-04-09 16:28:24,993 [INFO] IPUIPlugin:80 - create IPUIPlugin
2026-04-09 16:28:24,994 [INFO] PluginManager:220 - loadIPPluginJar : add dma
2026-04-09 16:28:24,996 [INFO] IPUIPlugin:80 - create IPUIPlugin
2026-04-09 16:28:24,996 [INFO] PluginManager:220 - loadIPPluginJar : add dma3
2026-04-09 16:28:25,000 [INFO] IPUIPlugin:80 - create IPUIPlugin
2026-04-09 16:28:25,000 [INFO] PluginManager:220 - loadIPPluginJar : add extmemmanager
2026-04-09 16:28:25,001 [INFO] IPUIPlugin:80 - create IPUIPlugin
2026-04-09 16:28:25,001 [INFO] PluginManager:220 - loadIPPluginJar : add fatfs
2026-04-09 16:28:25,007 [INFO] IPUIPlugin:80 - create IPUIPlugin
2026-04-09 16:28:25,007 [INFO] PluginManager:220 - loadIPPluginJar : add fmc
2026-04-09 16:28:25,012 [INFO] IPUIPlugin:80 - create IPUIPlugin
2026-04-09 16:28:25,012 [INFO] PluginManager:220 - loadIPPluginJar : add freertos
2026-04-09 16:28:25,014 [INFO] IPUIPlugin:80 - create IPUIPlugin
2026-04-09 16:28:25,014 [INFO] PluginManager:220 - loadIPPluginJar : add genericplugin
2026-04-09 16:28:25,016 [INFO] IPUIPlugin:80 - create IPUIPlugin
2026-04-09 16:28:25,016 [INFO] PluginManager:220 - loadIPPluginJar : add gfxmmu
2026-04-09 16:28:25,020 [INFO] IPUIPlugin:80 - create IPUIPlugin
2026-04-09 16:28:25,020 [INFO] PluginManager:220 - loadIPPluginJar : add gic
2026-04-09 16:28:25,023 [INFO] IPUIPlugin:80 - create IPUIPlugin
2026-04-09 16:28:25,023 [INFO] PluginManager:220 - loadIPPluginJar : add gpio
2026-04-09 16:28:25,026 [INFO] IPUIPlugin:80 - create IPUIPlugin
2026-04-09 16:28:25,026 [INFO] PluginManager:220 - loadIPPluginJar : add gtzc
2026-04-09 16:28:25,028 [INFO] IPUIPlugin:80 - create IPUIPlugin
2026-04-09 16:28:25,028 [INFO] PluginManager:220 - loadIPPluginJar : add hash
2026-04-09 16:28:25,030 [INFO] IPUIPlugin:80 - create IPUIPlugin
2026-04-09 16:28:25,030 [INFO] PluginManager:220 - loadIPPluginJar : add i2c
2026-04-09 16:28:25,032 [INFO] IPUIPlugin:80 - create IPUIPlugin
2026-04-09 16:28:25,032 [INFO] PluginManager:220 - loadIPPluginJar : add i2s
2026-04-09 16:28:25,035 [INFO] IPUIPlugin:80 - create IPUIPlugin
2026-04-09 16:28:25,035 [INFO] PluginManager:220 - loadIPPluginJar : add i3c
2026-04-09 16:28:25,039 [INFO] IPUIPlugin:80 - create IPUIPlugin
2026-04-09 16:28:25,039 [INFO] PluginManager:220 - loadIPPluginJar : add ipddr
2026-04-09 16:28:25,045 [INFO] IPUIPlugin:80 - create IPUIPlugin
2026-04-09 16:28:25,046 [INFO] PluginManager:220 - loadIPPluginJar : add linkedlist
2026-04-09 16:28:25,048 [INFO] IPUIPlugin:80 - create IPUIPlugin
2026-04-09 16:28:25,049 [INFO] PluginManager:220 - loadIPPluginJar : add lorawan
2026-04-09 16:28:25,050 [INFO] IPUIPlugin:80 - create IPUIPlugin
2026-04-09 16:28:25,050 [INFO] PluginManager:220 - loadIPPluginJar : add ltdc
2026-04-09 16:28:25,056 [INFO] IPUIPlugin:80 - create IPUIPlugin
2026-04-09 16:28:25,056 [INFO] PluginManager:220 - loadIPPluginJar : add mdma
2026-04-09 16:28:25,059 [INFO] IPUIPlugin:80 - create IPUIPlugin
2026-04-09 16:28:25,059 [INFO] PluginManager:220 - loadIPPluginJar : add nvic
2026-04-09 16:28:25,062 [INFO] IPUIPlugin:80 - create IPUIPlugin
2026-04-09 16:28:25,063 [INFO] PluginManager:220 - loadIPPluginJar : add opamp
2026-04-09 16:28:25,064 [INFO] IPUIPlugin:80 - create IPUIPlugin
2026-04-09 16:28:25,064 [INFO] PluginManager:220 - loadIPPluginJar : add openamp
2026-04-09 16:28:25,067 [INFO] IPUIPlugin:80 - create IPUIPlugin
2026-04-09 16:28:25,067 [INFO] PluginManager:220 - loadIPPluginJar : add pdm2pcm
2026-04-09 16:28:25,072 [INFO] IPUIPlugin:80 - create IPUIPlugin
2026-04-09 16:28:25,073 [INFO] PluginManager:220 - loadIPPluginJar : add plateformsettings
2026-04-09 16:28:25,074 [INFO] IPUIPlugin:80 - create IPUIPlugin
2026-04-09 16:28:25,074 [INFO] PluginManager:220 - loadIPPluginJar : add quadspi
2026-04-09 16:28:25,076 [INFO] IPUIPlugin:80 - create IPUIPlugin
2026-04-09 16:28:25,076 [INFO] PluginManager:220 - loadIPPluginJar : add radio
2026-04-09 16:28:25,080 [INFO] IPUIPlugin:80 - create IPUIPlugin
2026-04-09 16:28:25,080 [INFO] PluginManager:220 - loadIPPluginJar : add resmgrutility
2026-04-09 16:28:25,082 [INFO] IPUIPlugin:80 - create IPUIPlugin
2026-04-09 16:28:25,082 [INFO] PluginManager:220 - loadIPPluginJar : add sai
2026-04-09 16:28:25,084 [INFO] IPUIPlugin:80 - create IPUIPlugin
2026-04-09 16:28:25,084 [INFO] PluginManager:220 - loadIPPluginJar : add spi
2026-04-09 16:28:25,090 [INFO] IPUIPlugin:80 - create IPUIPlugin
2026-04-09 16:28:25,090 [INFO] PluginManager:220 - loadIPPluginJar : add stm32_wpan
2026-04-09 16:28:25,091 [INFO] IPUIPlugin:80 - create IPUIPlugin
2026-04-09 16:28:25,091 [INFO] PluginManager:220 - loadIPPluginJar : add tim
2026-04-09 16:28:25,094 [INFO] IPUIPlugin:80 - create IPUIPlugin
2026-04-09 16:28:25,094 [INFO] PluginManager:220 - loadIPPluginJar : add touchsensing
2026-04-09 16:28:25,095 [INFO] IPUIPlugin:80 - create IPUIPlugin
2026-04-09 16:28:25,095 [INFO] PluginManager:220 - loadIPPluginJar : add tracer_emb
2026-04-09 16:28:25,097 [INFO] IPUIPlugin:80 - create IPUIPlugin
2026-04-09 16:28:25,097 [INFO] PluginManager:220 - loadIPPluginJar : add ts
2026-04-09 16:28:25,099 [INFO] IPUIPlugin:80 - create IPUIPlugin
2026-04-09 16:28:25,099 [INFO] PluginManager:220 - loadIPPluginJar : add tsc
2026-04-09 16:28:25,101 [INFO] IPUIPlugin:80 - create IPUIPlugin
2026-04-09 16:28:25,101 [INFO] PluginManager:220 - loadIPPluginJar : add ucpd
2026-04-09 16:28:25,103 [INFO] IPUIPlugin:80 - create IPUIPlugin
2026-04-09 16:28:25,103 [INFO] PluginManager:220 - loadIPPluginJar : add usart
2026-04-09 16:28:25,105 [INFO] IPUIPlugin:80 - create IPUIPlugin
2026-04-09 16:28:25,105 [INFO] PluginManager:220 - loadIPPluginJar : add usbx
2026-04-09 16:28:25,237 [FATAL] Updater:351 - Updater called before beeing initialized
2026-04-09 16:28:25,302 [INFO] RulesReader:64 - Compatibility file has been processed (317 Rules)
2026-04-09 16:28:25,343 [INFO] RulesReader:64 - Compatibility file has been processed (317 Rules)
2026-04-09 16:28:25,355 [INFO] CADModel:165 - CPN selected for project level
2026-04-09 16:28:25,355 [INFO] CADModel:114 - Register for checkConnection events
2026-04-09 16:28:25,355 [FATAL] Updater:351 - Updater called before beeing initialized
2026-04-09 16:28:25,356 [ERROR] CADModel:125 - Updater not yet initialized, retry later 
2026-04-09 16:28:25,691 [FATAL] Updater:351 - Updater called before beeing initialized
2026-04-09 16:28:25,696 [INFO] CADModel:165 - CPN selected for project level
2026-04-09 16:28:25,696 [INFO] CADModel:114 - Register for checkConnection events
2026-04-09 16:28:25,696 [FATAL] Updater:351 - Updater called before beeing initialized
2026-04-09 16:28:25,697 [ERROR] CADModel:125 - Updater not yet initialized, retry later 
2026-04-09 16:28:25,700 [FATAL] Updater:351 - Updater called before beeing initialized
2026-04-09 16:28:25,882 [FATAL] Updater:351 - Updater called before beeing initialized
2026-04-09 16:28:25,886 [INFO] DbMcusAds:53 - JSON generation date=Thu Mar 05 23:32:52 KST 2026 (1772721172890)
2026-04-09 16:28:25,887 [FATAL] Updater:351 - Updater called before beeing initialized
2026-04-09 16:28:25,932 [WARN] DetailPanel:346 - Failed to get advertising image, set to default
2026-04-09 16:28:26,016 [FATAL] Updater:351 - Updater called before beeing initialized
2026-04-09 16:28:26,018 [FATAL] Updater:351 - Updater called before beeing initialized
2026-04-09 16:28:26,020 [FATAL] Updater:351 - Updater called before beeing initialized
2026-04-09 16:28:26,020 [WARN] DetailPanel:346 - Failed to get advertising image, set to default
2026-04-09 16:28:26,021 [FATAL] Updater:351 - Updater called before beeing initialized
2026-04-09 16:28:26,064 [ERROR] Updater:1198 - MainUpdater not yet initialized. External WinMGr cannot be set.
2026-04-09 16:28:26,066 [INFO] Updater:1134 - Updater Version found : 6.15.0
2026-04-09 16:28:26,080 [INFO] ApplicationProperties:184 - Using Application install path: C:\ST\STM32CubeIDE_1.19.0\STM32CubeIDE\plugins\com.st.stm32cube.common.mx_6.15.0.202507011659
2026-04-09 16:28:27,266 [INFO] ThirdPartyUpdaterWithRetryManager:70 - Updater plugin not ready yet. [2/15]
2026-04-09 16:28:27,688 [ERROR] LogOutputStream:75 - [STDERR_REDIRECT] Apr 09, 2026 4:28:27 PM java.util.prefs.WindowsPreferences <init>
2026-04-09 16:28:27,691 [ERROR] LogOutputStream:75 - [STDERR_REDIRECT] WARNING: Could not open/create prefs root node Software\JavaSoft\Prefs at root 0xffffffff80000002. Windows RegCreateKeyEx(...) returned error code 5.
2026-04-09 16:28:27,691 [ERROR] LogOutputStream:75 - [STDERR_REDIRECT] 
2026-04-09 16:28:28,383 [INFO] MainUpdater:2872 - connection check result : 10
2026-04-09 16:28:28,383 [INFO] MainUpdater:289 - Updater Check For Update Now.
2026-04-09 16:28:28,383 [INFO] MicroXplorer:498 - Change Database Version : DB.6.0.150
2026-04-09 16:28:28,396 [INFO] McuFinderGlobals:63 - Set McuFinder mode to 2 (CubeIDE integrated)
2026-04-09 16:28:28,397 [INFO] UserAuth:487 - Internet connection configuration mode: 1
2026-04-09 16:28:28,425 [INFO] JxBrowserEngine:152 - Initiate JxBrowser Engine with user profile folder
2026-04-09 16:28:28,624 [INFO] CheckServerUpdateThread:120 - End of CheckServer Thread
2026-04-09 16:28:29,407 [INFO] WebApp:169 - Instantiating new browser for Auth
2026-04-09 16:28:30,402 [INFO] WebApp:463 - Apply proxy settings
2026-04-09 16:28:30,403 [INFO] WebApp:548 - Chromium requires no authentication
2026-04-09 16:28:30,417 [INFO] WebApp:491 - Direct internet connection detected
2026-04-09 16:28:30,444 [INFO] WebApp:900 - Register for checkConnection events
2026-04-09 16:28:30,444 [INFO] WebApp:463 - Apply proxy settings
2026-04-09 16:28:30,445 [INFO] WebApp:548 - Chromium requires no authentication
2026-04-09 16:28:30,445 [INFO] WebApp:491 - Direct internet connection detected
2026-04-09 16:28:30,624 [WARN] PackLoader:240 - Cannot read IP mode file for STMicroelectronics.X-CUBE-AZRTOS-H7.3.5.0
2026-04-09 16:28:30,645 [WARN] PackLoader:240 - Cannot read IP mode file for STMicroelectronics.FP-SNS-MOTENVWB1.1.4.0
2026-04-09 16:28:30,665 [WARN] PackLoader:240 - Cannot read IP mode file for STMicroelectronics.FP-ATR-ASTRA1.2.0.2
2026-04-09 16:28:30,674 [WARN] PackLoader:240 - Cannot read IP mode file for STMicroelectronics.X-CUBE-SMBUS.2.1.0
2026-04-09 16:28:30,725 [INFO] WebApp:225 - Starting web application
2026-04-09 16:28:30,726 [INFO] WebApp:593 - Web application path used C:\ST\STM32CubeIDE_1.19.0\STM32CubeIDE\plugins\com.st.stm32cube.common.mx_6.15.0.202507011659\db\plugins\mcufinder\reactClient1\index.html
2026-04-09 16:28:30,729 [WARN] PackLoader:240 - Cannot read IP mode file for STMicroelectronics.X-CUBE-AZRTOS-F7.1.1.0
2026-04-09 16:28:30,744 [WARN] PackLoader:240 - Cannot read IP mode file for STMicroelectronics.FP-SNS-MOTENV1.5.1.0
2026-04-09 16:28:30,784 [WARN] PackLoader:240 - Cannot read IP mode file for WES.I-CUBE-Cesium.1.4.0
2026-04-09 16:28:30,851 [WARN] PackLoader:240 - Cannot read IP mode file for STMicroelectronics.X-CUBE-AZRTOS-H7.3.4.0
2026-04-09 16:28:30,884 [WARN] PackLoader:240 - Cannot read IP mode file for STMicroelectronics.X-CUBE-DISPLAY.3.0.0
2026-04-09 16:28:30,901 [WARN] PackLoader:240 - Cannot read IP mode file for STMicroelectronics.FP-SNS-MOTENVWB1.1.5.0
2026-04-09 16:28:30,915 [WARN] PackLoader:240 - Cannot read IP mode file for STMicroelectronics.X-CUBE-NFC10.1.0.0
2026-04-09 16:28:30,924 [WARN] PackLoader:240 - Cannot read IP mode file for STMicroelectronics.X-CUBE-ST60.1.1.0
2026-04-09 16:28:30,937 [WARN] PackLoader:240 - Cannot read IP mode file for emotas.I-CUBE-CANOPEN.1.3.0
2026-04-09 16:28:30,941 [INFO] WebApp:191 - Connection restablished
2026-04-09 16:28:30,955 [INFO] UserAuth:487 - Internet connection configuration mode: 1
2026-04-09 16:28:30,956 [WARN] PackLoader:240 - Cannot read IP mode file for STMicroelectronics.X-CUBE-GNSS1.7.1.0
2026-04-09 16:28:30,974 [WARN] PackLoader:240 - Cannot read IP mode file for STMicroelectronics.FP-SNS-STBOX1.2.1.0
2026-04-09 16:28:30,992 [WARN] PackLoader:240 - Cannot read IP mode file for STMicroelectronics.FP-SNS-SMARTAG2.1.2.0
2026-04-09 16:28:31,002 [WARN] PackLoader:240 - Cannot read IP mode file for STMicroelectronics.FP-SNS-FLIGHT1.5.1.0
2026-04-09 16:28:31,022 [INFO] LogOutputStream:77 - [STDOUT_REDIRECT] 1 : Invalid condition id : UX_CORESTACK_Condition cause : null
2026-04-09 16:28:31,024 [INFO] LogOutputStream:77 - [STDOUT_REDIRECT] 1 : Invalid condition id : UX_CORESTACK_Condition cause : null
2026-04-09 16:28:31,026 [INFO] LogOutputStream:77 - [STDOUT_REDIRECT] 1 : Invalid condition id : UX_CORESTACK_Condition cause : null
2026-04-09 16:28:31,027 [INFO] LogOutputStream:77 - [STDOUT_REDIRECT] 1 : Invalid condition id : UX_CORESTACK_Condition cause : null
2026-04-09 16:28:31,028 [INFO] LogOutputStream:77 - [STDOUT_REDIRECT] 1 : Invalid condition id : UX_CORESTACK_Condition cause : null
2026-04-09 16:28:31,030 [WARN] PackLoader:240 - Cannot read IP mode file for STMicroelectronics.X-CUBE-AZRTOS-WL.2.0.0
2026-04-09 16:28:31,077 [WARN] PackLoader:240 - Cannot read IP mode file for STMicroelectronics.X-CUBE-AZRTOS-H7RS.1.2.0
2026-04-09 16:28:31,097 [WARN] PackLoader:240 - Cannot read IP mode file for STMicroelectronics.X-CUBE-BLE2.3.3.0
2026-04-09 16:28:31,177 [WARN] PackLoader:240 - Cannot read IP mode file for Infineon.AIROC-Wi-Fi-Bluetooth-STM32.1.8.0
2026-04-09 16:28:31,199 [ERROR] LogOutputStream:75 - [STDERR_REDIRECT] [Fatal Error] :1:1: Premature end of file.
2026-04-09 16:28:31,200 [ERROR] LogOutputStream:75 - [STDERR_REDIRECT] 
2026-04-09 16:28:31,209 [WARN] PackLoader:240 - Cannot read IP mode file for STMicroelectronics.X-CUBE-NFC9.1.0.0
2026-04-09 16:28:31,226 [WARN] PackLoader:240 - Cannot read IP mode file for STMicroelectronics.X-CUBE-BLE1.7.1.0
2026-04-09 16:28:31,238 [WARN] PackLoader:240 - Cannot read IP mode file for wolfSSL.I-CUBE-wolfMQTT.1.19.2
2026-04-09 16:28:31,248 [WARN] PackLoader:240 - Cannot read IP mode file for STMicroelectronics.X-CUBE-FREERTOS.1.4.0
2026-04-09 16:28:31,258 [WARN] PackLoader:240 - Cannot read IP mode file for STMicroelectronics.X-CUBE-EEPRMA1.5.2.0
2026-04-09 16:28:31,269 [WARN] PackLoader:240 - Cannot read IP mode file for wolfSSL.I-CUBE-wolfSSL.5.8.4
2026-04-09 16:28:31,275 [WARN] PackLoader:240 - Cannot read IP mode file for Cesanta.I-CUBE-Mongoose.7.20.0
2026-04-09 16:28:31,285 [WARN] PackLoader:240 - Cannot read IP mode file for STMicroelectronics.X-CUBE-ST67W61.1.1.0
2026-04-09 16:28:31,347 [WARN] PackLoader:240 - Cannot read IP mode file for STMicroelectronics.X-CUBE-MEMS1.12.0.0
2026-04-09 16:28:31,523 [WARN] PackLoader:240 - Cannot read IP mode file for STMicroelectronics.X-CUBE-AZRTOS-G0.1.1.0
2026-04-09 16:28:31,534 [WARN] PackLoader:240 - Cannot read IP mode file for STMicroelectronics.X-CUBE-NFC4.3.0.0
2026-04-09 16:28:31,546 [WARN] PackLoader:240 - Cannot read IP mode file for EmbeddedOffice.I-CUBE-FS-RTOS.1.0.1
2026-04-09 16:28:31,555 [WARN] PackLoader:240 - Cannot read IP mode file for STMicroelectronics.X-CUBE-WB05N.2.0.0
2026-04-09 16:28:31,564 [WARN] PackLoader:240 - Cannot read IP mode file for wolfSSL.I-CUBE-wolfTPM.3.8.0
2026-04-09 16:28:31,575 [WARN] PackLoader:240 - Cannot read IP mode file for STMicroelectronics.X-CUBE-TCPP.4.2.0
2026-04-09 16:28:31,588 [WARN] PackLoader:240 - Cannot read IP mode file for RealThread.X-CUBE-RT-Thread_Nano.4.1.1
2026-04-09 16:28:31,594 [WARN] PackLoader:240 - Cannot read IP mode file for STMicroelectronics.FP-ATR-SIGFOX1.3.2.0
2026-04-09 16:28:31,608 [WARN] PackLoader:240 - Cannot read IP mode file for STMicroelectronics.X-CUBE-FREERTOS.1.5.0
2026-04-09 16:28:31,626 [WARN] PackLoader:240 - Cannot read IP mode file for ITTIA_DB.I-CUBE-ITTIADB.8.9.0
2026-04-09 16:28:31,635 [WARN] PackLoader:240 - Cannot read IP mode file for STMicroelectronics.X-CUBE-NFC6.3.2.0
2026-04-09 16:28:31,645 [WARN] PackLoader:240 - Cannot read IP mode file for STMicroelectronics.X-CUBE-AI.10.2.0
2026-04-09 16:28:31,677 [WARN] PackLoader:240 - Cannot read IP mode file for SEGGER.I-CUBE-embOS.1.3.1
2026-04-09 16:28:31,730 [WARN] PackLoader:240 - Cannot read IP mode file for STMicroelectronics.X-CUBE-ALGOBUILD.1.4.0
2026-04-09 16:28:31,738 [WARN] PackLoader:240 - Cannot read IP mode file for STMicroelectronics.X-CUBE-PM33A1.1.0.0
2026-04-09 16:28:31,756 [WARN] PackLoader:240 - Cannot read IP mode file for STMicroelectronics.X-CUBE-AZRTOS-F4.1.1.0
2026-04-09 16:28:31,767 [WARN] PackLoader:240 - Cannot read IP mode file for STMicroelectronics.X-CUBE-ISPU.2.1.0
2026-04-09 16:28:31,785 [WARN] PackLoader:240 - Cannot read IP mode file for STMicroelectronics.X-CUBE-IPS.3.2.0
2026-04-09 16:28:31,805 [WARN] PackLoader:240 - Cannot read IP mode file for STMicroelectronics.eDS-WB_DPC_TT-BIDIR.2.1.1
2026-04-09 16:28:31,813 [WARN] PackLoader:240 - Cannot read IP mode file for STMicroelectronics.X-CUBE-NFC12.1.0.0
2026-04-09 16:28:31,832 [WARN] PackLoader:240 - Cannot read IP mode file for STMicroelectronics.X-CUBE-AZRTOS-L5.2.0.0
2026-04-09 16:28:31,840 [WARN] PackLoader:240 - Cannot read IP mode file for STMicroelectronics.X-CUBE-NFC6.3.1.0
2026-04-09 16:28:31,846 [WARN] PackLoader:240 - Cannot read IP mode file for STMicroelectronics.eDS-WB_DPC_VIENNA.1.2.0
2026-04-09 16:28:31,855 [WARN] PackLoader:240 - Cannot read IP mode file for STMicroelectronics.eDS-WB_DPC_3PH2L-BIDIR.1.1.1
2026-04-09 16:28:31,869 [WARN] PackLoader:240 - Cannot read IP mode file for STMicroelectronics.X-CUBE-TOUCHGFX.4.26.0
2026-04-09 16:28:32,014 [WARN] PackLoader:240 - Cannot read IP mode file for STMicroelectronics.X-CUBE-TOUCHGFX.4.26.1
2026-04-09 16:28:32,025 [WARN] PackLoader:240 - Cannot read IP mode file for STMicroelectronics.FP-SNS-STAIOTCFT.1.0.0
2026-04-09 16:28:32,038 [WARN] PackLoader:240 - Cannot read IP mode file for STMicroelectronics.X-CUBE-DPower.1.3.0
2026-04-09 16:28:32,052 [WARN] ConditionMgr:438 - getConditionDescription Invalid condition id : LAN8742 Phy interface Condition cause : null
2026-04-09 16:28:32,053 [WARN] PackLoader:240 - Cannot read IP mode file for STMicroelectronics.X-CUBE-AZRTOS-L4.2.0.0
2026-04-09 16:28:32,054 [WARN] ConditionMgr:1044 - genDependencies : Invalid condition id : LAN8742 Phy interface Condition cause : null
2026-04-09 16:28:32,055 [WARN] ConditionMgr:1044 - genDependencies : Invalid condition id : LAN8742 Phy interface Condition cause : null
2026-04-09 16:28:32,055 [WARN] ConditionMgr:1044 - genDependencies : Invalid condition id : LAN8742 Phy interface Condition cause : null
2026-04-09 16:28:32,064 [WARN] PackLoader:240 - Cannot read IP mode file for STMicroelectronics.X-CUBE-SFXS2LP1.4.0.0
2026-04-09 16:28:32,072 [WARN] PackLoader:240 - Cannot read IP mode file for STMicroelectronics.X-CUBE-ST67W61.1.2.0
2026-04-09 16:28:32,079 [ERROR] LogOutputStream:75 - [STDERR_REDIRECT] [Fatal Error] :1:1: Premature end of file.
2026-04-09 16:28:32,080 [ERROR] LogOutputStream:75 - [STDERR_REDIRECT] 
2026-04-09 16:28:32,087 [WARN] PackLoader:240 - Cannot read IP mode file for STMicroelectronics.X-CUBE-BLEMGR.4.1.0
2026-04-09 16:28:32,106 [WARN] ConditionMgr:438 - getConditionDescription Invalid condition id : UX DEVICE CLASS RTOS Condition cause : null
2026-04-09 16:28:32,106 [WARN] ConditionMgr:438 - getConditionDescription Invalid condition id : UX DEVICE CLASS RTOS Condition cause : null
2026-04-09 16:28:32,108 [WARN] PackLoader:240 - Cannot read IP mode file for STMicroelectronics.X-CUBE-AZRTOS-WB.2.0.0
2026-04-09 16:28:32,108 [WARN] ConditionMgr:1044 - genDependencies : Invalid condition id : UX DEVICE CLASS RTOS Condition cause : null
2026-04-09 16:28:32,109 [WARN] ConditionMgr:1044 - genDependencies : Invalid condition id : UX DEVICE CLASS RTOS Condition cause : null
2026-04-09 16:28:32,109 [WARN] ConditionMgr:1044 - genDependencies : Invalid condition id : UX DEVICE CLASS RTOS Condition cause : null
2026-04-09 16:28:32,109 [WARN] ConditionMgr:1044 - genDependencies : Invalid condition id : UX DEVICE CLASS RTOS Condition cause : null
2026-04-09 16:28:32,110 [WARN] ConditionMgr:1044 - genDependencies : Invalid condition id : UX DEVICE CLASS RTOS Condition cause : null
2026-04-09 16:28:32,126 [WARN] ConditionMgr:438 - getConditionDescription Invalid condition id : Cortex-A Device cause : null
2026-04-09 16:28:32,137 [WARN] ConditionMgr:1044 - genDependencies : Invalid condition id : Cortex-A Device cause : null
2026-04-09 16:28:32,137 [WARN] ConditionMgr:1044 - genDependencies : Invalid condition id : Cortex-A Device cause : null
2026-04-09 16:28:32,137 [WARN] ConditionMgr:1044 - genDependencies : Invalid condition id : Cortex-A Device cause : null
2026-04-09 16:28:32,147 [WARN] PackLoader:240 - Cannot read IP mode file for STMicroelectronics.X-CUBE-STSE01.2.0.0
2026-04-09 16:28:32,158 [WARN] PackLoader:240 - Cannot read IP mode file for STMicroelectronics.X-CUBE-SUBG2.5.0.0
2026-04-09 16:28:32,177 [WARN] PackLoader:240 - Cannot read IP mode file for STMicroelectronics.X-CUBE-AZRTOS-G4.2.0.0
2026-04-09 16:28:32,188 [WARN] PackLoader:240 - Cannot read IP mode file for wolfSSL.I-CUBE-wolfSSH.1.4.20
2026-04-09 16:28:32,195 [WARN] PackLoader:240 - Cannot read IP mode file for STMicroelectronics.X-CUBE-NFC7.2.0.0
2026-04-09 16:28:32,202 [WARN] PackLoader:240 - Cannot read IP mode file for STMicroelectronics.X-CUBE-ALS.1.0.2
2026-04-09 16:28:32,210 [WARN] PackLoader:240 - Cannot read IP mode file for STMicroelectronics.X-CUBE-STSE01.1.0.0
2026-04-09 16:28:32,224 [WARN] PackLoader:240 - Cannot read IP mode file for STMicroelectronics.X-CUBE-TOF1.3.4.3
2026-04-09 16:28:32,235 [INFO] ThirdParty:978 - Integrity check success = true
2026-04-09 16:28:32,236 [INFO] IntegrityCheckThread:100 - exiting critical section [integrity check]
2026-04-09 16:28:32,237 [INFO] IntegrityCheckThread:103 - End integrity checks thread
2026-04-09 16:28:33,079 [ERROR] LogOutputStream:75 - [STDERR_REDIRECT] [Fatal Error] :1:1: Premature end of file.
2026-04-09 16:28:33,079 [ERROR] LogOutputStream:75 - [STDERR_REDIRECT] 
2026-04-09 16:28:34,082 [ERROR] LogOutputStream:75 - [STDERR_REDIRECT] [Fatal Error] :1:1: Premature end of file.
2026-04-09 16:28:34,082 [ERROR] LogOutputStream:75 - [STDERR_REDIRECT] 
2026-04-09 16:28:35,108 [ERROR] LogOutputStream:75 - [STDERR_REDIRECT] [Fatal Error] :1:1: Premature end of file.
2026-04-09 16:28:35,108 [ERROR] LogOutputStream:75 - [STDERR_REDIRECT] 
2026-04-09 16:28:36,078 [ERROR] LogOutputStream:75 - [STDERR_REDIRECT] [Fatal Error] :1:1: Premature end of file.
2026-04-09 16:28:36,078 [ERROR] LogOutputStream:75 - [STDERR_REDIRECT] 
2026-04-09 16:28:37,060 [ERROR] LogOutputStream:75 - [STDERR_REDIRECT] [Fatal Error] :1:1: Premature end of file.
2026-04-09 16:28:37,060 [ERROR] LogOutputStream:75 - [STDERR_REDIRECT] 
2026-04-09 16:28:38,076 [ERROR] LogOutputStream:75 - [STDERR_REDIRECT] [Fatal Error] :1:1: Premature end of file.
2026-04-09 16:28:38,076 [ERROR] LogOutputStream:75 - [STDERR_REDIRECT] 
2026-04-09 16:28:39,064 [ERROR] LogOutputStream:75 - [STDERR_REDIRECT] [Fatal Error] :1:1: Premature end of file.
2026-04-09 16:28:39,064 [ERROR] LogOutputStream:75 - [STDERR_REDIRECT] 
2026-04-09 16:28:40,080 [ERROR] LogOutputStream:75 - [STDERR_REDIRECT] [Fatal Error] :1:1: Premature end of file.
2026-04-09 16:28:40,080 [ERROR] LogOutputStream:75 - [STDERR_REDIRECT] 
2026-04-09 16:28:41,079 [ERROR] LogOutputStream:75 - [STDERR_REDIRECT] [Fatal Error] :1:1: Premature end of file.
2026-04-09 16:28:41,079 [ERROR] LogOutputStream:75 - [STDERR_REDIRECT] 
2026-04-09 16:28:42,111 [ERROR] LogOutputStream:75 - [STDERR_REDIRECT] [Fatal Error] :1:1: Premature end of file.
2026-04-09 16:28:42,111 [ERROR] LogOutputStream:75 - [STDERR_REDIRECT] 
2026-04-09 16:28:43,056 [ERROR] LogOutputStream:75 - [STDERR_REDIRECT] [Fatal Error] :1:1: Premature end of file.
2026-04-09 16:28:43,056 [ERROR] LogOutputStream:75 - [STDERR_REDIRECT] 
2026-04-09 16:28:44,091 [ERROR] LogOutputStream:75 - [STDERR_REDIRECT] [Fatal Error] :1:1: Premature end of file.
2026-04-09 16:28:44,091 [ERROR] LogOutputStream:75 - [STDERR_REDIRECT] 
2026-04-09 16:28:45,112 [ERROR] LogOutputStream:75 - [STDERR_REDIRECT] [Fatal Error] :1:1: Premature end of file.
2026-04-09 16:28:45,112 [ERROR] LogOutputStream:75 - [STDERR_REDIRECT] 
2026-04-09 16:28:46,094 [ERROR] LogOutputStream:75 - [STDERR_REDIRECT] [Fatal Error] :1:1: Premature end of file.
2026-04-09 16:28:46,094 [ERROR] LogOutputStream:75 - [STDERR_REDIRECT] 
2026-04-09 16:28:47,111 [ERROR] LogOutputStream:75 - [STDERR_REDIRECT] [Fatal Error] :1:1: Premature end of file.
2026-04-09 16:28:47,112 [ERROR] LogOutputStream:75 - [STDERR_REDIRECT] 
2026-04-09 16:28:48,074 [ERROR] LogOutputStream:75 - [STDERR_REDIRECT] [Fatal Error] :1:1: Premature end of file.
2026-04-09 16:28:48,076 [ERROR] LogOutputStream:75 - [STDERR_REDIRECT] 
2026-04-09 16:28:49,064 [ERROR] LogOutputStream:75 - [STDERR_REDIRECT] [Fatal Error] :1:1: Premature end of file.
2026-04-09 16:28:49,064 [ERROR] LogOutputStream:75 - [STDERR_REDIRECT] 
2026-04-09 16:28:50,091 [ERROR] LogOutputStream:75 - [STDERR_REDIRECT] [Fatal Error] :1:1: Premature end of file.
2026-04-09 16:28:50,092 [ERROR] LogOutputStream:75 - [STDERR_REDIRECT] 
2026-04-09 16:28:51,113 [ERROR] LogOutputStream:75 - [STDERR_REDIRECT] [Fatal Error] :1:1: Premature end of file.
2026-04-09 16:28:51,113 [ERROR] LogOutputStream:75 - [STDERR_REDIRECT] 
2026-04-09 16:28:52,063 [ERROR] LogOutputStream:75 - [STDERR_REDIRECT] [Fatal Error] :1:1: Premature end of file.
2026-04-09 16:28:52,064 [ERROR] LogOutputStream:75 - [STDERR_REDIRECT] 
2026-04-09 16:28:53,102 [ERROR] LogOutputStream:75 - [STDERR_REDIRECT] [Fatal Error] :1:1: Premature end of file.
2026-04-09 16:28:53,102 [ERROR] LogOutputStream:75 - [STDERR_REDIRECT] 
2026-04-09 16:28:54,071 [ERROR] LogOutputStream:75 - [STDERR_REDIRECT] [Fatal Error] :1:1: Premature end of file.
2026-04-09 16:28:54,071 [ERROR] LogOutputStream:75 - [STDERR_REDIRECT] 
2026-04-09 16:28:55,072 [ERROR] LogOutputStream:75 - [STDERR_REDIRECT] [Fatal Error] :1:1: Premature end of file.
2026-04-09 16:28:55,072 [ERROR] LogOutputStream:75 - [STDERR_REDIRECT] 
2026-04-09 16:28:56,078 [ERROR] LogOutputStream:75 - [STDERR_REDIRECT] [Fatal Error] :1:1: Premature end of file.
2026-04-09 16:28:56,078 [ERROR] LogOutputStream:75 - [STDERR_REDIRECT] 
2026-04-09 16:28:57,063 [ERROR] LogOutputStream:75 - [STDERR_REDIRECT] [Fatal Error] :1:1: Premature end of file.
2026-04-09 16:28:57,064 [ERROR] LogOutputStream:75 - [STDERR_REDIRECT] 
2026-04-09 16:28:58,067 [ERROR] LogOutputStream:75 - [STDERR_REDIRECT] [Fatal Error] :1:1: Premature end of file.
2026-04-09 16:28:58,067 [ERROR] LogOutputStream:75 - [STDERR_REDIRECT] 
2026-04-09 16:28:59,150 [ERROR] LogOutputStream:75 - [STDERR_REDIRECT] [Fatal Error] :1:1: Premature end of file.
2026-04-09 16:28:59,150 [ERROR] LogOutputStream:75 - [STDERR_REDIRECT] 
2026-04-09 16:29:00,089 [ERROR] LogOutputStream:75 - [STDERR_REDIRECT] [Fatal Error] :1:1: Premature end of file.
2026-04-09 16:29:00,089 [ERROR] LogOutputStream:75 - [STDERR_REDIRECT] 
2026-04-09 16:29:01,123 [ERROR] LogOutputStream:75 - [STDERR_REDIRECT] [Fatal Error] :1:1: Premature end of file.
2026-04-09 16:29:01,123 [ERROR] LogOutputStream:75 - [STDERR_REDIRECT] 
2026-04-09 16:29:02,083 [ERROR] LogOutputStream:75 - [STDERR_REDIRECT] [Fatal Error] :1:1: Premature end of file.
2026-04-09 16:29:02,084 [ERROR] LogOutputStream:75 - [STDERR_REDIRECT] 
2026-04-09 16:29:03,171 [ERROR] LogOutputStream:75 - [STDERR_REDIRECT] [Fatal Error] :1:1: Premature end of file.
2026-04-09 16:29:03,171 [ERROR] LogOutputStream:75 - [STDERR_REDIRECT] 
2026-04-09 16:29:04,065 [ERROR] LogOutputStream:75 - [STDERR_REDIRECT] [Fatal Error] :1:1: Premature end of file.
2026-04-09 16:29:04,065 [ERROR] LogOutputStream:75 - [STDERR_REDIRECT] 
2026-04-09 16:29:05,057 [ERROR] LogOutputStream:75 - [STDERR_REDIRECT] [Fatal Error] :1:1: Premature end of file.
2026-04-09 16:29:05,058 [ERROR] LogOutputStream:75 - [STDERR_REDIRECT] 
2026-04-09 16:29:06,128 [ERROR] LogOutputStream:75 - [STDERR_REDIRECT] [Fatal Error] :1:1: Premature end of file.
2026-04-09 16:29:06,129 [ERROR] LogOutputStream:75 - [STDERR_REDIRECT] 
2026-04-09 16:29:07,075 [ERROR] LogOutputStream:75 - [STDERR_REDIRECT] [Fatal Error] :1:1: Premature end of file.
2026-04-09 16:29:07,075 [ERROR] LogOutputStream:75 - [STDERR_REDIRECT] 
2026-04-09 16:29:08,070 [ERROR] LogOutputStream:75 - [STDERR_REDIRECT] [Fatal Error] :1:1: Premature end of file.
2026-04-09 16:29:08,070 [ERROR] LogOutputStream:75 - [STDERR_REDIRECT] 
2026-04-09 16:29:09,055 [ERROR] LogOutputStream:75 - [STDERR_REDIRECT] [Fatal Error] :1:1: Premature end of file.
2026-04-09 16:29:09,056 [ERROR] LogOutputStream:75 - [STDERR_REDIRECT] 
2026-04-09 16:29:10,089 [ERROR] LogOutputStream:75 - [STDERR_REDIRECT] [Fatal Error] :1:1: Premature end of file.
2026-04-09 16:29:10,089 [ERROR] LogOutputStream:75 - [STDERR_REDIRECT] 
2026-04-09 16:29:11,106 [ERROR] LogOutputStream:75 - [STDERR_REDIRECT] [Fatal Error] :1:1: Premature end of file.
2026-04-09 16:29:11,106 [ERROR] LogOutputStream:75 - [STDERR_REDIRECT] 
2026-04-09 16:29:12,088 [ERROR] LogOutputStream:75 - [STDERR_REDIRECT] [Fatal Error] :1:1: Premature end of file.
2026-04-09 16:29:12,089 [ERROR] LogOutputStream:75 - [STDERR_REDIRECT] 
2026-04-09 16:29:13,072 [ERROR] LogOutputStream:75 - [STDERR_REDIRECT] [Fatal Error] :1:1: Premature end of file.
2026-04-09 16:29:13,072 [ERROR] LogOutputStream:75 - [STDERR_REDIRECT] 
2026-04-09 16:29:14,095 [ERROR] LogOutputStream:75 - [STDERR_REDIRECT] [Fatal Error] :1:1: Premature end of file.
2026-04-09 16:29:14,096 [ERROR] LogOutputStream:75 - [STDERR_REDIRECT] 
2026-04-09 16:29:15,102 [ERROR] LogOutputStream:75 - [STDERR_REDIRECT] [Fatal Error] :1:1: Premature end of file.
2026-04-09 16:29:15,102 [ERROR] LogOutputStream:75 - [STDERR_REDIRECT] 
2026-04-09 16:29:16,064 [ERROR] LogOutputStream:75 - [STDERR_REDIRECT] [Fatal Error] :1:1: Premature end of file.
2026-04-09 16:29:16,064 [ERROR] LogOutputStream:75 - [STDERR_REDIRECT] 
2026-04-09 16:29:17,070 [ERROR] LogOutputStream:75 - [STDERR_REDIRECT] [Fatal Error] :1:1: Premature end of file.
2026-04-09 16:29:17,070 [ERROR] LogOutputStream:75 - [STDERR_REDIRECT] 
2026-04-09 16:29:18,086 [ERROR] LogOutputStream:75 - [STDERR_REDIRECT] [Fatal Error] :1:1: Premature end of file.
2026-04-09 16:29:18,086 [ERROR] LogOutputStream:75 - [STDERR_REDIRECT] 
2026-04-09 16:29:19,066 [ERROR] LogOutputStream:75 - [STDERR_REDIRECT] [Fatal Error] :1:1: Premature end of file.
2026-04-09 16:29:19,066 [ERROR] LogOutputStream:75 - [STDERR_REDIRECT] 
2026-04-09 16:29:20,092 [ERROR] LogOutputStream:75 - [STDERR_REDIRECT] [Fatal Error] :1:1: Premature end of file.
2026-04-09 16:29:20,092 [ERROR] LogOutputStream:75 - [STDERR_REDIRECT] 
2026-04-09 16:29:21,055 [ERROR] LogOutputStream:75 - [STDERR_REDIRECT] [Fatal Error] :1:1: Premature end of file.
2026-04-09 16:29:21,055 [ERROR] LogOutputStream:75 - [STDERR_REDIRECT] 
2026-04-09 16:29:22,097 [ERROR] LogOutputStream:75 - [STDERR_REDIRECT] [Fatal Error] :1:1: Premature end of file.
2026-04-09 16:29:22,097 [ERROR] LogOutputStream:75 - [STDERR_REDIRECT] 
2026-04-09 16:29:23,068 [ERROR] LogOutputStream:75 - [STDERR_REDIRECT] [Fatal Error] :1:1: Premature end of file.
2026-04-09 16:29:23,069 [ERROR] LogOutputStream:75 - [STDERR_REDIRECT] 
2026-04-09 16:29:24,067 [ERROR] LogOutputStream:75 - [STDERR_REDIRECT] [Fatal Error] :1:1: Premature end of file.
2026-04-09 16:29:24,067 [ERROR] LogOutputStream:75 - [STDERR_REDIRECT] 
2026-04-09 16:29:25,068 [ERROR] LogOutputStream:75 - [STDERR_REDIRECT] [Fatal Error] :1:1: Premature end of file.
2026-04-09 16:29:25,069 [ERROR] LogOutputStream:75 - [STDERR_REDIRECT] 
2026-04-09 16:29:26,074 [ERROR] LogOutputStream:75 - [STDERR_REDIRECT] [Fatal Error] :1:1: Premature end of file.
2026-04-09 16:29:26,074 [ERROR] LogOutputStream:75 - [STDERR_REDIRECT] 
2026-04-09 16:29:27,055 [ERROR] LogOutputStream:75 - [STDERR_REDIRECT] [Fatal Error] :1:1: Premature end of file.
2026-04-09 16:29:27,055 [ERROR] LogOutputStream:75 - [STDERR_REDIRECT] 
2026-04-09 16:29:28,110 [ERROR] LogOutputStream:75 - [STDERR_REDIRECT] [Fatal Error] :1:1: Premature end of file.
2026-04-09 16:29:28,110 [ERROR] LogOutputStream:75 - [STDERR_REDIRECT] 
2026-04-09 16:29:29,075 [ERROR] LogOutputStream:75 - [STDERR_REDIRECT] [Fatal Error] :1:1: Premature end of file.
2026-04-09 16:29:29,075 [ERROR] LogOutputStream:75 - [STDERR_REDIRECT] 
2026-04-09 16:29:30,090 [ERROR] LogOutputStream:75 - [STDERR_REDIRECT] [Fatal Error] :1:1: Premature end of file.
2026-04-09 16:29:30,091 [ERROR] LogOutputStream:75 - [STDERR_REDIRECT] 
2026-04-09 16:29:31,090 [ERROR] LogOutputStream:75 - [STDERR_REDIRECT] [Fatal Error] :1:1: Premature end of file.
2026-04-09 16:29:31,090 [ERROR] LogOutputStream:75 - [STDERR_REDIRECT] 
2026-04-09 16:29:32,078 [ERROR] LogOutputStream:75 - [STDERR_REDIRECT] [Fatal Error] :1:1: Premature end of file.
2026-04-09 16:29:32,078 [ERROR] LogOutputStream:75 - [STDERR_REDIRECT] 
2026-04-09 16:29:33,061 [ERROR] LogOutputStream:75 - [STDERR_REDIRECT] [Fatal Error] :1:1: Premature end of file.
2026-04-09 16:29:33,061 [ERROR] LogOutputStream:75 - [STDERR_REDIRECT] 
2026-04-09 16:29:34,079 [ERROR] LogOutputStream:75 - [STDERR_REDIRECT] [Fatal Error] :1:1: Premature end of file.
2026-04-09 16:29:34,079 [ERROR] LogOutputStream:75 - [STDERR_REDIRECT] 
2026-04-09 16:29:35,080 [ERROR] LogOutputStream:75 - [STDERR_REDIRECT] [Fatal Error] :1:1: Premature end of file.
2026-04-09 16:29:35,081 [ERROR] LogOutputStream:75 - [STDERR_REDIRECT] 
2026-04-09 16:29:36,187 [ERROR] LogOutputStream:75 - [STDERR_REDIRECT] [Fatal Error] :1:1: Premature end of file.
2026-04-09 16:29:36,192 [ERROR] LogOutputStream:75 - [STDERR_REDIRECT] 
2026-04-09 16:29:37,077 [ERROR] LogOutputStream:75 - [STDERR_REDIRECT] [Fatal Error] :1:1: Premature end of file.
2026-04-09 16:29:37,077 [ERROR] LogOutputStream:75 - [STDERR_REDIRECT] 
2026-04-09 16:29:38,055 [ERROR] LogOutputStream:75 - [STDERR_REDIRECT] [Fatal Error] :1:1: Premature end of file.
2026-04-09 16:29:38,055 [ERROR] LogOutputStream:75 - [STDERR_REDIRECT] 
2026-04-09 16:29:39,122 [ERROR] LogOutputStream:75 - [STDERR_REDIRECT] [Fatal Error] :1:1: Premature end of file.
2026-04-09 16:29:39,122 [ERROR] LogOutputStream:75 - [STDERR_REDIRECT] 
2026-04-09 16:29:40,126 [ERROR] LogOutputStream:75 - [STDERR_REDIRECT] [Fatal Error] :1:1: Premature end of file.
2026-04-09 16:29:40,126 [ERROR] LogOutputStream:75 - [STDERR_REDIRECT] 
2026-04-09 16:29:41,100 [ERROR] LogOutputStream:75 - [STDERR_REDIRECT] [Fatal Error] :1:1: Premature end of file.
2026-04-09 16:29:41,102 [ERROR] LogOutputStream:75 - [STDERR_REDIRECT] 
2026-04-09 16:29:42,076 [ERROR] LogOutputStream:75 - [STDERR_REDIRECT] [Fatal Error] :1:1: Premature end of file.
2026-04-09 16:29:42,077 [ERROR] LogOutputStream:75 - [STDERR_REDIRECT] 
2026-04-09 16:29:43,157 [ERROR] LogOutputStream:75 - [STDERR_REDIRECT] [Fatal Error] :1:1: Premature end of file.
2026-04-09 16:29:43,157 [ERROR] LogOutputStream:75 - [STDERR_REDIRECT] 
2026-04-09 16:29:44,113 [ERROR] LogOutputStream:75 - [STDERR_REDIRECT] [Fatal Error] :1:1: Premature end of file.
2026-04-09 16:29:44,121 [ERROR] LogOutputStream:75 - [STDERR_REDIRECT] 
2026-04-09 16:29:45,753 [ERROR] LogOutputStream:75 - [STDERR_REDIRECT] [Fatal Error] :1:1: Premature end of file.
2026-04-09 16:29:45,753 [ERROR] LogOutputStream:75 - [STDERR_REDIRECT] 
2026-04-09 16:29:46,070 [ERROR] LogOutputStream:75 - [STDERR_REDIRECT] [Fatal Error] :1:1: Premature end of file.
2026-04-09 16:29:46,070 [ERROR] LogOutputStream:75 - [STDERR_REDIRECT] 
2026-04-09 16:29:47,093 [ERROR] LogOutputStream:75 - [STDERR_REDIRECT] [Fatal Error] :1:1: Premature end of file.
2026-04-09 16:29:47,094 [ERROR] LogOutputStream:75 - [STDERR_REDIRECT] 
2026-04-09 16:29:48,089 [ERROR] LogOutputStream:75 - [STDERR_REDIRECT] [Fatal Error] :1:1: Premature end of file.
2026-04-09 16:29:48,089 [ERROR] LogOutputStream:75 - [STDERR_REDIRECT] 
2026-04-09 16:29:49,068 [ERROR] LogOutputStream:75 - [STDERR_REDIRECT] [Fatal Error] :1:1: Premature end of file.
2026-04-09 16:29:49,069 [ERROR] LogOutputStream:75 - [STDERR_REDIRECT] 
2026-04-09 16:29:50,093 [ERROR] LogOutputStream:75 - [STDERR_REDIRECT] [Fatal Error] :1:1: Premature end of file.
2026-04-09 16:29:50,093 [ERROR] LogOutputStream:75 - [STDERR_REDIRECT] 
2026-04-09 16:29:51,063 [ERROR] LogOutputStream:75 - [STDERR_REDIRECT] [Fatal Error] :1:1: Premature end of file.
2026-04-09 16:29:51,063 [ERROR] LogOutputStream:75 - [STDERR_REDIRECT] 
2026-04-09 16:29:52,074 [ERROR] LogOutputStream:75 - [STDERR_REDIRECT] [Fatal Error] :1:1: Premature end of file.
2026-04-09 16:29:52,074 [ERROR] LogOutputStream:75 - [STDERR_REDIRECT] 
2026-04-09 16:29:53,079 [ERROR] LogOutputStream:75 - [STDERR_REDIRECT] [Fatal Error] :1:1: Premature end of file.
2026-04-09 16:29:53,079 [ERROR] LogOutputStream:75 - [STDERR_REDIRECT] 
2026-04-09 16:29:54,091 [ERROR] LogOutputStream:75 - [STDERR_REDIRECT] [Fatal Error] :1:1: Premature end of file.
2026-04-09 16:29:54,091 [ERROR] LogOutputStream:75 - [STDERR_REDIRECT] 
2026-04-09 16:29:55,095 [ERROR] LogOutputStream:75 - [STDERR_REDIRECT] [Fatal Error] :1:1: Premature end of file.
2026-04-09 16:29:55,095 [ERROR] LogOutputStream:75 - [STDERR_REDIRECT] 
2026-04-09 16:29:56,076 [ERROR] LogOutputStream:75 - [STDERR_REDIRECT] [Fatal Error] :1:1: Premature end of file.
2026-04-09 16:29:56,076 [ERROR] LogOutputStream:75 - [STDERR_REDIRECT] 
2026-04-09 16:29:57,110 [ERROR] LogOutputStream:75 - [STDERR_REDIRECT] [Fatal Error] :1:1: Premature end of file.
2026-04-09 16:29:57,110 [ERROR] LogOutputStream:75 - [STDERR_REDIRECT] 
2026-04-09 16:29:58,108 [ERROR] LogOutputStream:75 - [STDERR_REDIRECT] [Fatal Error] :1:1: Premature end of file.
2026-04-09 16:29:58,109 [ERROR] LogOutputStream:75 - [STDERR_REDIRECT] 
2026-04-09 16:29:59,096 [ERROR] LogOutputStream:75 - [STDERR_REDIRECT] [Fatal Error] :1:1: Premature end of file.
2026-04-09 16:29:59,096 [ERROR] LogOutputStream:75 - [STDERR_REDIRECT] 
2026-04-09 16:30:00,151 [ERROR] LogOutputStream:75 - [STDERR_REDIRECT] [Fatal Error] :1:1: Premature end of file.
2026-04-09 16:30:00,151 [ERROR] LogOutputStream:75 - [STDERR_REDIRECT] 
2026-04-09 16:30:01,096 [ERROR] LogOutputStream:75 - [STDERR_REDIRECT] [Fatal Error] :1:1: Premature end of file.
2026-04-09 16:30:01,096 [ERROR] LogOutputStream:75 - [STDERR_REDIRECT] 
2026-04-09 16:30:02,072 [ERROR] LogOutputStream:75 - [STDERR_REDIRECT] [Fatal Error] :1:1: Premature end of file.
2026-04-09 16:30:02,072 [ERROR] LogOutputStream:75 - [STDERR_REDIRECT] 
2026-04-09 16:30:03,086 [ERROR] LogOutputStream:75 - [STDERR_REDIRECT] [Fatal Error] :1:1: Premature end of file.
2026-04-09 16:30:03,086 [ERROR] LogOutputStream:75 - [STDERR_REDIRECT] 
2026-04-09 16:30:04,307 [ERROR] LogOutputStream:75 - [STDERR_REDIRECT] [Fatal Error] :1:1: Premature end of file.
2026-04-09 16:30:04,307 [ERROR] LogOutputStream:75 - [STDERR_REDIRECT] 
2026-04-09 16:30:05,325 [ERROR] LogOutputStream:75 - [STDERR_REDIRECT] [Fatal Error] :1:1: Premature end of file.
2026-04-09 16:30:05,326 [ERROR] LogOutputStream:75 - [STDERR_REDIRECT] 
2026-04-09 16:30:06,424 [ERROR] LogOutputStream:75 - [STDERR_REDIRECT] [Fatal Error] :1:1: Premature end of file.
2026-04-09 16:30:06,424 [ERROR] LogOutputStream:75 - [STDERR_REDIRECT] 
2026-04-09 16:30:07,095 [ERROR] LogOutputStream:75 - [STDERR_REDIRECT] [Fatal Error] :1:1: Premature end of file.
2026-04-09 16:30:07,095 [ERROR] LogOutputStream:75 - [STDERR_REDIRECT] 
2026-04-09 16:30:08,272 [ERROR] LogOutputStream:75 - [STDERR_REDIRECT] [Fatal Error] :1:1: Premature end of file.
2026-04-09 16:30:08,272 [ERROR] LogOutputStream:75 - [STDERR_REDIRECT] 
2026-04-09 16:30:09,117 [ERROR] LogOutputStream:75 - [STDERR_REDIRECT] [Fatal Error] :1:1: Premature end of file.
2026-04-09 16:30:09,118 [ERROR] LogOutputStream:75 - [STDERR_REDIRECT] 
2026-04-09 16:30:10,069 [ERROR] LogOutputStream:75 - [STDERR_REDIRECT] [Fatal Error] :1:1: Premature end of file.
2026-04-09 16:30:10,069 [ERROR] LogOutputStream:75 - [STDERR_REDIRECT] 
2026-04-09 16:30:11,595 [ERROR] LogOutputStream:75 - [STDERR_REDIRECT] [Fatal Error] :1:1: Premature end of file.
2026-04-09 16:30:11,595 [ERROR] LogOutputStream:75 - [STDERR_REDIRECT] 
2026-04-09 16:30:12,068 [ERROR] LogOutputStream:75 - [STDERR_REDIRECT] [Fatal Error] :1:1: Premature end of file.
2026-04-09 16:30:12,068 [ERROR] LogOutputStream:75 - [STDERR_REDIRECT] 
2026-04-09 16:30:13,075 [ERROR] LogOutputStream:75 - [STDERR_REDIRECT] [Fatal Error] :1:1: Premature end of file.
2026-04-09 16:30:13,076 [ERROR] LogOutputStream:75 - [STDERR_REDIRECT] 
2026-04-09 16:30:14,065 [ERROR] LogOutputStream:75 - [STDERR_REDIRECT] [Fatal Error] :1:1: Premature end of file.
2026-04-09 16:30:14,065 [ERROR] LogOutputStream:75 - [STDERR_REDIRECT] 
2026-04-09 16:30:15,064 [ERROR] LogOutputStream:75 - [STDERR_REDIRECT] [Fatal Error] :1:1: Premature end of file.
2026-04-09 16:30:15,064 [ERROR] LogOutputStream:75 - [STDERR_REDIRECT] 
2026-04-09 16:30:16,076 [ERROR] LogOutputStream:75 - [STDERR_REDIRECT] [Fatal Error] :1:1: Premature end of file.
2026-04-09 16:30:16,076 [ERROR] LogOutputStream:75 - [STDERR_REDIRECT] 
2026-04-09 16:30:17,075 [ERROR] LogOutputStream:75 - [STDERR_REDIRECT] [Fatal Error] :1:1: Premature end of file.
2026-04-09 16:30:17,075 [ERROR] LogOutputStream:75 - [STDERR_REDIRECT] 
2026-04-09 16:30:18,066 [ERROR] LogOutputStream:75 - [STDERR_REDIRECT] [Fatal Error] :1:1: Premature end of file.
2026-04-09 16:30:18,066 [ERROR] LogOutputStream:75 - [STDERR_REDIRECT] 
2026-04-09 16:30:19,111 [ERROR] LogOutputStream:75 - [STDERR_REDIRECT] [Fatal Error] :1:1: Premature end of file.
2026-04-09 16:30:19,112 [ERROR] LogOutputStream:75 - [STDERR_REDIRECT] 
2026-04-09 16:30:20,089 [ERROR] LogOutputStream:75 - [STDERR_REDIRECT] [Fatal Error] :1:1: Premature end of file.
2026-04-09 16:30:20,090 [ERROR] LogOutputStream:75 - [STDERR_REDIRECT] 
2026-04-09 16:30:21,110 [ERROR] LogOutputStream:75 - [STDERR_REDIRECT] [Fatal Error] :1:1: Premature end of file.
2026-04-09 16:30:21,111 [ERROR] LogOutputStream:75 - [STDERR_REDIRECT] 
2026-04-09 16:30:22,111 [ERROR] LogOutputStream:75 - [STDERR_REDIRECT] [Fatal Error] :1:1: Premature end of file.
2026-04-09 16:30:22,111 [ERROR] LogOutputStream:75 - [STDERR_REDIRECT] 
2026-04-09 16:30:23,061 [ERROR] LogOutputStream:75 - [STDERR_REDIRECT] [Fatal Error] :1:1: Premature end of file.
2026-04-09 16:30:23,061 [ERROR] LogOutputStream:75 - [STDERR_REDIRECT] 
2026-04-09 16:30:24,111 [ERROR] LogOutputStream:75 - [STDERR_REDIRECT] [Fatal Error] :1:1: Premature end of file.
2026-04-09 16:30:24,111 [ERROR] LogOutputStream:75 - [STDERR_REDIRECT] 
2026-04-09 16:30:25,081 [ERROR] LogOutputStream:75 - [STDERR_REDIRECT] [Fatal Error] :1:1: Premature end of file.
2026-04-09 16:30:25,081 [ERROR] LogOutputStream:75 - [STDERR_REDIRECT] 
2026-04-09 16:30:26,091 [ERROR] LogOutputStream:75 - [STDERR_REDIRECT] [Fatal Error] :1:1: Premature end of file.
2026-04-09 16:30:26,093 [ERROR] LogOutputStream:75 - [STDERR_REDIRECT] 
2026-04-09 16:30:27,063 [ERROR] LogOutputStream:75 - [STDERR_REDIRECT] [Fatal Error] :1:1: Premature end of file.
2026-04-09 16:30:27,063 [ERROR] LogOutputStream:75 - [STDERR_REDIRECT] 
2026-04-09 16:30:28,106 [ERROR] LogOutputStream:75 - [STDERR_REDIRECT] [Fatal Error] :1:1: Premature end of file.
2026-04-09 16:30:28,106 [ERROR] LogOutputStream:75 - [STDERR_REDIRECT] 
2026-04-09 16:30:29,095 [ERROR] LogOutputStream:75 - [STDERR_REDIRECT] [Fatal Error] :1:1: Premature end of file.
2026-04-09 16:30:29,095 [ERROR] LogOutputStream:75 - [STDERR_REDIRECT] 
2026-04-09 16:30:30,095 [ERROR] LogOutputStream:75 - [STDERR_REDIRECT] [Fatal Error] :1:1: Premature end of file.
2026-04-09 16:30:30,095 [ERROR] LogOutputStream:75 - [STDERR_REDIRECT] 
2026-04-09 16:30:31,072 [ERROR] LogOutputStream:75 - [STDERR_REDIRECT] [Fatal Error] :1:1: Premature end of file.
2026-04-09 16:30:31,073 [ERROR] LogOutputStream:75 - [STDERR_REDIRECT] 
2026-04-09 16:30:32,090 [ERROR] LogOutputStream:75 - [STDERR_REDIRECT] [Fatal Error] :1:1: Premature end of file.
2026-04-09 16:30:32,090 [ERROR] LogOutputStream:75 - [STDERR_REDIRECT] 
2026-04-09 16:30:33,079 [ERROR] LogOutputStream:75 - [STDERR_REDIRECT] [Fatal Error] :1:1: Premature end of file.
2026-04-09 16:30:33,080 [ERROR] LogOutputStream:75 - [STDERR_REDIRECT] 
2026-04-09 16:30:34,103 [ERROR] LogOutputStream:75 - [STDERR_REDIRECT] [Fatal Error] :1:1: Premature end of file.
2026-04-09 16:30:34,103 [ERROR] LogOutputStream:75 - [STDERR_REDIRECT] 
2026-04-09 16:30:35,084 [ERROR] LogOutputStream:75 - [STDERR_REDIRECT] [Fatal Error] :1:1: Premature end of file.
2026-04-09 16:30:35,085 [ERROR] LogOutputStream:75 - [STDERR_REDIRECT] 
2026-04-09 16:30:36,092 [ERROR] LogOutputStream:75 - [STDERR_REDIRECT] [Fatal Error] :1:1: Premature end of file.
2026-04-09 16:30:36,093 [ERROR] LogOutputStream:75 - [STDERR_REDIRECT] 
