22:20:57 **** Incremental Build of configuration Debug for project f103c8t6 ****
make -j4 all 
arm-none-eabi-gcc "../App/Src/app_main.c" -mcpu=cortex-m3 -std=gnu11 -g3 -DDEBUG -DUSE_HAL_DRIVER -DSTM32F103xB -c -I../Core/Inc -I../App/Inc -I../Drivers/STM32F1xx_HAL_Driver/Inc/Legacy -I../Drivers/STM32F1xx_HAL_Driver/Inc -I../Drivers/CMSIS/Device/ST/STM32F1xx/Include -I../Drivers/CMSIS/Include -O0 -ffunction-sections -fdata-sections -Wall -fstack-usage -fcyclomatic-complexity -MMD -MP -MF"App/Src/app_main.d" -MT"App/Src/app_main.o" --specs=nano.specs -mfloat-abi=soft -mthumb -o "App/Src/app_main.o"
arm-none-eabi-gcc -o "f103c8t6.elf" @"objects.list"   -mcpu=cortex-m3 -T"C:\Personal\f103c8t6\f103c8t6\STM32F103C8TX_FLASH.ld" --specs=nosys.specs -Wl,-Map="f103c8t6.map" -Wl,--gc-sections -static --specs=nano.specs -mfloat-abi=soft -mthumb -Wl,--start-group -lc -lm -Wl,--end-group
Finished building target: f103c8t6.elf
 
arm-none-eabi-size  f103c8t6.elf 
arm-none-eabi-objdump -h -S f103c8t6.elf  > "f103c8t6.list"
   text	   data	    bss	    dec	    hex	filename
   8964	     12	   1652	  10628	   2984	f103c8t6.elf
Finished building: default.size.stdout
 
Finished building: f103c8t6.list
 

22:20:58 Build Finished. 0 errors, 0 warnings. (took 1s.308ms)

