21:16:44 **** Build of configuration Debug for project f103c8t6 ****
make -j4 all 
arm-none-eabi-gcc "../Drivers/STM32F1xx_HAL_Driver/Src/stm32f1xx_hal.c" -mcpu=cortex-m3 -std=gnu11 -g3 -DDEBUG -DUSE_HAL_DRIVER -DSTM32F103xB -c -I../Core/Inc -I../App/Inc -I../Drivers/STM32F1xx_HAL_Driver/Inc/Legacy -I../Drivers/STM32F1xx_HAL_Driver/Inc -I../Drivers/CMSIS/Device/ST/STM32F1xx/Include -I../Drivers/CMSIS/Include -O0 -ffunction-sections -fdata-sections -Wall -fstack-usage -fcyclomatic-complexity -MMD -MP -MF"Drivers/STM32F1xx_HAL_Driver/Src/stm32f1xx_hal.d" -MT"Drivers/STM32F1xx_HAL_Driver/Src/stm32f1xx_hal.o" --specs=nano.specs -mfloat-abi=soft -mthumb -o "Drivers/STM32F1xx_HAL_Driver/Src/stm32f1xx_hal.o"
arm-none-eabi-gcc "../Drivers/STM32F1xx_HAL_Driver/Src/stm32f1xx_hal_cortex.c" -mcpu=cortex-m3 -std=gnu11 -g3 -DDEBUG -DUSE_HAL_DRIVER -DSTM32F103xB -c -I../Core/Inc -I../App/Inc -I../Drivers/STM32F1xx_HAL_Driver/Inc/Legacy -I../Drivers/STM32F1xx_HAL_Driver/Inc -I../Drivers/CMSIS/Device/ST/STM32F1xx/Include -I../Drivers/CMSIS/Include -O0 -ffunction-sections -fdata-sections -Wall -fstack-usage -fcyclomatic-complexity -MMD -MP -MF"Drivers/STM32F1xx_HAL_Driver/Src/stm32f1xx_hal_cortex.d" -MT"Drivers/STM32F1xx_HAL_Driver/Src/stm32f1xx_hal_cortex.o" --specs=nano.specs -mfloat-abi=soft -mthumb -o "Drivers/STM32F1xx_HAL_Driver/Src/stm32f1xx_hal_cortex.o"
arm-none-eabi-gcc "../Drivers/STM32F1xx_HAL_Driver/Src/stm32f1xx_hal_dma.c" -mcpu=cortex-m3 -std=gnu11 -g3 -DDEBUG -DUSE_HAL_DRIVER -DSTM32F103xB -c -I../Core/Inc -I../App/Inc -I../Drivers/STM32F1xx_HAL_Driver/Inc/Legacy -I../Drivers/STM32F1xx_HAL_Driver/Inc -I../Drivers/CMSIS/Device/ST/STM32F1xx/Include -I../Drivers/CMSIS/Include -O0 -ffunction-sections -fdata-sections -Wall -fstack-usage -fcyclomatic-complexity -MMD -MP -MF"Drivers/STM32F1xx_HAL_Driver/Src/stm32f1xx_hal_dma.d" -MT"Drivers/STM32F1xx_HAL_Driver/Src/stm32f1xx_hal_dma.o" --specs=nano.specs -mfloat-abi=soft -mthumb -o "Drivers/STM32F1xx_HAL_Driver/Src/stm32f1xx_hal_dma.o"
arm-none-eabi-gcc "../Drivers/STM32F1xx_HAL_Driver/Src/stm32f1xx_hal_exti.c" -mcpu=cortex-m3 -std=gnu11 -g3 -DDEBUG -DUSE_HAL_DRIVER -DSTM32F103xB -c -I../Core/Inc -I../App/Inc -I../Drivers/STM32F1xx_HAL_Driver/Inc/Legacy -I../Drivers/STM32F1xx_HAL_Driver/Inc -I../Drivers/CMSIS/Device/ST/STM32F1xx/Include -I../Drivers/CMSIS/Include -O0 -ffunction-sections -fdata-sections -Wall -fstack-usage -fcyclomatic-complexity -MMD -MP -MF"Drivers/STM32F1xx_HAL_Driver/Src/stm32f1xx_hal_exti.d" -MT"Drivers/STM32F1xx_HAL_Driver/Src/stm32f1xx_hal_exti.o" --specs=nano.specs -mfloat-abi=soft -mthumb -o "Drivers/STM32F1xx_HAL_Driver/Src/stm32f1xx_hal_exti.o"
arm-none-eabi-gcc "../Drivers/STM32F1xx_HAL_Driver/Src/stm32f1xx_hal_flash.c" -mcpu=cortex-m3 -std=gnu11 -g3 -DDEBUG -DUSE_HAL_DRIVER -DSTM32F103xB -c -I../Core/Inc -I../App/Inc -I../Drivers/STM32F1xx_HAL_Driver/Inc/Legacy -I../Drivers/STM32F1xx_HAL_Driver/Inc -I../Drivers/CMSIS/Device/ST/STM32F1xx/Include -I../Drivers/CMSIS/Include -O0 -ffunction-sections -fdata-sections -Wall -fstack-usage -fcyclomatic-complexity -MMD -MP -MF"Drivers/STM32F1xx_HAL_Driver/Src/stm32f1xx_hal_flash.d" -MT"Drivers/STM32F1xx_HAL_Driver/Src/stm32f1xx_hal_flash.o" --specs=nano.specs -mfloat-abi=soft -mthumb -o "Drivers/STM32F1xx_HAL_Driver/Src/stm32f1xx_hal_flash.o"
arm-none-eabi-gcc "../Drivers/STM32F1xx_HAL_Driver/Src/stm32f1xx_hal_flash_ex.c" -mcpu=cortex-m3 -std=gnu11 -g3 -DDEBUG -DUSE_HAL_DRIVER -DSTM32F103xB -c -I../Core/Inc -I../App/Inc -I../Drivers/STM32F1xx_HAL_Driver/Inc/Legacy -I../Drivers/STM32F1xx_HAL_Driver/Inc -I../Drivers/CMSIS/Device/ST/STM32F1xx/Include -I../Drivers/CMSIS/Include -O0 -ffunction-sections -fdata-sections -Wall -fstack-usage -fcyclomatic-complexity -MMD -MP -MF"Drivers/STM32F1xx_HAL_Driver/Src/stm32f1xx_hal_flash_ex.d" -MT"Drivers/STM32F1xx_HAL_Driver/Src/stm32f1xx_hal_flash_ex.o" --specs=nano.specs -mfloat-abi=soft -mthumb -o "Drivers/STM32F1xx_HAL_Driver/Src/stm32f1xx_hal_flash_ex.o"
arm-none-eabi-gcc "../Drivers/STM32F1xx_HAL_Driver/Src/stm32f1xx_hal_gpio.c" -mcpu=cortex-m3 -std=gnu11 -g3 -DDEBUG -DUSE_HAL_DRIVER -DSTM32F103xB -c -I../Core/Inc -I../App/Inc -I../Drivers/STM32F1xx_HAL_Driver/Inc/Legacy -I../Drivers/STM32F1xx_HAL_Driver/Inc -I../Drivers/CMSIS/Device/ST/STM32F1xx/Include -I../Drivers/CMSIS/Include -O0 -ffunction-sections -fdata-sections -Wall -fstack-usage -fcyclomatic-complexity -MMD -MP -MF"Drivers/STM32F1xx_HAL_Driver/Src/stm32f1xx_hal_gpio.d" -MT"Drivers/STM32F1xx_HAL_Driver/Src/stm32f1xx_hal_gpio.o" --specs=nano.specs -mfloat-abi=soft -mthumb -o "Drivers/STM32F1xx_HAL_Driver/Src/stm32f1xx_hal_gpio.o"
arm-none-eabi-gcc "../Drivers/STM32F1xx_HAL_Driver/Src/stm32f1xx_hal_gpio_ex.c" -mcpu=cortex-m3 -std=gnu11 -g3 -DDEBUG -DUSE_HAL_DRIVER -DSTM32F103xB -c -I../Core/Inc -I../App/Inc -I../Drivers/STM32F1xx_HAL_Driver/Inc/Legacy -I../Drivers/STM32F1xx_HAL_Driver/Inc -I../Drivers/CMSIS/Device/ST/STM32F1xx/Include -I../Drivers/CMSIS/Include -O0 -ffunction-sections -fdata-sections -Wall -fstack-usage -fcyclomatic-complexity -MMD -MP -MF"Drivers/STM32F1xx_HAL_Driver/Src/stm32f1xx_hal_gpio_ex.d" -MT"Drivers/STM32F1xx_HAL_Driver/Src/stm32f1xx_hal_gpio_ex.o" --specs=nano.specs -mfloat-abi=soft -mthumb -o "Drivers/STM32F1xx_HAL_Driver/Src/stm32f1xx_hal_gpio_ex.o"
arm-none-eabi-gcc "../Drivers/STM32F1xx_HAL_Driver/Src/stm32f1xx_hal_pwr.c" -mcpu=cortex-m3 -std=gnu11 -g3 -DDEBUG -DUSE_HAL_DRIVER -DSTM32F103xB -c -I../Core/Inc -I../App/Inc -I../Drivers/STM32F1xx_HAL_Driver/Inc/Legacy -I../Drivers/STM32F1xx_HAL_Driver/Inc -I../Drivers/CMSIS/Device/ST/STM32F1xx/Include -I../Drivers/CMSIS/Include -O0 -ffunction-sections -fdata-sections -Wall -fstack-usage -fcyclomatic-complexity -MMD -MP -MF"Drivers/STM32F1xx_HAL_Driver/Src/stm32f1xx_hal_pwr.d" -MT"Drivers/STM32F1xx_HAL_Driver/Src/stm32f1xx_hal_pwr.o" --specs=nano.specs -mfloat-abi=soft -mthumb -o "Drivers/STM32F1xx_HAL_Driver/Src/stm32f1xx_hal_pwr.o"
arm-none-eabi-gcc "../Drivers/STM32F1xx_HAL_Driver/Src/stm32f1xx_hal_rcc.c" -mcpu=cortex-m3 -std=gnu11 -g3 -DDEBUG -DUSE_HAL_DRIVER -DSTM32F103xB -c -I../Core/Inc -I../App/Inc -I../Drivers/STM32F1xx_HAL_Driver/Inc/Legacy -I../Drivers/STM32F1xx_HAL_Driver/Inc -I../Drivers/CMSIS/Device/ST/STM32F1xx/Include -I../Drivers/CMSIS/Include -O0 -ffunction-sections -fdata-sections -Wall -fstack-usage -fcyclomatic-complexity -MMD -MP -MF"Drivers/STM32F1xx_HAL_Driver/Src/stm32f1xx_hal_rcc.d" -MT"Drivers/STM32F1xx_HAL_Driver/Src/stm32f1xx_hal_rcc.o" --specs=nano.specs -mfloat-abi=soft -mthumb -o "Drivers/STM32F1xx_HAL_Driver/Src/stm32f1xx_hal_rcc.o"
arm-none-eabi-gcc "../Drivers/STM32F1xx_HAL_Driver/Src/stm32f1xx_hal_rcc_ex.c" -mcpu=cortex-m3 -std=gnu11 -g3 -DDEBUG -DUSE_HAL_DRIVER -DSTM32F103xB -c -I../Core/Inc -I../App/Inc -I../Drivers/STM32F1xx_HAL_Driver/Inc/Legacy -I../Drivers/STM32F1xx_HAL_Driver/Inc -I../Drivers/CMSIS/Device/ST/STM32F1xx/Include -I../Drivers/CMSIS/Include -O0 -ffunction-sections -fdata-sections -Wall -fstack-usage -fcyclomatic-complexity -MMD -MP -MF"Drivers/STM32F1xx_HAL_Driver/Src/stm32f1xx_hal_rcc_ex.d" -MT"Drivers/STM32F1xx_HAL_Driver/Src/stm32f1xx_hal_rcc_ex.o" --specs=nano.specs -mfloat-abi=soft -mthumb -o "Drivers/STM32F1xx_HAL_Driver/Src/stm32f1xx_hal_rcc_ex.o"
arm-none-eabi-gcc -mcpu=cortex-m3 -g3 -DDEBUG -c -x assembler-with-cpp -MMD -MP -MF"Core/Startup/startup_stm32f103c8tx.d" -MT"Core/Startup/startup_stm32f103c8tx.o" --specs=nano.specs -mfloat-abi=soft -mthumb -o "Core/Startup/startup_stm32f103c8tx.o" "../Core/Startup/startup_stm32f103c8tx.s"
arm-none-eabi-gcc "../Core/Src/main.c" -mcpu=cortex-m3 -std=gnu11 -g3 -DDEBUG -DUSE_HAL_DRIVER -DSTM32F103xB -c -I../Core/Inc -I../App/Inc -I../Drivers/STM32F1xx_HAL_Driver/Inc/Legacy -I../Drivers/STM32F1xx_HAL_Driver/Inc -I../Drivers/CMSIS/Device/ST/STM32F1xx/Include -I../Drivers/CMSIS/Include -O0 -ffunction-sections -fdata-sections -Wall -fstack-usage -fcyclomatic-complexity -MMD -MP -MF"Core/Src/main.d" -MT"Core/Src/main.o" --specs=nano.specs -mfloat-abi=soft -mthumb -o "Core/Src/main.o"
arm-none-eabi-gcc "../Core/Src/stm32f1xx_hal_msp.c" -mcpu=cortex-m3 -std=gnu11 -g3 -DDEBUG -DUSE_HAL_DRIVER -DSTM32F103xB -c -I../Core/Inc -I../App/Inc -I../Drivers/STM32F1xx_HAL_Driver/Inc/Legacy -I../Drivers/STM32F1xx_HAL_Driver/Inc -I../Drivers/CMSIS/Device/ST/STM32F1xx/Include -I../Drivers/CMSIS/Include -O0 -ffunction-sections -fdata-sections -Wall -fstack-usage -fcyclomatic-complexity -MMD -MP -MF"Core/Src/stm32f1xx_hal_msp.d" -MT"Core/Src/stm32f1xx_hal_msp.o" --specs=nano.specs -mfloat-abi=soft -mthumb -o "Core/Src/stm32f1xx_hal_msp.o"
arm-none-eabi-gcc "../Core/Src/stm32f1xx_it.c" -mcpu=cortex-m3 -std=gnu11 -g3 -DDEBUG -DUSE_HAL_DRIVER -DSTM32F103xB -c -I../Core/Inc -I../App/Inc -I../Drivers/STM32F1xx_HAL_Driver/Inc/Legacy -I../Drivers/STM32F1xx_HAL_Driver/Inc -I../Drivers/CMSIS/Device/ST/STM32F1xx/Include -I../Drivers/CMSIS/Include -O0 -ffunction-sections -fdata-sections -Wall -fstack-usage -fcyclomatic-complexity -MMD -MP -MF"Core/Src/stm32f1xx_it.d" -MT"Core/Src/stm32f1xx_it.o" --specs=nano.specs -mfloat-abi=soft -mthumb -o "Core/Src/stm32f1xx_it.o"
arm-none-eabi-gcc "../Core/Src/syscalls.c" -mcpu=cortex-m3 -std=gnu11 -g3 -DDEBUG -DUSE_HAL_DRIVER -DSTM32F103xB -c -I../Core/Inc -I../App/Inc -I../Drivers/STM32F1xx_HAL_Driver/Inc/Legacy -I../Drivers/STM32F1xx_HAL_Driver/Inc -I../Drivers/CMSIS/Device/ST/STM32F1xx/Include -I../Drivers/CMSIS/Include -O0 -ffunction-sections -fdata-sections -Wall -fstack-usage -fcyclomatic-complexity -MMD -MP -MF"Core/Src/syscalls.d" -MT"Core/Src/syscalls.o" --specs=nano.specs -mfloat-abi=soft -mthumb -o "Core/Src/syscalls.o"
arm-none-eabi-gcc "../Core/Src/sysmem.c" -mcpu=cortex-m3 -std=gnu11 -g3 -DDEBUG -DUSE_HAL_DRIVER -DSTM32F103xB -c -I../Core/Inc -I../App/Inc -I../Drivers/STM32F1xx_HAL_Driver/Inc/Legacy -I../Drivers/STM32F1xx_HAL_Driver/Inc -I../Drivers/CMSIS/Device/ST/STM32F1xx/Include -I../Drivers/CMSIS/Include -O0 -ffunction-sections -fdata-sections -Wall -fstack-usage -fcyclomatic-complexity -MMD -MP -MF"Core/Src/sysmem.d" -MT"Core/Src/sysmem.o" --specs=nano.specs -mfloat-abi=soft -mthumb -o "Core/Src/sysmem.o"
arm-none-eabi-gcc "../Core/Src/system_stm32f1xx.c" -mcpu=cortex-m3 -std=gnu11 -g3 -DDEBUG -DUSE_HAL_DRIVER -DSTM32F103xB -c -I../Core/Inc -I../App/Inc -I../Drivers/STM32F1xx_HAL_Driver/Inc/Legacy -I../Drivers/STM32F1xx_HAL_Driver/Inc -I../Drivers/CMSIS/Device/ST/STM32F1xx/Include -I../Drivers/CMSIS/Include -O0 -ffunction-sections -fdata-sections -Wall -fstack-usage -fcyclomatic-complexity -MMD -MP -MF"Core/Src/system_stm32f1xx.d" -MT"Core/Src/system_stm32f1xx.o" --specs=nano.specs -mfloat-abi=soft -mthumb -o "Core/Src/system_stm32f1xx.o"
arm-none-eabi-gcc "../App/Src/output.c" -mcpu=cortex-m3 -std=gnu11 -g3 -DDEBUG -DUSE_HAL_DRIVER -DSTM32F103xB -c -I../Core/Inc -I../App/Inc -I../Drivers/STM32F1xx_HAL_Driver/Inc/Legacy -I../Drivers/STM32F1xx_HAL_Driver/Inc -I../Drivers/CMSIS/Device/ST/STM32F1xx/Include -I../Drivers/CMSIS/Include -O0 -ffunction-sections -fdata-sections -Wall -fstack-usage -fcyclomatic-complexity -MMD -MP -MF"App/Src/output.d" -MT"App/Src/output.o" --specs=nano.specs -mfloat-abi=soft -mthumb -o "App/Src/output.o"
../App/Src/output.c:12:1: error: expected identifier or '(' before '{' token
   12 | {
      | ^
../App/Src/output.c:18:1: error: expected identifier or '(' before '{' token
   18 | {
      | ^
make: *** [App/Src/subdir.mk:19: App/Src/output.o] Error 1
make: *** Waiting for unfinished jobs....
"make -j4 all" terminated with exit code 2. Build might be incomplete.
21:18:44 **** Incremental Build of configuration Debug for project f103c8t6 ****
make -j4 all 
arm-none-eabi-gcc "../App/Src/output.c" -mcpu=cortex-m3 -std=gnu11 -g3 -DDEBUG -DUSE_HAL_DRIVER -DSTM32F103xB -c -I../Core/Inc -I../App/Inc -I../Drivers/STM32F1xx_HAL_Driver/Inc/Legacy -I../Drivers/STM32F1xx_HAL_Driver/Inc -I../Drivers/CMSIS/Device/ST/STM32F1xx/Include -I../Drivers/CMSIS/Include -O0 -ffunction-sections -fdata-sections -Wall -fstack-usage -fcyclomatic-complexity -MMD -MP -MF"App/Src/output.d" -MT"App/Src/output.o" --specs=nano.specs -mfloat-abi=soft -mthumb -o "App/Src/output.o"
../App/Src/output.c: In function 'Output_TurnOn':
../App/Src/output.c:20:9: error: unknown type name 'bool'
   20 |         bool type  = (this->type == OUTPUT_ACTIVE_HIGH) ? OUTPUT_ACTIVE_HIGH : OUTPUT_ACTIVE_LOW;
      |         ^~~~
../App/Src/output.c:10:1: note: 'bool' is defined in header '<stdbool.h>'; did you forget to '#include <stdbool.h>'?
    9 | #include <output.h>
  +++ |+#include <stdbool.h>
   10 | 
make: *** [App/Src/subdir.mk:19: App/Src/output.o] Error 1
"make -j4 all" terminated with exit code 2. Build might be incomplete.
21:19:01 **** Incremental Build of configuration Debug for project f103c8t6 ****
make -j4 all 
arm-none-eabi-gcc "../App/Src/output.c" -mcpu=cortex-m3 -std=gnu11 -g3 -DDEBUG -DUSE_HAL_DRIVER -DSTM32F103xB -c -I../Core/Inc -I../App/Inc -I../Drivers/STM32F1xx_HAL_Driver/Inc/Legacy -I../Drivers/STM32F1xx_HAL_Driver/Inc -I../Drivers/CMSIS/Device/ST/STM32F1xx/Include -I../Drivers/CMSIS/Include -O0 -ffunction-sections -fdata-sections -Wall -fstack-usage -fcyclomatic-complexity -MMD -MP -MF"App/Src/output.d" -MT"App/Src/output.o" --specs=nano.specs -mfloat-abi=soft -mthumb -o "App/Src/output.o"
arm-none-eabi-gcc -o "f103c8t6.elf" @"objects.list"   -mcpu=cortex-m3 -T"C:\Personal\f103c8t6\f103c8t6\STM32F103C8TX_FLASH.ld" --specs=nosys.specs -Wl,-Map="f103c8t6.map" -Wl,--gc-sections -static --specs=nano.specs -mfloat-abi=soft -mthumb -Wl,--start-group -lc -lm -Wl,--end-group
Finished building target: f103c8t6.elf
 
arm-none-eabi-size  f103c8t6.elf 
arm-none-eabi-objdump -h -S f103c8t6.elf  > "f103c8t6.list"
   text	   data	    bss	    dec	    hex	filename
   4544	     12	   1572	   6128	   17f0	f103c8t6.elf
Finished building: default.size.stdout
 
Finished building: f103c8t6.list
 
21:26:28 **** Incremental Build of configuration Debug for project f103c8t6 ****
make -j4 all 
arm-none-eabi-gcc "../Core/Src/main.c" -mcpu=cortex-m3 -std=gnu11 -g3 -DDEBUG -DUSE_HAL_DRIVER -DSTM32F103xB -c -I../Core/Inc -I../App/Inc -I../Drivers/STM32F1xx_HAL_Driver/Inc/Legacy -I../Drivers/STM32F1xx_HAL_Driver/Inc -I../Drivers/CMSIS/Device/ST/STM32F1xx/Include -I../Drivers/CMSIS/Include -O0 -ffunction-sections -fdata-sections -Wall -fstack-usage -fcyclomatic-complexity -MMD -MP -MF"Core/Src/main.d" -MT"Core/Src/main.o" --specs=nano.specs -mfloat-abi=soft -mthumb -o "Core/Src/main.o"
arm-none-eabi-gcc "../App/Src/app_main.c" -mcpu=cortex-m3 -std=gnu11 -g3 -DDEBUG -DUSE_HAL_DRIVER -DSTM32F103xB -c -I../Core/Inc -I../App/Inc -I../Drivers/STM32F1xx_HAL_Driver/Inc/Legacy -I../Drivers/STM32F1xx_HAL_Driver/Inc -I../Drivers/CMSIS/Device/ST/STM32F1xx/Include -I../Drivers/CMSIS/Include -O0 -ffunction-sections -fdata-sections -Wall -fstack-usage -fcyclomatic-complexity -MMD -MP -MF"App/Src/app_main.d" -MT"App/Src/app_main.o" --specs=nano.specs -mfloat-abi=soft -mthumb -o "App/Src/app_main.o"
arm-none-eabi-gcc "../App/Src/output.c" -mcpu=cortex-m3 -std=gnu11 -g3 -DDEBUG -DUSE_HAL_DRIVER -DSTM32F103xB -c -I../Core/Inc -I../App/Inc -I../Drivers/STM32F1xx_HAL_Driver/Inc/Legacy -I../Drivers/STM32F1xx_HAL_Driver/Inc -I../Drivers/CMSIS/Device/ST/STM32F1xx/Include -I../Drivers/CMSIS/Include -O0 -ffunction-sections -fdata-sections -Wall -fstack-usage -fcyclomatic-complexity -MMD -MP -MF"App/Src/output.d" -MT"App/Src/output.o" --specs=nano.specs -mfloat-abi=soft -mthumb -o "App/Src/output.o"
arm-none-eabi-gcc -o "f103c8t6.elf" @"objects.list"   -mcpu=cortex-m3 -T"C:\Personal\f103c8t6\f103c8t6\STM32F103C8TX_FLASH.ld" --specs=nosys.specs -Wl,-Map="f103c8t6.map" -Wl,--gc-sections -static --specs=nano.specs -mfloat-abi=soft -mthumb -Wl,--start-group -lc -lm -Wl,--end-group
Finished building target: f103c8t6.elf
 
arm-none-eabi-size  f103c8t6.elf 
arm-none-eabi-objdump -h -S f103c8t6.elf  > "f103c8t6.list"
   text	   data	    bss	    dec	    hex	filename
   4860	     12	   1580	   6452	   1934	f103c8t6.elf
Finished building: default.size.stdout
 
Finished building: f103c8t6.list
 
21:26:36 **** Incremental Build of configuration Debug for project f103c8t6 ****
make -j4 all 
arm-none-eabi-size  f103c8t6.elf 
   text	   data	    bss	    dec	    hex	filename
   4860	     12	   1580	   6452	   1934	f103c8t6.elf
Finished building: default.size.stdout
 
22:10:27 **** Incremental Build of configuration Debug for project f103c8t6 ****
make -j4 all 
arm-none-eabi-gcc "../Drivers/STM32F1xx_HAL_Driver/Src/stm32f1xx_hal.c" -mcpu=cortex-m3 -std=gnu11 -g3 -DDEBUG -DUSE_HAL_DRIVER -DSTM32F103xB -c -I../Core/Inc -I../App/Inc -I../Drivers/STM32F1xx_HAL_Driver/Inc/Legacy -I../Drivers/STM32F1xx_HAL_Driver/Inc -I../Drivers/CMSIS/Device/ST/STM32F1xx/Include -I../Drivers/CMSIS/Include -O0 -ffunction-sections -fdata-sections -Wall -fstack-usage -fcyclomatic-complexity -MMD -MP -MF"Drivers/STM32F1xx_HAL_Driver/Src/stm32f1xx_hal.d" -MT"Drivers/STM32F1xx_HAL_Driver/Src/stm32f1xx_hal.o" --specs=nano.specs -mfloat-abi=soft -mthumb -o "Drivers/STM32F1xx_HAL_Driver/Src/stm32f1xx_hal.o"
arm-none-eabi-gcc "../Drivers/STM32F1xx_HAL_Driver/Src/stm32f1xx_hal_cortex.c" -mcpu=cortex-m3 -std=gnu11 -g3 -DDEBUG -DUSE_HAL_DRIVER -DSTM32F103xB -c -I../Core/Inc -I../App/Inc -I../Drivers/STM32F1xx_HAL_Driver/Inc/Legacy -I../Drivers/STM32F1xx_HAL_Driver/Inc -I../Drivers/CMSIS/Device/ST/STM32F1xx/Include -I../Drivers/CMSIS/Include -O0 -ffunction-sections -fdata-sections -Wall -fstack-usage -fcyclomatic-complexity -MMD -MP -MF"Drivers/STM32F1xx_HAL_Driver/Src/stm32f1xx_hal_cortex.d" -MT"Drivers/STM32F1xx_HAL_Driver/Src/stm32f1xx_hal_cortex.o" --specs=nano.specs -mfloat-abi=soft -mthumb -o "Drivers/STM32F1xx_HAL_Driver/Src/stm32f1xx_hal_cortex.o"
arm-none-eabi-gcc "../Drivers/STM32F1xx_HAL_Driver/Src/stm32f1xx_hal_dma.c" -mcpu=cortex-m3 -std=gnu11 -g3 -DDEBUG -DUSE_HAL_DRIVER -DSTM32F103xB -c -I../Core/Inc -I../App/Inc -I../Drivers/STM32F1xx_HAL_Driver/Inc/Legacy -I../Drivers/STM32F1xx_HAL_Driver/Inc -I../Drivers/CMSIS/Device/ST/STM32F1xx/Include -I../Drivers/CMSIS/Include -O0 -ffunction-sections -fdata-sections -Wall -fstack-usage -fcyclomatic-complexity -MMD -MP -MF"Drivers/STM32F1xx_HAL_Driver/Src/stm32f1xx_hal_dma.d" -MT"Drivers/STM32F1xx_HAL_Driver/Src/stm32f1xx_hal_dma.o" --specs=nano.specs -mfloat-abi=soft -mthumb -o "Drivers/STM32F1xx_HAL_Driver/Src/stm32f1xx_hal_dma.o"
arm-none-eabi-gcc "../Drivers/STM32F1xx_HAL_Driver/Src/stm32f1xx_hal_exti.c" -mcpu=cortex-m3 -std=gnu11 -g3 -DDEBUG -DUSE_HAL_DRIVER -DSTM32F103xB -c -I../Core/Inc -I../App/Inc -I../Drivers/STM32F1xx_HAL_Driver/Inc/Legacy -I../Drivers/STM32F1xx_HAL_Driver/Inc -I../Drivers/CMSIS/Device/ST/STM32F1xx/Include -I../Drivers/CMSIS/Include -O0 -ffunction-sections -fdata-sections -Wall -fstack-usage -fcyclomatic-complexity -MMD -MP -MF"Drivers/STM32F1xx_HAL_Driver/Src/stm32f1xx_hal_exti.d" -MT"Drivers/STM32F1xx_HAL_Driver/Src/stm32f1xx_hal_exti.o" --specs=nano.specs -mfloat-abi=soft -mthumb -o "Drivers/STM32F1xx_HAL_Driver/Src/stm32f1xx_hal_exti.o"
arm-none-eabi-gcc "../Drivers/STM32F1xx_HAL_Driver/Src/stm32f1xx_hal_flash.c" -mcpu=cortex-m3 -std=gnu11 -g3 -DDEBUG -DUSE_HAL_DRIVER -DSTM32F103xB -c -I../Core/Inc -I../App/Inc -I../Drivers/STM32F1xx_HAL_Driver/Inc/Legacy -I../Drivers/STM32F1xx_HAL_Driver/Inc -I../Drivers/CMSIS/Device/ST/STM32F1xx/Include -I../Drivers/CMSIS/Include -O0 -ffunction-sections -fdata-sections -Wall -fstack-usage -fcyclomatic-complexity -MMD -MP -MF"Drivers/STM32F1xx_HAL_Driver/Src/stm32f1xx_hal_flash.d" -MT"Drivers/STM32F1xx_HAL_Driver/Src/stm32f1xx_hal_flash.o" --specs=nano.specs -mfloat-abi=soft -mthumb -o "Drivers/STM32F1xx_HAL_Driver/Src/stm32f1xx_hal_flash.o"
arm-none-eabi-gcc "../Drivers/STM32F1xx_HAL_Driver/Src/stm32f1xx_hal_flash_ex.c" -mcpu=cortex-m3 -std=gnu11 -g3 -DDEBUG -DUSE_HAL_DRIVER -DSTM32F103xB -c -I../Core/Inc -I../App/Inc -I../Drivers/STM32F1xx_HAL_Driver/Inc/Legacy -I../Drivers/STM32F1xx_HAL_Driver/Inc -I../Drivers/CMSIS/Device/ST/STM32F1xx/Include -I../Drivers/CMSIS/Include -O0 -ffunction-sections -fdata-sections -Wall -fstack-usage -fcyclomatic-complexity -MMD -MP -MF"Drivers/STM32F1xx_HAL_Driver/Src/stm32f1xx_hal_flash_ex.d" -MT"Drivers/STM32F1xx_HAL_Driver/Src/stm32f1xx_hal_flash_ex.o" --specs=nano.specs -mfloat-abi=soft -mthumb -o "Drivers/STM32F1xx_HAL_Driver/Src/stm32f1xx_hal_flash_ex.o"
arm-none-eabi-gcc "../Drivers/STM32F1xx_HAL_Driver/Src/stm32f1xx_hal_gpio.c" -mcpu=cortex-m3 -std=gnu11 -g3 -DDEBUG -DUSE_HAL_DRIVER -DSTM32F103xB -c -I../Core/Inc -I../App/Inc -I../Drivers/STM32F1xx_HAL_Driver/Inc/Legacy -I../Drivers/STM32F1xx_HAL_Driver/Inc -I../Drivers/CMSIS/Device/ST/STM32F1xx/Include -I../Drivers/CMSIS/Include -O0 -ffunction-sections -fdata-sections -Wall -fstack-usage -fcyclomatic-complexity -MMD -MP -MF"Drivers/STM32F1xx_HAL_Driver/Src/stm32f1xx_hal_gpio.d" -MT"Drivers/STM32F1xx_HAL_Driver/Src/stm32f1xx_hal_gpio.o" --specs=nano.specs -mfloat-abi=soft -mthumb -o "Drivers/STM32F1xx_HAL_Driver/Src/stm32f1xx_hal_gpio.o"
arm-none-eabi-gcc "../Drivers/STM32F1xx_HAL_Driver/Src/stm32f1xx_hal_gpio_ex.c" -mcpu=cortex-m3 -std=gnu11 -g3 -DDEBUG -DUSE_HAL_DRIVER -DSTM32F103xB -c -I../Core/Inc -I../App/Inc -I../Drivers/STM32F1xx_HAL_Driver/Inc/Legacy -I../Drivers/STM32F1xx_HAL_Driver/Inc -I../Drivers/CMSIS/Device/ST/STM32F1xx/Include -I../Drivers/CMSIS/Include -O0 -ffunction-sections -fdata-sections -Wall -fstack-usage -fcyclomatic-complexity -MMD -MP -MF"Drivers/STM32F1xx_HAL_Driver/Src/stm32f1xx_hal_gpio_ex.d" -MT"Drivers/STM32F1xx_HAL_Driver/Src/stm32f1xx_hal_gpio_ex.o" --specs=nano.specs -mfloat-abi=soft -mthumb -o "Drivers/STM32F1xx_HAL_Driver/Src/stm32f1xx_hal_gpio_ex.o"
arm-none-eabi-gcc "../Drivers/STM32F1xx_HAL_Driver/Src/stm32f1xx_hal_pwr.c" -mcpu=cortex-m3 -std=gnu11 -g3 -DDEBUG -DUSE_HAL_DRIVER -DSTM32F103xB -c -I../Core/Inc -I../App/Inc -I../Drivers/STM32F1xx_HAL_Driver/Inc/Legacy -I../Drivers/STM32F1xx_HAL_Driver/Inc -I../Drivers/CMSIS/Device/ST/STM32F1xx/Include -I../Drivers/CMSIS/Include -O0 -ffunction-sections -fdata-sections -Wall -fstack-usage -fcyclomatic-complexity -MMD -MP -MF"Drivers/STM32F1xx_HAL_Driver/Src/stm32f1xx_hal_pwr.d" -MT"Drivers/STM32F1xx_HAL_Driver/Src/stm32f1xx_hal_pwr.o" --specs=nano.specs -mfloat-abi=soft -mthumb -o "Drivers/STM32F1xx_HAL_Driver/Src/stm32f1xx_hal_pwr.o"
arm-none-eabi-gcc "../Drivers/STM32F1xx_HAL_Driver/Src/stm32f1xx_hal_rcc.c" -mcpu=cortex-m3 -std=gnu11 -g3 -DDEBUG -DUSE_HAL_DRIVER -DSTM32F103xB -c -I../Core/Inc -I../App/Inc -I../Drivers/STM32F1xx_HAL_Driver/Inc/Legacy -I../Drivers/STM32F1xx_HAL_Driver/Inc -I../Drivers/CMSIS/Device/ST/STM32F1xx/Include -I../Drivers/CMSIS/Include -O0 -ffunction-sections -fdata-sections -Wall -fstack-usage -fcyclomatic-complexity -MMD -MP -MF"Drivers/STM32F1xx_HAL_Driver/Src/stm32f1xx_hal_rcc.d" -MT"Drivers/STM32F1xx_HAL_Driver/Src/stm32f1xx_hal_rcc.o" --specs=nano.specs -mfloat-abi=soft -mthumb -o "Drivers/STM32F1xx_HAL_Driver/Src/stm32f1xx_hal_rcc.o"
arm-none-eabi-gcc "../Drivers/STM32F1xx_HAL_Driver/Src/stm32f1xx_hal_rcc_ex.c" -mcpu=cortex-m3 -std=gnu11 -g3 -DDEBUG -DUSE_HAL_DRIVER -DSTM32F103xB -c -I../Core/Inc -I../App/Inc -I../Drivers/STM32F1xx_HAL_Driver/Inc/Legacy -I../Drivers/STM32F1xx_HAL_Driver/Inc -I../Drivers/CMSIS/Device/ST/STM32F1xx/Include -I../Drivers/CMSIS/Include -O0 -ffunction-sections -fdata-sections -Wall -fstack-usage -fcyclomatic-complexity -MMD -MP -MF"Drivers/STM32F1xx_HAL_Driver/Src/stm32f1xx_hal_rcc_ex.d" -MT"Drivers/STM32F1xx_HAL_Driver/Src/stm32f1xx_hal_rcc_ex.o" --specs=nano.specs -mfloat-abi=soft -mthumb -o "Drivers/STM32F1xx_HAL_Driver/Src/stm32f1xx_hal_rcc_ex.o"
arm-none-eabi-gcc "../Drivers/STM32F1xx_HAL_Driver/Src/stm32f1xx_hal_tim.c" -mcpu=cortex-m3 -std=gnu11 -g3 -DDEBUG -DUSE_HAL_DRIVER -DSTM32F103xB -c -I../Core/Inc -I../App/Inc -I../Drivers/STM32F1xx_HAL_Driver/Inc/Legacy -I../Drivers/STM32F1xx_HAL_Driver/Inc -I../Drivers/CMSIS/Device/ST/STM32F1xx/Include -I../Drivers/CMSIS/Include -O0 -ffunction-sections -fdata-sections -Wall -fstack-usage -fcyclomatic-complexity -MMD -MP -MF"Drivers/STM32F1xx_HAL_Driver/Src/stm32f1xx_hal_tim.d" -MT"Drivers/STM32F1xx_HAL_Driver/Src/stm32f1xx_hal_tim.o" --specs=nano.specs -mfloat-abi=soft -mthumb -o "Drivers/STM32F1xx_HAL_Driver/Src/stm32f1xx_hal_tim.o"
arm-none-eabi-gcc "../Drivers/STM32F1xx_HAL_Driver/Src/stm32f1xx_hal_tim_ex.c" -mcpu=cortex-m3 -std=gnu11 -g3 -DDEBUG -DUSE_HAL_DRIVER -DSTM32F103xB -c -I../Core/Inc -I../App/Inc -I../Drivers/STM32F1xx_HAL_Driver/Inc/Legacy -I../Drivers/STM32F1xx_HAL_Driver/Inc -I../Drivers/CMSIS/Device/ST/STM32F1xx/Include -I../Drivers/CMSIS/Include -O0 -ffunction-sections -fdata-sections -Wall -fstack-usage -fcyclomatic-complexity -MMD -MP -MF"Drivers/STM32F1xx_HAL_Driver/Src/stm32f1xx_hal_tim_ex.d" -MT"Drivers/STM32F1xx_HAL_Driver/Src/stm32f1xx_hal_tim_ex.o" --specs=nano.specs -mfloat-abi=soft -mthumb -o "Drivers/STM32F1xx_HAL_Driver/Src/stm32f1xx_hal_tim_ex.o"
arm-none-eabi-gcc "../Core/Src/main.c" -mcpu=cortex-m3 -std=gnu11 -g3 -DDEBUG -DUSE_HAL_DRIVER -DSTM32F103xB -c -I../Core/Inc -I../App/Inc -I../Drivers/STM32F1xx_HAL_Driver/Inc/Legacy -I../Drivers/STM32F1xx_HAL_Driver/Inc -I../Drivers/CMSIS/Device/ST/STM32F1xx/Include -I../Drivers/CMSIS/Include -O0 -ffunction-sections -fdata-sections -Wall -fstack-usage -fcyclomatic-complexity -MMD -MP -MF"Core/Src/main.d" -MT"Core/Src/main.o" --specs=nano.specs -mfloat-abi=soft -mthumb -o "Core/Src/main.o"
arm-none-eabi-gcc "../Core/Src/stm32f1xx_hal_msp.c" -mcpu=cortex-m3 -std=gnu11 -g3 -DDEBUG -DUSE_HAL_DRIVER -DSTM32F103xB -c -I../Core/Inc -I../App/Inc -I../Drivers/STM32F1xx_HAL_Driver/Inc/Legacy -I../Drivers/STM32F1xx_HAL_Driver/Inc -I../Drivers/CMSIS/Device/ST/STM32F1xx/Include -I../Drivers/CMSIS/Include -O0 -ffunction-sections -fdata-sections -Wall -fstack-usage -fcyclomatic-complexity -MMD -MP -MF"Core/Src/stm32f1xx_hal_msp.d" -MT"Core/Src/stm32f1xx_hal_msp.o" --specs=nano.specs -mfloat-abi=soft -mthumb -o "Core/Src/stm32f1xx_hal_msp.o"
arm-none-eabi-gcc "../Core/Src/stm32f1xx_it.c" -mcpu=cortex-m3 -std=gnu11 -g3 -DDEBUG -DUSE_HAL_DRIVER -DSTM32F103xB -c -I../Core/Inc -I../App/Inc -I../Drivers/STM32F1xx_HAL_Driver/Inc/Legacy -I../Drivers/STM32F1xx_HAL_Driver/Inc -I../Drivers/CMSIS/Device/ST/STM32F1xx/Include -I../Drivers/CMSIS/Include -O0 -ffunction-sections -fdata-sections -Wall -fstack-usage -fcyclomatic-complexity -MMD -MP -MF"Core/Src/stm32f1xx_it.d" -MT"Core/Src/stm32f1xx_it.o" --specs=nano.specs -mfloat-abi=soft -mthumb -o "Core/Src/stm32f1xx_it.o"
arm-none-eabi-gcc "../Core/Src/system_stm32f1xx.c" -mcpu=cortex-m3 -std=gnu11 -g3 -DDEBUG -DUSE_HAL_DRIVER -DSTM32F103xB -c -I../Core/Inc -I../App/Inc -I../Drivers/STM32F1xx_HAL_Driver/Inc/Legacy -I../Drivers/STM32F1xx_HAL_Driver/Inc -I../Drivers/CMSIS/Device/ST/STM32F1xx/Include -I../Drivers/CMSIS/Include -O0 -ffunction-sections -fdata-sections -Wall -fstack-usage -fcyclomatic-complexity -MMD -MP -MF"Core/Src/system_stm32f1xx.d" -MT"Core/Src/system_stm32f1xx.o" --specs=nano.specs -mfloat-abi=soft -mthumb -o "Core/Src/system_stm32f1xx.o"
arm-none-eabi-gcc "../App/Src/app_main.c" -mcpu=cortex-m3 -std=gnu11 -g3 -DDEBUG -DUSE_HAL_DRIVER -DSTM32F103xB -c -I../Core/Inc -I../App/Inc -I../Drivers/STM32F1xx_HAL_Driver/Inc/Legacy -I../Drivers/STM32F1xx_HAL_Driver/Inc -I../Drivers/CMSIS/Device/ST/STM32F1xx/Include -I../Drivers/CMSIS/Include -O0 -ffunction-sections -fdata-sections -Wall -fstack-usage -fcyclomatic-complexity -MMD -MP -MF"App/Src/app_main.d" -MT"App/Src/app_main.o" --specs=nano.specs -mfloat-abi=soft -mthumb -o "App/Src/app_main.o"
arm-none-eabi-gcc "../App/Src/output.c" -mcpu=cortex-m3 -std=gnu11 -g3 -DDEBUG -DUSE_HAL_DRIVER -DSTM32F103xB -c -I../Core/Inc -I../App/Inc -I../Drivers/STM32F1xx_HAL_Driver/Inc/Legacy -I../Drivers/STM32F1xx_HAL_Driver/Inc -I../Drivers/CMSIS/Device/ST/STM32F1xx/Include -I../Drivers/CMSIS/Include -O0 -ffunction-sections -fdata-sections -Wall -fstack-usage -fcyclomatic-complexity -MMD -MP -MF"App/Src/output.d" -MT"App/Src/output.o" --specs=nano.specs -mfloat-abi=soft -mthumb -o "App/Src/output.o"
arm-none-eabi-gcc "../App/Src/pwm.c" -mcpu=cortex-m3 -std=gnu11 -g3 -DDEBUG -DUSE_HAL_DRIVER -DSTM32F103xB -c -I../Core/Inc -I../App/Inc -I../Drivers/STM32F1xx_HAL_Driver/Inc/Legacy -I../Drivers/STM32F1xx_HAL_Driver/Inc -I../Drivers/CMSIS/Device/ST/STM32F1xx/Include -I../Drivers/CMSIS/Include -O0 -ffunction-sections -fdata-sections -Wall -fstack-usage -fcyclomatic-complexity -MMD -MP -MF"App/Src/pwm.d" -MT"App/Src/pwm.o" --specs=nano.specs -mfloat-abi=soft -mthumb -o "App/Src/pwm.o"
../App/Src/app_main.c: In function 'App_Init':
../App/Src/app_main.c:17:28: error: 'htim1' undeclared (first use in this function)
   17 |         HAL_TIM_PWM_Start(&htim1, TIM_CHANNEL_1);
      |                            ^~~~~
../App/Src/app_main.c:17:28: note: each undeclared identifier is reported only once for each function it appears in
make: *** [App/Src/subdir.mk:25: App/Src/app_main.o] Error 1
make: *** Waiting for unfinished jobs....
"make -j4 all" terminated with exit code 2. Build might be incomplete.
22:11:16 **** Incremental Build of configuration Debug for project f103c8t6 ****
make -j4 all 
arm-none-eabi-gcc "../App/Src/app_main.c" -mcpu=cortex-m3 -std=gnu11 -g3 -DDEBUG -DUSE_HAL_DRIVER -DSTM32F103xB -c -I../Core/Inc -I../App/Inc -I../Drivers/STM32F1xx_HAL_Driver/Inc/Legacy -I../Drivers/STM32F1xx_HAL_Driver/Inc -I../Drivers/CMSIS/Device/ST/STM32F1xx/Include -I../Drivers/CMSIS/Include -O0 -ffunction-sections -fdata-sections -Wall -fstack-usage -fcyclomatic-complexity -MMD -MP -MF"App/Src/app_main.d" -MT"App/Src/app_main.o" --specs=nano.specs -mfloat-abi=soft -mthumb -o "App/Src/app_main.o"
arm-none-eabi-gcc "../App/Src/output.c" -mcpu=cortex-m3 -std=gnu11 -g3 -DDEBUG -DUSE_HAL_DRIVER -DSTM32F103xB -c -I../Core/Inc -I../App/Inc -I../Drivers/STM32F1xx_HAL_Driver/Inc/Legacy -I../Drivers/STM32F1xx_HAL_Driver/Inc -I../Drivers/CMSIS/Device/ST/STM32F1xx/Include -I../Drivers/CMSIS/Include -O0 -ffunction-sections -fdata-sections -Wall -fstack-usage -fcyclomatic-complexity -MMD -MP -MF"App/Src/output.d" -MT"App/Src/output.o" --specs=nano.specs -mfloat-abi=soft -mthumb -o "App/Src/output.o"
../App/Src/app_main.c: In function 'App_Init':
../App/Src/app_main.c:17:28: error: 'htim1' undeclared (first use in this function)
   17 |         HAL_TIM_PWM_Start(&htim1, TIM_CHANNEL_1);
      |                            ^~~~~
../App/Src/app_main.c:17:28: note: each undeclared identifier is reported only once for each function it appears in
make: *** [App/Src/subdir.mk:25: App/Src/app_main.o] Error 1
make: *** Waiting for unfinished jobs....
"make -j4 all" terminated with exit code 2. Build might be incomplete.
22:11:36 **** Incremental Build of configuration Debug for project f103c8t6 ****
make -j4 all 
arm-none-eabi-gcc "../App/Src/app_main.c" -mcpu=cortex-m3 -std=gnu11 -g3 -DDEBUG -DUSE_HAL_DRIVER -DSTM32F103xB -c -I../Core/Inc -I../App/Inc -I../Drivers/STM32F1xx_HAL_Driver/Inc/Legacy -I../Drivers/STM32F1xx_HAL_Driver/Inc -I../Drivers/CMSIS/Device/ST/STM32F1xx/Include -I../Drivers/CMSIS/Include -O0 -ffunction-sections -fdata-sections -Wall -fstack-usage -fcyclomatic-complexity -MMD -MP -MF"App/Src/app_main.d" -MT"App/Src/app_main.o" --specs=nano.specs -mfloat-abi=soft -mthumb -o "App/Src/app_main.o"
arm-none-eabi-gcc -o "f103c8t6.elf" @"objects.list"   -mcpu=cortex-m3 -T"C:\Personal\f103c8t6\f103c8t6\STM32F103C8TX_FLASH.ld" --specs=nosys.specs -Wl,-Map="f103c8t6.map" -Wl,--gc-sections -static --specs=nano.specs -mfloat-abi=soft -mthumb -Wl,--start-group -lc -lm -Wl,--end-group
Finished building target: f103c8t6.elf
 
arm-none-eabi-size  f103c8t6.elf 
arm-none-eabi-objdump -h -S f103c8t6.elf  > "f103c8t6.list"
   text	   data	    bss	    dec	    hex	filename
   8952	     12	   1652	  10616	   2978	f103c8t6.elf
Finished building: default.size.stdout
 
Finished building: f103c8t6.list
 
22:11:48 **** Incremental Build of configuration Debug for project f103c8t6 ****
make -j4 all 
arm-none-eabi-gcc "../App/Src/app_main.c" -mcpu=cortex-m3 -std=gnu11 -g3 -DDEBUG -DUSE_HAL_DRIVER -DSTM32F103xB -c -I../Core/Inc -I../App/Inc -I../Drivers/STM32F1xx_HAL_Driver/Inc/Legacy -I../Drivers/STM32F1xx_HAL_Driver/Inc -I../Drivers/CMSIS/Device/ST/STM32F1xx/Include -I../Drivers/CMSIS/Include -O0 -ffunction-sections -fdata-sections -Wall -fstack-usage -fcyclomatic-complexity -MMD -MP -MF"App/Src/app_main.d" -MT"App/Src/app_main.o" --specs=nano.specs -mfloat-abi=soft -mthumb -o "App/Src/app_main.o"
arm-none-eabi-gcc "../App/Src/output.c" -mcpu=cortex-m3 -std=gnu11 -g3 -DDEBUG -DUSE_HAL_DRIVER -DSTM32F103xB -c -I../Core/Inc -I../App/Inc -I../Drivers/STM32F1xx_HAL_Driver/Inc/Legacy -I../Drivers/STM32F1xx_HAL_Driver/Inc -I../Drivers/CMSIS/Device/ST/STM32F1xx/Include -I../Drivers/CMSIS/Include -O0 -ffunction-sections -fdata-sections -Wall -fstack-usage -fcyclomatic-complexity -MMD -MP -MF"App/Src/output.d" -MT"App/Src/output.o" --specs=nano.specs -mfloat-abi=soft -mthumb -o "App/Src/output.o"
arm-none-eabi-gcc -o "f103c8t6.elf" @"objects.list"   -mcpu=cortex-m3 -T"C:\Personal\f103c8t6\f103c8t6\STM32F103C8TX_FLASH.ld" --specs=nosys.specs -Wl,-Map="f103c8t6.map" -Wl,--gc-sections -static --specs=nano.specs -mfloat-abi=soft -mthumb -Wl,--start-group -lc -lm -Wl,--end-group
Finished building target: f103c8t6.elf
 
arm-none-eabi-size  f103c8t6.elf 
arm-none-eabi-objdump -h -S f103c8t6.elf  > "f103c8t6.list"
   text	   data	    bss	    dec	    hex	filename
   8952	     12	   1652	  10616	   2978	f103c8t6.elf
Finished building: default.size.stdout
 
Finished building: f103c8t6.list
 
22:11:53 **** Incremental Build of configuration Debug for project f103c8t6 ****
make -j4 all 
arm-none-eabi-size  f103c8t6.elf 
   text	   data	    bss	    dec	    hex	filename
   8952	     12	   1652	  10616	   2978	f103c8t6.elf
Finished building: default.size.stdout
 
22:13:05 **** Incremental Build of configuration Debug for project f103c8t6 ****
make -j4 all 
arm-none-eabi-gcc "../App/Src/app_main.c" -mcpu=cortex-m3 -std=gnu11 -g3 -DDEBUG -DUSE_HAL_DRIVER -DSTM32F103xB -c -I../Core/Inc -I../App/Inc -I../Drivers/STM32F1xx_HAL_Driver/Inc/Legacy -I../Drivers/STM32F1xx_HAL_Driver/Inc -I../Drivers/CMSIS/Device/ST/STM32F1xx/Include -I../Drivers/CMSIS/Include -O0 -ffunction-sections -fdata-sections -Wall -fstack-usage -fcyclomatic-complexity -MMD -MP -MF"App/Src/app_main.d" -MT"App/Src/app_main.o" --specs=nano.specs -mfloat-abi=soft -mthumb -o "App/Src/app_main.o"
arm-none-eabi-gcc -o "f103c8t6.elf" @"objects.list"   -mcpu=cortex-m3 -T"C:\Personal\f103c8t6\f103c8t6\STM32F103C8TX_FLASH.ld" --specs=nosys.specs -Wl,-Map="f103c8t6.map" -Wl,--gc-sections -static --specs=nano.specs -mfloat-abi=soft -mthumb -Wl,--start-group -lc -lm -Wl,--end-group
Finished building target: f103c8t6.elf
 
arm-none-eabi-size  f103c8t6.elf 
arm-none-eabi-objdump -h -S f103c8t6.elf  > "f103c8t6.list"
   text	   data	    bss	    dec	    hex	filename
   8920	     12	   1652	  10584	   2958	f103c8t6.elf
Finished building: default.size.stdout
 
Finished building: f103c8t6.list
 
22:13:38 **** Incremental Build of configuration Debug for project f103c8t6 ****
make -j4 all 
arm-none-eabi-gcc "../App/Src/app_main.c" -mcpu=cortex-m3 -std=gnu11 -g3 -DDEBUG -DUSE_HAL_DRIVER -DSTM32F103xB -c -I../Core/Inc -I../App/Inc -I../Drivers/STM32F1xx_HAL_Driver/Inc/Legacy -I../Drivers/STM32F1xx_HAL_Driver/Inc -I../Drivers/CMSIS/Device/ST/STM32F1xx/Include -I../Drivers/CMSIS/Include -O0 -ffunction-sections -fdata-sections -Wall -fstack-usage -fcyclomatic-complexity -MMD -MP -MF"App/Src/app_main.d" -MT"App/Src/app_main.o" --specs=nano.specs -mfloat-abi=soft -mthumb -o "App/Src/app_main.o"
arm-none-eabi-gcc -o "f103c8t6.elf" @"objects.list"   -mcpu=cortex-m3 -T"C:\Personal\f103c8t6\f103c8t6\STM32F103C8TX_FLASH.ld" --specs=nosys.specs -Wl,-Map="f103c8t6.map" -Wl,--gc-sections -static --specs=nano.specs -mfloat-abi=soft -mthumb -Wl,--start-group -lc -lm -Wl,--end-group
Finished building target: f103c8t6.elf
 
arm-none-eabi-size  f103c8t6.elf 
arm-none-eabi-objdump -h -S f103c8t6.elf  > "f103c8t6.list"
   text	   data	    bss	    dec	    hex	filename
   8952	     12	   1652	  10616	   2978	f103c8t6.elf
Finished building: default.size.stdout
 
Finished building: f103c8t6.list
 
22:14:01 **** Incremental Build of configuration Debug for project f103c8t6 ****
make -j4 all 
arm-none-eabi-gcc "../App/Src/app_main.c" -mcpu=cortex-m3 -std=gnu11 -g3 -DDEBUG -DUSE_HAL_DRIVER -DSTM32F103xB -c -I../Core/Inc -I../App/Inc -I../Drivers/STM32F1xx_HAL_Driver/Inc/Legacy -I../Drivers/STM32F1xx_HAL_Driver/Inc -I../Drivers/CMSIS/Device/ST/STM32F1xx/Include -I../Drivers/CMSIS/Include -O0 -ffunction-sections -fdata-sections -Wall -fstack-usage -fcyclomatic-complexity -MMD -MP -MF"App/Src/app_main.d" -MT"App/Src/app_main.o" --specs=nano.specs -mfloat-abi=soft -mthumb -o "App/Src/app_main.o"
arm-none-eabi-gcc -o "f103c8t6.elf" @"objects.list"   -mcpu=cortex-m3 -T"C:\Personal\f103c8t6\f103c8t6\STM32F103C8TX_FLASH.ld" --specs=nosys.specs -Wl,-Map="f103c8t6.map" -Wl,--gc-sections -static --specs=nano.specs -mfloat-abi=soft -mthumb -Wl,--start-group -lc -lm -Wl,--end-group
Finished building target: f103c8t6.elf
 
arm-none-eabi-size  f103c8t6.elf 
arm-none-eabi-objdump -h -S f103c8t6.elf  > "f103c8t6.list"
   text	   data	    bss	    dec	    hex	filename
   8956	     12	   1652	  10620	   297c	f103c8t6.elf
Finished building: default.size.stdout
 
Finished building: f103c8t6.list
 
22:14:27 **** Incremental Build of configuration Debug for project f103c8t6 ****
make -j4 all 
arm-none-eabi-gcc "../App/Src/app_main.c" -mcpu=cortex-m3 -std=gnu11 -g3 -DDEBUG -DUSE_HAL_DRIVER -DSTM32F103xB -c -I../Core/Inc -I../App/Inc -I../Drivers/STM32F1xx_HAL_Driver/Inc/Legacy -I../Drivers/STM32F1xx_HAL_Driver/Inc -I../Drivers/CMSIS/Device/ST/STM32F1xx/Include -I../Drivers/CMSIS/Include -O0 -ffunction-sections -fdata-sections -Wall -fstack-usage -fcyclomatic-complexity -MMD -MP -MF"App/Src/app_main.d" -MT"App/Src/app_main.o" --specs=nano.specs -mfloat-abi=soft -mthumb -o "App/Src/app_main.o"
arm-none-eabi-gcc -o "f103c8t6.elf" @"objects.list"   -mcpu=cortex-m3 -T"C:\Personal\f103c8t6\f103c8t6\STM32F103C8TX_FLASH.ld" --specs=nosys.specs -Wl,-Map="f103c8t6.map" -Wl,--gc-sections -static --specs=nano.specs -mfloat-abi=soft -mthumb -Wl,--start-group -lc -lm -Wl,--end-group
Finished building target: f103c8t6.elf
 
arm-none-eabi-size  f103c8t6.elf 
arm-none-eabi-objdump -h -S f103c8t6.elf  > "f103c8t6.list"
   text	   data	    bss	    dec	    hex	filename
   8952	     12	   1652	  10616	   2978	f103c8t6.elf
Finished building: default.size.stdout
 
Finished building: f103c8t6.list
 
22:14:54 **** Incremental Build of configuration Debug for project f103c8t6 ****
make -j4 all 
arm-none-eabi-gcc "../App/Src/app_main.c" -mcpu=cortex-m3 -std=gnu11 -g3 -DDEBUG -DUSE_HAL_DRIVER -DSTM32F103xB -c -I../Core/Inc -I../App/Inc -I../Drivers/STM32F1xx_HAL_Driver/Inc/Legacy -I../Drivers/STM32F1xx_HAL_Driver/Inc -I../Drivers/CMSIS/Device/ST/STM32F1xx/Include -I../Drivers/CMSIS/Include -O0 -ffunction-sections -fdata-sections -Wall -fstack-usage -fcyclomatic-complexity -MMD -MP -MF"App/Src/app_main.d" -MT"App/Src/app_main.o" --specs=nano.specs -mfloat-abi=soft -mthumb -o "App/Src/app_main.o"
arm-none-eabi-gcc -o "f103c8t6.elf" @"objects.list"   -mcpu=cortex-m3 -T"C:\Personal\f103c8t6\f103c8t6\STM32F103C8TX_FLASH.ld" --specs=nosys.specs -Wl,-Map="f103c8t6.map" -Wl,--gc-sections -static --specs=nano.specs -mfloat-abi=soft -mthumb -Wl,--start-group -lc -lm -Wl,--end-group
Finished building target: f103c8t6.elf
 
arm-none-eabi-size  f103c8t6.elf 
arm-none-eabi-objdump -h -S f103c8t6.elf  > "f103c8t6.list"
   text	   data	    bss	    dec	    hex	filename
   8952	     12	   1652	  10616	   2978	f103c8t6.elf
Finished building: default.size.stdout
 
Finished building: f103c8t6.list
 
22:15:21 **** Incremental Build of configuration Debug for project f103c8t6 ****
make -j4 all 
arm-none-eabi-gcc "../App/Src/app_main.c" -mcpu=cortex-m3 -std=gnu11 -g3 -DDEBUG -DUSE_HAL_DRIVER -DSTM32F103xB -c -I../Core/Inc -I../App/Inc -I../Drivers/STM32F1xx_HAL_Driver/Inc/Legacy -I../Drivers/STM32F1xx_HAL_Driver/Inc -I../Drivers/CMSIS/Device/ST/STM32F1xx/Include -I../Drivers/CMSIS/Include -O0 -ffunction-sections -fdata-sections -Wall -fstack-usage -fcyclomatic-complexity -MMD -MP -MF"App/Src/app_main.d" -MT"App/Src/app_main.o" --specs=nano.specs -mfloat-abi=soft -mthumb -o "App/Src/app_main.o"
arm-none-eabi-gcc -o "f103c8t6.elf" @"objects.list"   -mcpu=cortex-m3 -T"C:\Personal\f103c8t6\f103c8t6\STM32F103C8TX_FLASH.ld" --specs=nosys.specs -Wl,-Map="f103c8t6.map" -Wl,--gc-sections -static --specs=nano.specs -mfloat-abi=soft -mthumb -Wl,--start-group -lc -lm -Wl,--end-group
Finished building target: f103c8t6.elf
 
arm-none-eabi-size  f103c8t6.elf 
arm-none-eabi-objdump -h -S f103c8t6.elf  > "f103c8t6.list"
   text	   data	    bss	    dec	    hex	filename
   8952	     12	   1652	  10616	   2978	f103c8t6.elf
Finished building: default.size.stdout
 
Finished building: f103c8t6.list
 
22:16:03 **** Incremental Build of configuration Debug for project f103c8t6 ****
make -j4 all 
arm-none-eabi-gcc "../App/Src/app_main.c" -mcpu=cortex-m3 -std=gnu11 -g3 -DDEBUG -DUSE_HAL_DRIVER -DSTM32F103xB -c -I../Core/Inc -I../App/Inc -I../Drivers/STM32F1xx_HAL_Driver/Inc/Legacy -I../Drivers/STM32F1xx_HAL_Driver/Inc -I../Drivers/CMSIS/Device/ST/STM32F1xx/Include -I../Drivers/CMSIS/Include -O0 -ffunction-sections -fdata-sections -Wall -fstack-usage -fcyclomatic-complexity -MMD -MP -MF"App/Src/app_main.d" -MT"App/Src/app_main.o" --specs=nano.specs -mfloat-abi=soft -mthumb -o "App/Src/app_main.o"
arm-none-eabi-gcc -o "f103c8t6.elf" @"objects.list"   -mcpu=cortex-m3 -T"C:\Personal\f103c8t6\f103c8t6\STM32F103C8TX_FLASH.ld" --specs=nosys.specs -Wl,-Map="f103c8t6.map" -Wl,--gc-sections -static --specs=nano.specs -mfloat-abi=soft -mthumb -Wl,--start-group -lc -lm -Wl,--end-group
Finished building target: f103c8t6.elf
 
arm-none-eabi-size  f103c8t6.elf 
arm-none-eabi-objdump -h -S f103c8t6.elf  > "f103c8t6.list"
   text	   data	    bss	    dec	    hex	filename
   8968	     12	   1652	  10632	   2988	f103c8t6.elf
Finished building: default.size.stdout
 
Finished building: f103c8t6.list
 
22:16:22 **** Incremental Build of configuration Debug for project f103c8t6 ****
make -j4 all 
arm-none-eabi-gcc "../App/Src/app_main.c" -mcpu=cortex-m3 -std=gnu11 -g3 -DDEBUG -DUSE_HAL_DRIVER -DSTM32F103xB -c -I../Core/Inc -I../App/Inc -I../Drivers/STM32F1xx_HAL_Driver/Inc/Legacy -I../Drivers/STM32F1xx_HAL_Driver/Inc -I../Drivers/CMSIS/Device/ST/STM32F1xx/Include -I../Drivers/CMSIS/Include -O0 -ffunction-sections -fdata-sections -Wall -fstack-usage -fcyclomatic-complexity -MMD -MP -MF"App/Src/app_main.d" -MT"App/Src/app_main.o" --specs=nano.specs -mfloat-abi=soft -mthumb -o "App/Src/app_main.o"
../App/Src/app_main.c: In function 'App_Loop':
../App/Src/app_main.c:28:17: error: 'TIM_TypeDef' has no member named 'CCR'; did you mean 'CCER'?
   28 |           TIM1->CCR = ccr;
      |                 ^~~
      |                 CCER
make: *** [App/Src/subdir.mk:25: App/Src/app_main.o] Error 1
"make -j4 all" terminated with exit code 2. Build might be incomplete.
22:16:34 **** Incremental Build of configuration Debug for project f103c8t6 ****
make -j4 all 
arm-none-eabi-gcc "../App/Src/app_main.c" -mcpu=cortex-m3 -std=gnu11 -g3 -DDEBUG -DUSE_HAL_DRIVER -DSTM32F103xB -c -I../Core/Inc -I../App/Inc -I../Drivers/STM32F1xx_HAL_Driver/Inc/Legacy -I../Drivers/STM32F1xx_HAL_Driver/Inc -I../Drivers/CMSIS/Device/ST/STM32F1xx/Include -I../Drivers/CMSIS/Include -O0 -ffunction-sections -fdata-sections -Wall -fstack-usage -fcyclomatic-complexity -MMD -MP -MF"App/Src/app_main.d" -MT"App/Src/app_main.o" --specs=nano.specs -mfloat-abi=soft -mthumb -o "App/Src/app_main.o"
arm-none-eabi-gcc -o "f103c8t6.elf" @"objects.list"   -mcpu=cortex-m3 -T"C:\Personal\f103c8t6\f103c8t6\STM32F103C8TX_FLASH.ld" --specs=nosys.specs -Wl,-Map="f103c8t6.map" -Wl,--gc-sections -static --specs=nano.specs -mfloat-abi=soft -mthumb -Wl,--start-group -lc -lm -Wl,--end-group
Finished building target: f103c8t6.elf
 
arm-none-eabi-size  f103c8t6.elf 
arm-none-eabi-objdump -h -S f103c8t6.elf  > "f103c8t6.list"
   text	   data	    bss	    dec	    hex	filename
   8968	     12	   1652	  10632	   2988	f103c8t6.elf
Finished building: default.size.stdout
 
Finished building: f103c8t6.list
 
22:17:21 **** Incremental Build of configuration Debug for project f103c8t6 ****
make -j4 all 
arm-none-eabi-gcc "../App/Src/app_main.c" -mcpu=cortex-m3 -std=gnu11 -g3 -DDEBUG -DUSE_HAL_DRIVER -DSTM32F103xB -c -I../Core/Inc -I../App/Inc -I../Drivers/STM32F1xx_HAL_Driver/Inc/Legacy -I../Drivers/STM32F1xx_HAL_Driver/Inc -I../Drivers/CMSIS/Device/ST/STM32F1xx/Include -I../Drivers/CMSIS/Include -O0 -ffunction-sections -fdata-sections -Wall -fstack-usage -fcyclomatic-complexity -MMD -MP -MF"App/Src/app_main.d" -MT"App/Src/app_main.o" --specs=nano.specs -mfloat-abi=soft -mthumb -o "App/Src/app_main.o"
arm-none-eabi-gcc -o "f103c8t6.elf" @"objects.list"   -mcpu=cortex-m3 -T"C:\Personal\f103c8t6\f103c8t6\STM32F103C8TX_FLASH.ld" --specs=nosys.specs -Wl,-Map="f103c8t6.map" -Wl,--gc-sections -static --specs=nano.specs -mfloat-abi=soft -mthumb -Wl,--start-group -lc -lm -Wl,--end-group
Finished building target: f103c8t6.elf
 
arm-none-eabi-size  f103c8t6.elf 
arm-none-eabi-objdump -h -S f103c8t6.elf  > "f103c8t6.list"
   text	   data	    bss	    dec	    hex	filename
   8968	     12	   1652	  10632	   2988	f103c8t6.elf
Finished building: default.size.stdout
 
Finished building: f103c8t6.list
 
22:17:44 **** Incremental Build of configuration Debug for project f103c8t6 ****
make -j4 all 
arm-none-eabi-gcc "../App/Src/app_main.c" -mcpu=cortex-m3 -std=gnu11 -g3 -DDEBUG -DUSE_HAL_DRIVER -DSTM32F103xB -c -I../Core/Inc -I../App/Inc -I../Drivers/STM32F1xx_HAL_Driver/Inc/Legacy -I../Drivers/STM32F1xx_HAL_Driver/Inc -I../Drivers/CMSIS/Device/ST/STM32F1xx/Include -I../Drivers/CMSIS/Include -O0 -ffunction-sections -fdata-sections -Wall -fstack-usage -fcyclomatic-complexity -MMD -MP -MF"App/Src/app_main.d" -MT"App/Src/app_main.o" --specs=nano.specs -mfloat-abi=soft -mthumb -o "App/Src/app_main.o"
arm-none-eabi-gcc -o "f103c8t6.elf" @"objects.list"   -mcpu=cortex-m3 -T"C:\Personal\f103c8t6\f103c8t6\STM32F103C8TX_FLASH.ld" --specs=nosys.specs -Wl,-Map="f103c8t6.map" -Wl,--gc-sections -static --specs=nano.specs -mfloat-abi=soft -mthumb -Wl,--start-group -lc -lm -Wl,--end-group
Finished building target: f103c8t6.elf
 
arm-none-eabi-size  f103c8t6.elf 
arm-none-eabi-objdump -h -S f103c8t6.elf  > "f103c8t6.list"
   text	   data	    bss	    dec	    hex	filename
   8968	     12	   1652	  10632	   2988	f103c8t6.elf
Finished building: default.size.stdout
 
Finished building: f103c8t6.list
 
22:19:37 **** Incremental Build of configuration Debug for project f103c8t6 ****
make -j4 all 
arm-none-eabi-gcc "../App/Src/app_main.c" -mcpu=cortex-m3 -std=gnu11 -g3 -DDEBUG -DUSE_HAL_DRIVER -DSTM32F103xB -c -I../Core/Inc -I../App/Inc -I../Drivers/STM32F1xx_HAL_Driver/Inc/Legacy -I../Drivers/STM32F1xx_HAL_Driver/Inc -I../Drivers/CMSIS/Device/ST/STM32F1xx/Include -I../Drivers/CMSIS/Include -O0 -ffunction-sections -fdata-sections -Wall -fstack-usage -fcyclomatic-complexity -MMD -MP -MF"App/Src/app_main.d" -MT"App/Src/app_main.o" --specs=nano.specs -mfloat-abi=soft -mthumb -o "App/Src/app_main.o"
arm-none-eabi-gcc -o "f103c8t6.elf" @"objects.list"   -mcpu=cortex-m3 -T"C:\Personal\f103c8t6\f103c8t6\STM32F103C8TX_FLASH.ld" --specs=nosys.specs -Wl,-Map="f103c8t6.map" -Wl,--gc-sections -static --specs=nano.specs -mfloat-abi=soft -mthumb -Wl,--start-group -lc -lm -Wl,--end-group
Finished building target: f103c8t6.elf
 
arm-none-eabi-size  f103c8t6.elf 
arm-none-eabi-objdump -h -S f103c8t6.elf  > "f103c8t6.list"
   text	   data	    bss	    dec	    hex	filename
   8960	     12	   1652	  10624	   2980	f103c8t6.elf
Finished building: default.size.stdout
 
Finished building: f103c8t6.list
 
22:20:14 **** Incremental Build of configuration Debug for project f103c8t6 ****
make -j4 all 
arm-none-eabi-gcc "../App/Src/app_main.c" -mcpu=cortex-m3 -std=gnu11 -g3 -DDEBUG -DUSE_HAL_DRIVER -DSTM32F103xB -c -I../Core/Inc -I../App/Inc -I../Drivers/STM32F1xx_HAL_Driver/Inc/Legacy -I../Drivers/STM32F1xx_HAL_Driver/Inc -I../Drivers/CMSIS/Device/ST/STM32F1xx/Include -I../Drivers/CMSIS/Include -O0 -ffunction-sections -fdata-sections -Wall -fstack-usage -fcyclomatic-complexity -MMD -MP -MF"App/Src/app_main.d" -MT"App/Src/app_main.o" --specs=nano.specs -mfloat-abi=soft -mthumb -o "App/Src/app_main.o"
arm-none-eabi-gcc -o "f103c8t6.elf" @"objects.list"   -mcpu=cortex-m3 -T"C:\Personal\f103c8t6\f103c8t6\STM32F103C8TX_FLASH.ld" --specs=nosys.specs -Wl,-Map="f103c8t6.map" -Wl,--gc-sections -static --specs=nano.specs -mfloat-abi=soft -mthumb -Wl,--start-group -lc -lm -Wl,--end-group
Finished building target: f103c8t6.elf
 
arm-none-eabi-size  f103c8t6.elf 
arm-none-eabi-objdump -h -S f103c8t6.elf  > "f103c8t6.list"
   text	   data	    bss	    dec	    hex	filename
   8960	     12	   1652	  10624	   2980	f103c8t6.elf
Finished building: default.size.stdout
 
Finished building: f103c8t6.list
 
22:20:37 **** Incremental Build of configuration Debug for project f103c8t6 ****
make -j4 all 
arm-none-eabi-gcc "../App/Src/app_main.c" -mcpu=cortex-m3 -std=gnu11 -g3 -DDEBUG -DUSE_HAL_DRIVER -DSTM32F103xB -c -I../Core/Inc -I../App/Inc -I../Drivers/STM32F1xx_HAL_Driver/Inc/Legacy -I../Drivers/STM32F1xx_HAL_Driver/Inc -I../Drivers/CMSIS/Device/ST/STM32F1xx/Include -I../Drivers/CMSIS/Include -O0 -ffunction-sections -fdata-sections -Wall -fstack-usage -fcyclomatic-complexity -MMD -MP -MF"App/Src/app_main.d" -MT"App/Src/app_main.o" --specs=nano.specs -mfloat-abi=soft -mthumb -o "App/Src/app_main.o"
arm-none-eabi-gcc -o "f103c8t6.elf" @"objects.list"   -mcpu=cortex-m3 -T"C:\Personal\f103c8t6\f103c8t6\STM32F103C8TX_FLASH.ld" --specs=nosys.specs -Wl,-Map="f103c8t6.map" -Wl,--gc-sections -static --specs=nano.specs -mfloat-abi=soft -mthumb -Wl,--start-group -lc -lm -Wl,--end-group
Finished building target: f103c8t6.elf
 
arm-none-eabi-size  f103c8t6.elf 
arm-none-eabi-objdump -h -S f103c8t6.elf  > "f103c8t6.list"
   text	   data	    bss	    dec	    hex	filename
   8964	     12	   1652	  10628	   2984	f103c8t6.elf
Finished building: default.size.stdout
 
Finished building: f103c8t6.list
 
22:20:57 **** Incremental Build of configuration Debug for project f103c8t6 ****
make -j4 all 
arm-none-eabi-gcc "../App/Src/app_main.c" -mcpu=cortex-m3 -std=gnu11 -g3 -DDEBUG -DUSE_HAL_DRIVER -DSTM32F103xB -c -I../Core/Inc -I../App/Inc -I../Drivers/STM32F1xx_HAL_Driver/Inc/Legacy -I../Drivers/STM32F1xx_HAL_Driver/Inc -I../Drivers/CMSIS/Device/ST/STM32F1xx/Include -I../Drivers/CMSIS/Include -O0 -ffunction-sections -fdata-sections -Wall -fstack-usage -fcyclomatic-complexity -MMD -MP -MF"App/Src/app_main.d" -MT"App/Src/app_main.o" --specs=nano.specs -mfloat-abi=soft -mthumb -o "App/Src/app_main.o"
arm-none-eabi-gcc -o "f103c8t6.elf" @"objects.list"   -mcpu=cortex-m3 -T"C:\Personal\f103c8t6\f103c8t6\STM32F103C8TX_FLASH.ld" --specs=nosys.specs -Wl,-Map="f103c8t6.map" -Wl,--gc-sections -static --specs=nano.specs -mfloat-abi=soft -mthumb -Wl,--start-group -lc -lm -Wl,--end-group
Finished building target: f103c8t6.elf
 
arm-none-eabi-size  f103c8t6.elf 
arm-none-eabi-objdump -h -S f103c8t6.elf  > "f103c8t6.list"
   text	   data	    bss	    dec	    hex	filename
   8964	     12	   1652	  10628	   2984	f103c8t6.elf
Finished building: default.size.stdout
 
Finished building: f103c8t6.list
 
08:23:43 **** Incremental Build of configuration Debug for project f103c8t6 ****
make -j4 all 
arm-none-eabi-gcc "../App/Src/app_main.c" -mcpu=cortex-m3 -std=gnu11 -g3 -DDEBUG -DUSE_HAL_DRIVER -DSTM32F103xB -c -I../Core/Inc -I../App/Inc -I../Drivers/STM32F1xx_HAL_Driver/Inc/Legacy -I../Drivers/STM32F1xx_HAL_Driver/Inc -I../Drivers/CMSIS/Device/ST/STM32F1xx/Include -I../Drivers/CMSIS/Include -O0 -ffunction-sections -fdata-sections -Wall -fstack-usage -fcyclomatic-complexity -MMD -MP -MF"App/Src/app_main.d" -MT"App/Src/app_main.o" --specs=nano.specs -mfloat-abi=soft -mthumb -o "App/Src/app_main.o"
../App/Src/app_main.c:24:17: warning: 'ccr' defined but not used [-Wunused-variable]
   24 | static uint16_t ccr = 0;
      |                 ^~~
arm-none-eabi-gcc -o "f103c8t6.elf" @"objects.list"   -mcpu=cortex-m3 -T"C:\Personal\f103c8t6\f103c8t6\STM32F103C8TX_FLASH.ld" --specs=nosys.specs -Wl,-Map="f103c8t6.map" -Wl,--gc-sections -static --specs=nano.specs -mfloat-abi=soft -mthumb -Wl,--start-group -lc -lm -Wl,--end-group
Finished building target: f103c8t6.elf
 
arm-none-eabi-size  f103c8t6.elf 
arm-none-eabi-objdump -h -S f103c8t6.elf  > "f103c8t6.list"
   text	   data	    bss	    dec	    hex	filename
   8836	     12	   1652	  10500	   2904	f103c8t6.elf
Finished building: default.size.stdout
 
Finished building: f103c8t6.list
 
08:24:12 **** Incremental Build of configuration Debug for project f103c8t6 ****
make -j4 all 
arm-none-eabi-gcc "../App/Src/app_main.c" -mcpu=cortex-m3 -std=gnu11 -g3 -DDEBUG -DUSE_HAL_DRIVER -DSTM32F103xB -c -I../Core/Inc -I../App/Inc -I../Drivers/STM32F1xx_HAL_Driver/Inc/Legacy -I../Drivers/STM32F1xx_HAL_Driver/Inc -I../Drivers/CMSIS/Device/ST/STM32F1xx/Include -I../Drivers/CMSIS/Include -O0 -ffunction-sections -fdata-sections -Wall -fstack-usage -fcyclomatic-complexity -MMD -MP -MF"App/Src/app_main.d" -MT"App/Src/app_main.o" --specs=nano.specs -mfloat-abi=soft -mthumb -o "App/Src/app_main.o"
arm-none-eabi-gcc -o "f103c8t6.elf" @"objects.list"   -mcpu=cortex-m3 -T"C:\Personal\f103c8t6\f103c8t6\STM32F103C8TX_FLASH.ld" --specs=nosys.specs -Wl,-Map="f103c8t6.map" -Wl,--gc-sections -static --specs=nano.specs -mfloat-abi=soft -mthumb -Wl,--start-group -lc -lm -Wl,--end-group
Finished building target: f103c8t6.elf
 
arm-none-eabi-size  f103c8t6.elf 
arm-none-eabi-objdump -h -S f103c8t6.elf  > "f103c8t6.list"
   text	   data	    bss	    dec	    hex	filename
   8964	     12	   1652	  10628	   2984	f103c8t6.elf
Finished building: default.size.stdout
 
Finished building: f103c8t6.list
 
08:25:34 **** Incremental Build of configuration Debug for project f103c8t6 ****
make -j4 all 
arm-none-eabi-gcc "../App/Src/app_main.c" -mcpu=cortex-m3 -std=gnu11 -g3 -DDEBUG -DUSE_HAL_DRIVER -DSTM32F103xB -c -I../Core/Inc -I../App/Inc -I../Drivers/STM32F1xx_HAL_Driver/Inc/Legacy -I../Drivers/STM32F1xx_HAL_Driver/Inc -I../Drivers/CMSIS/Device/ST/STM32F1xx/Include -I../Drivers/CMSIS/Include -O0 -ffunction-sections -fdata-sections -Wall -fstack-usage -fcyclomatic-complexity -MMD -MP -MF"App/Src/app_main.d" -MT"App/Src/app_main.o" --specs=nano.specs -mfloat-abi=soft -mthumb -o "App/Src/app_main.o"
arm-none-eabi-gcc -o "f103c8t6.elf" @"objects.list"   -mcpu=cortex-m3 -T"C:\Personal\f103c8t6\f103c8t6\STM32F103C8TX_FLASH.ld" --specs=nosys.specs -Wl,-Map="f103c8t6.map" -Wl,--gc-sections -static --specs=nano.specs -mfloat-abi=soft -mthumb -Wl,--start-group -lc -lm -Wl,--end-group
Finished building target: f103c8t6.elf
 
arm-none-eabi-size  f103c8t6.elf 
arm-none-eabi-objdump -h -S f103c8t6.elf  > "f103c8t6.list"
   text	   data	    bss	    dec	    hex	filename
   8964	     12	   1652	  10628	   2984	f103c8t6.elf
Finished building: default.size.stdout
 
Finished building: f103c8t6.list
 
08:26:01 **** Incremental Build of configuration Debug for project f103c8t6 ****
make -j4 all 
arm-none-eabi-gcc "../App/Src/app_main.c" -mcpu=cortex-m3 -std=gnu11 -g3 -DDEBUG -DUSE_HAL_DRIVER -DSTM32F103xB -c -I../Core/Inc -I../App/Inc -I../Drivers/STM32F1xx_HAL_Driver/Inc/Legacy -I../Drivers/STM32F1xx_HAL_Driver/Inc -I../Drivers/CMSIS/Device/ST/STM32F1xx/Include -I../Drivers/CMSIS/Include -O0 -ffunction-sections -fdata-sections -Wall -fstack-usage -fcyclomatic-complexity -MMD -MP -MF"App/Src/app_main.d" -MT"App/Src/app_main.o" --specs=nano.specs -mfloat-abi=soft -mthumb -o "App/Src/app_main.o"
arm-none-eabi-gcc -o "f103c8t6.elf" @"objects.list"   -mcpu=cortex-m3 -T"C:\Personal\f103c8t6\f103c8t6\STM32F103C8TX_FLASH.ld" --specs=nosys.specs -Wl,-Map="f103c8t6.map" -Wl,--gc-sections -static --specs=nano.specs -mfloat-abi=soft -mthumb -Wl,--start-group -lc -lm -Wl,--end-group
Finished building target: f103c8t6.elf
 
arm-none-eabi-size  f103c8t6.elf 
arm-none-eabi-objdump -h -S f103c8t6.elf  > "f103c8t6.list"
   text	   data	    bss	    dec	    hex	filename
   8968	     12	   1652	  10632	   2988	f103c8t6.elf
Finished building: default.size.stdout
 
Finished building: f103c8t6.list
 
08:26:53 **** Incremental Build of configuration Debug for project f103c8t6 ****
make -j4 all 
arm-none-eabi-gcc "../App/Src/app_main.c" -mcpu=cortex-m3 -std=gnu11 -g3 -DDEBUG -DUSE_HAL_DRIVER -DSTM32F103xB -c -I../Core/Inc -I../App/Inc -I../Drivers/STM32F1xx_HAL_Driver/Inc/Legacy -I../Drivers/STM32F1xx_HAL_Driver/Inc -I../Drivers/CMSIS/Device/ST/STM32F1xx/Include -I../Drivers/CMSIS/Include -O0 -ffunction-sections -fdata-sections -Wall -fstack-usage -fcyclomatic-complexity -MMD -MP -MF"App/Src/app_main.d" -MT"App/Src/app_main.o" --specs=nano.specs -mfloat-abi=soft -mthumb -o "App/Src/app_main.o"
arm-none-eabi-gcc -o "f103c8t6.elf" @"objects.list"   -mcpu=cortex-m3 -T"C:\Personal\f103c8t6\f103c8t6\STM32F103C8TX_FLASH.ld" --specs=nosys.specs -Wl,-Map="f103c8t6.map" -Wl,--gc-sections -static --specs=nano.specs -mfloat-abi=soft -mthumb -Wl,--start-group -lc -lm -Wl,--end-group
Finished building target: f103c8t6.elf
 
arm-none-eabi-size  f103c8t6.elf 
arm-none-eabi-objdump -h -S f103c8t6.elf  > "f103c8t6.list"
   text	   data	    bss	    dec	    hex	filename
   8964	     12	   1652	  10628	   2984	f103c8t6.elf
Finished building: default.size.stdout
 
Finished building: f103c8t6.list
 
08:28:02 **** Incremental Build of configuration Debug for project f103c8t6 ****
make -j4 all 
arm-none-eabi-gcc "../App/Src/app_main.c" -mcpu=cortex-m3 -std=gnu11 -g3 -DDEBUG -DUSE_HAL_DRIVER -DSTM32F103xB -c -I../Core/Inc -I../App/Inc -I../Drivers/STM32F1xx_HAL_Driver/Inc/Legacy -I../Drivers/STM32F1xx_HAL_Driver/Inc -I../Drivers/CMSIS/Device/ST/STM32F1xx/Include -I../Drivers/CMSIS/Include -O0 -ffunction-sections -fdata-sections -Wall -fstack-usage -fcyclomatic-complexity -MMD -MP -MF"App/Src/app_main.d" -MT"App/Src/app_main.o" --specs=nano.specs -mfloat-abi=soft -mthumb -o "App/Src/app_main.o"
arm-none-eabi-gcc -o "f103c8t6.elf" @"objects.list"   -mcpu=cortex-m3 -T"C:\Personal\f103c8t6\f103c8t6\STM32F103C8TX_FLASH.ld" --specs=nosys.specs -Wl,-Map="f103c8t6.map" -Wl,--gc-sections -static --specs=nano.specs -mfloat-abi=soft -mthumb -Wl,--start-group -lc -lm -Wl,--end-group
Finished building target: f103c8t6.elf
 
arm-none-eabi-size  f103c8t6.elf 
arm-none-eabi-objdump -h -S f103c8t6.elf  > "f103c8t6.list"
   text	   data	    bss	    dec	    hex	filename
   8964	     12	   1652	  10628	   2984	f103c8t6.elf
Finished building: default.size.stdout
 
Finished building: f103c8t6.list
 
08:40:06 **** Incremental Build of configuration Debug for project f103c8t6 ****
make -j4 all 
arm-none-eabi-gcc "../App/Src/pwm.c" -mcpu=cortex-m3 -std=gnu11 -g3 -DDEBUG -DUSE_HAL_DRIVER -DSTM32F103xB -c -I../Core/Inc -I../App/Inc -I../Drivers/STM32F1xx_HAL_Driver/Inc/Legacy -I../Drivers/STM32F1xx_HAL_Driver/Inc -I../Drivers/CMSIS/Device/ST/STM32F1xx/Include -I../Drivers/CMSIS/Include -O0 -ffunction-sections -fdata-sections -Wall -fstack-usage -fcyclomatic-complexity -MMD -MP -MF"App/Src/pwm.d" -MT"App/Src/pwm.o" --specs=nano.specs -mfloat-abi=soft -mthumb -o "App/Src/pwm.o"
../App/Src/pwm.c:12:1: error: expected identifier or '(' before '{' token
   12 | {
      | ^
make: *** [App/Src/subdir.mk:25: App/Src/pwm.o] Error 1
"make -j4 all" terminated with exit code 2. Build might be incomplete.
08:40:11 **** Incremental Build of configuration Debug for project f103c8t6 ****
make -j4 all 
arm-none-eabi-gcc "../App/Src/pwm.c" -mcpu=cortex-m3 -std=gnu11 -g3 -DDEBUG -DUSE_HAL_DRIVER -DSTM32F103xB -c -I../Core/Inc -I../App/Inc -I../Drivers/STM32F1xx_HAL_Driver/Inc/Legacy -I../Drivers/STM32F1xx_HAL_Driver/Inc -I../Drivers/CMSIS/Device/ST/STM32F1xx/Include -I../Drivers/CMSIS/Include -O0 -ffunction-sections -fdata-sections -Wall -fstack-usage -fcyclomatic-complexity -MMD -MP -MF"App/Src/pwm.d" -MT"App/Src/pwm.o" --specs=nano.specs -mfloat-abi=soft -mthumb -o "App/Src/pwm.o"
arm-none-eabi-gcc -o "f103c8t6.elf" @"objects.list"   -mcpu=cortex-m3 -T"C:\Personal\f103c8t6\f103c8t6\STM32F103C8TX_FLASH.ld" --specs=nosys.specs -Wl,-Map="f103c8t6.map" -Wl,--gc-sections -static --specs=nano.specs -mfloat-abi=soft -mthumb -Wl,--start-group -lc -lm -Wl,--end-group
Finished building target: f103c8t6.elf
 
arm-none-eabi-size  f103c8t6.elf 
arm-none-eabi-objdump -h -S f103c8t6.elf  > "f103c8t6.list"
   text	   data	    bss	    dec	    hex	filename
   8964	     12	   1652	  10628	   2984	f103c8t6.elf
Finished building: default.size.stdout
 
Finished building: f103c8t6.list
 
08:42:01 **** Incremental Build of configuration Debug for project f103c8t6 ****
make -j4 all 
arm-none-eabi-gcc "../App/Src/pwm.c" -mcpu=cortex-m3 -std=gnu11 -g3 -DDEBUG -DUSE_HAL_DRIVER -DSTM32F103xB -c -I../Core/Inc -I../App/Inc -I../Drivers/STM32F1xx_HAL_Driver/Inc/Legacy -I../Drivers/STM32F1xx_HAL_Driver/Inc -I../Drivers/CMSIS/Device/ST/STM32F1xx/Include -I../Drivers/CMSIS/Include -O0 -ffunction-sections -fdata-sections -Wall -fstack-usage -fcyclomatic-complexity -MMD -MP -MF"App/Src/pwm.d" -MT"App/Src/pwm.o" --specs=nano.specs -mfloat-abi=soft -mthumb -o "App/Src/pwm.o"
../App/Src/pwm.c: In function 'PWM_SetAngle':
../App/Src/pwm.c:21:82: error: expected ')' before ';' token
   21 |     this->tim->CCR1 = this->ccrMin + ((this->ccrMax - this->ccrMin * angle) / 180;
      |                                      ~                                           ^
      |                                                                                  )
../App/Src/pwm.c:21:83: error: expected ';' before '}' token
   21 |     this->tim->CCR1 = this->ccrMin + ((this->ccrMax - this->ccrMin * angle) / 180;
      |                                                                                   ^
      |                                                                                   ;
   22 | }
      | ~                                                                                  
make: *** [App/Src/subdir.mk:25: App/Src/pwm.o] Error 1
"make -j4 all" terminated with exit code 2. Build might be incomplete.
08:44:44 **** Incremental Build of configuration Debug for project f103c8t6 ****
make -j4 all 
arm-none-eabi-gcc "../App/Src/app_main.c" -mcpu=cortex-m3 -std=gnu11 -g3 -DDEBUG -DUSE_HAL_DRIVER -DSTM32F103xB -c -I../Core/Inc -I../App/Inc -I../Drivers/STM32F1xx_HAL_Driver/Inc/Legacy -I../Drivers/STM32F1xx_HAL_Driver/Inc -I../Drivers/CMSIS/Device/ST/STM32F1xx/Include -I../Drivers/CMSIS/Include -O0 -ffunction-sections -fdata-sections -Wall -fstack-usage -fcyclomatic-complexity -MMD -MP -MF"App/Src/app_main.d" -MT"App/Src/app_main.o" --specs=nano.specs -mfloat-abi=soft -mthumb -o "App/Src/app_main.o"
arm-none-eabi-gcc "../App/Src/pwm.c" -mcpu=cortex-m3 -std=gnu11 -g3 -DDEBUG -DUSE_HAL_DRIVER -DSTM32F103xB -c -I../Core/Inc -I../App/Inc -I../Drivers/STM32F1xx_HAL_Driver/Inc/Legacy -I../Drivers/STM32F1xx_HAL_Driver/Inc -I../Drivers/CMSIS/Device/ST/STM32F1xx/Include -I../Drivers/CMSIS/Include -O0 -ffunction-sections -fdata-sections -Wall -fstack-usage -fcyclomatic-complexity -MMD -MP -MF"App/Src/pwm.d" -MT"App/Src/pwm.o" --specs=nano.specs -mfloat-abi=soft -mthumb -o "App/Src/pwm.o"
../App/Src/app_main.c: In function 'App_Init':
../App/Src/app_main.c:24:24: warning: passing argument 2 of 'PWM_Init' from incompatible pointer type [-Wincompatible-pointer-types]
   24 |         PWM_Init(&pwm, &htim1, 280, 1250);
      |                        ^~~~~~
      |                        |
      |                        TIM_HandleTypeDef *
In file included from ../App/Src/app_main.c:11:
../App/Inc/pwm.h:20:21: note: expected 'TIM_TypeDef *' but argument is of type 'TIM_HandleTypeDef *'
   20 | void PWM_Init(PWM*, TIM_TypeDef*, uint32_t, uint32_t);
      |                     ^~~~~~~~~~~~
arm-none-eabi-gcc -o "f103c8t6.elf" @"objects.list"   -mcpu=cortex-m3 -T"C:\Personal\f103c8t6\f103c8t6\STM32F103C8TX_FLASH.ld" --specs=nosys.specs -Wl,-Map="f103c8t6.map" -Wl,--gc-sections -static --specs=nano.specs -mfloat-abi=soft -mthumb -Wl,--start-group -lc -lm -Wl,--end-group
Finished building target: f103c8t6.elf
 
arm-none-eabi-size  f103c8t6.elf 
arm-none-eabi-objdump -h -S f103c8t6.elf  > "f103c8t6.list"
   text	   data	    bss	    dec	    hex	filename
   9128	     12	   1660	  10800	   2a30	f103c8t6.elf
Finished building: default.size.stdout
 
Finished building: f103c8t6.list
 
08:45:11 **** Incremental Build of configuration Debug for project f103c8t6 ****
make -j4 all 
arm-none-eabi-gcc "../App/Src/app_main.c" -mcpu=cortex-m3 -std=gnu11 -g3 -DDEBUG -DUSE_HAL_DRIVER -DSTM32F103xB -c -I../Core/Inc -I../App/Inc -I../Drivers/STM32F1xx_HAL_Driver/Inc/Legacy -I../Drivers/STM32F1xx_HAL_Driver/Inc -I../Drivers/CMSIS/Device/ST/STM32F1xx/Include -I../Drivers/CMSIS/Include -O0 -ffunction-sections -fdata-sections -Wall -fstack-usage -fcyclomatic-complexity -MMD -MP -MF"App/Src/app_main.d" -MT"App/Src/app_main.o" --specs=nano.specs -mfloat-abi=soft -mthumb -o "App/Src/app_main.o"
arm-none-eabi-gcc -o "f103c8t6.elf" @"objects.list"   -mcpu=cortex-m3 -T"C:\Personal\f103c8t6\f103c8t6\STM32F103C8TX_FLASH.ld" --specs=nosys.specs -Wl,-Map="f103c8t6.map" -Wl,--gc-sections -static --specs=nano.specs -mfloat-abi=soft -mthumb -Wl,--start-group -lc -lm -Wl,--end-group
Finished building target: f103c8t6.elf
 
arm-none-eabi-size  f103c8t6.elf 
arm-none-eabi-objdump -h -S f103c8t6.elf  > "f103c8t6.list"
   text	   data	    bss	    dec	    hex	filename
   9132	     12	   1660	  10804	   2a34	f103c8t6.elf
Finished building: default.size.stdout
 
Finished building: f103c8t6.list
 
08:45:15 **** Incremental Build of configuration Debug for project f103c8t6 ****
make -j4 all 
arm-none-eabi-size  f103c8t6.elf 
   text	   data	    bss	    dec	    hex	filename
   9132	     12	   1660	  10804	   2a34	f103c8t6.elf
Finished building: default.size.stdout
 
08:49:59 **** Incremental Build of configuration Debug for project f103c8t6 ****
make -j4 all 
arm-none-eabi-gcc "../App/Src/pwm.c" -mcpu=cortex-m3 -std=gnu11 -g3 -DDEBUG -DUSE_HAL_DRIVER -DSTM32F103xB -c -I../Core/Inc -I../App/Inc -I../Drivers/STM32F1xx_HAL_Driver/Inc/Legacy -I../Drivers/STM32F1xx_HAL_Driver/Inc -I../Drivers/CMSIS/Device/ST/STM32F1xx/Include -I../Drivers/CMSIS/Include -O0 -ffunction-sections -fdata-sections -Wall -fstack-usage -fcyclomatic-complexity -MMD -MP -MF"App/Src/pwm.d" -MT"App/Src/pwm.o" --specs=nano.specs -mfloat-abi=soft -mthumb -o "App/Src/pwm.o"
arm-none-eabi-gcc -o "f103c8t6.elf" @"objects.list"   -mcpu=cortex-m3 -T"C:\Personal\f103c8t6\f103c8t6\STM32F103C8TX_FLASH.ld" --specs=nosys.specs -Wl,-Map="f103c8t6.map" -Wl,--gc-sections -static --specs=nano.specs -mfloat-abi=soft -mthumb -Wl,--start-group -lc -lm -Wl,--end-group
Finished building target: f103c8t6.elf
 
arm-none-eabi-size  f103c8t6.elf 
arm-none-eabi-objdump -h -S f103c8t6.elf  > "f103c8t6.list"
   text	   data	    bss	    dec	    hex	filename
   9132	     12	   1660	  10804	   2a34	f103c8t6.elf
Finished building: default.size.stdout
 
Finished building: f103c8t6.list
 
09:14:42 **** Incremental Build of configuration Debug for project f103c8t6 ****
make -j4 all 
arm-none-eabi-gcc "../App/Src/app_main.c" -mcpu=cortex-m3 -std=gnu11 -g3 -DDEBUG -DUSE_HAL_DRIVER -DSTM32F103xB -c -I../Core/Inc -I../App/Inc -I../Drivers/STM32F1xx_HAL_Driver/Inc/Legacy -I../Drivers/STM32F1xx_HAL_Driver/Inc -I../Drivers/CMSIS/Device/ST/STM32F1xx/Include -I../Drivers/CMSIS/Include -O0 -ffunction-sections -fdata-sections -Wall -fstack-usage -fcyclomatic-complexity -MMD -MP -MF"App/Src/app_main.d" -MT"App/Src/app_main.o" --specs=nano.specs -mfloat-abi=soft -mthumb -o "App/Src/app_main.o"
arm-none-eabi-gcc -o "f103c8t6.elf" @"objects.list"   -mcpu=cortex-m3 -T"C:\Personal\f103c8t6\f103c8t6\STM32F103C8TX_FLASH.ld" --specs=nosys.specs -Wl,-Map="f103c8t6.map" -Wl,--gc-sections -static --specs=nano.specs -mfloat-abi=soft -mthumb -Wl,--start-group -lc -lm -Wl,--end-group
Finished building target: f103c8t6.elf
 
arm-none-eabi-size  f103c8t6.elf 
arm-none-eabi-objdump -h -S f103c8t6.elf  > "f103c8t6.list"
   text	   data	    bss	    dec	    hex	filename
   9128	     12	   1660	  10800	   2a30	f103c8t6.elf
Finished building: default.size.stdout
 
Finished building: f103c8t6.list
 
09:15:06 **** Incremental Build of configuration Debug for project f103c8t6 ****
make -j4 all 
arm-none-eabi-gcc "../App/Src/app_main.c" -mcpu=cortex-m3 -std=gnu11 -g3 -DDEBUG -DUSE_HAL_DRIVER -DSTM32F103xB -c -I../Core/Inc -I../App/Inc -I../Drivers/STM32F1xx_HAL_Driver/Inc/Legacy -I../Drivers/STM32F1xx_HAL_Driver/Inc -I../Drivers/CMSIS/Device/ST/STM32F1xx/Include -I../Drivers/CMSIS/Include -O0 -ffunction-sections -fdata-sections -Wall -fstack-usage -fcyclomatic-complexity -MMD -MP -MF"App/Src/app_main.d" -MT"App/Src/app_main.o" --specs=nano.specs -mfloat-abi=soft -mthumb -o "App/Src/app_main.o"
arm-none-eabi-gcc -o "f103c8t6.elf" @"objects.list"   -mcpu=cortex-m3 -T"C:\Personal\f103c8t6\f103c8t6\STM32F103C8TX_FLASH.ld" --specs=nosys.specs -Wl,-Map="f103c8t6.map" -Wl,--gc-sections -static --specs=nano.specs -mfloat-abi=soft -mthumb -Wl,--start-group -lc -lm -Wl,--end-group
Finished building target: f103c8t6.elf
 
arm-none-eabi-size  f103c8t6.elf 
arm-none-eabi-objdump -h -S f103c8t6.elf  > "f103c8t6.list"
   text	   data	    bss	    dec	    hex	filename
   9128	     12	   1660	  10800	   2a30	f103c8t6.elf
Finished building: default.size.stdout
 
Finished building: f103c8t6.list
 
09:15:34 **** Incremental Build of configuration Debug for project f103c8t6 ****
make -j4 all 
arm-none-eabi-gcc "../App/Src/app_main.c" -mcpu=cortex-m3 -std=gnu11 -g3 -DDEBUG -DUSE_HAL_DRIVER -DSTM32F103xB -c -I../Core/Inc -I../App/Inc -I../Drivers/STM32F1xx_HAL_Driver/Inc/Legacy -I../Drivers/STM32F1xx_HAL_Driver/Inc -I../Drivers/CMSIS/Device/ST/STM32F1xx/Include -I../Drivers/CMSIS/Include -O0 -ffunction-sections -fdata-sections -Wall -fstack-usage -fcyclomatic-complexity -MMD -MP -MF"App/Src/app_main.d" -MT"App/Src/app_main.o" --specs=nano.specs -mfloat-abi=soft -mthumb -o "App/Src/app_main.o"
arm-none-eabi-gcc -o "f103c8t6.elf" @"objects.list"   -mcpu=cortex-m3 -T"C:\Personal\f103c8t6\f103c8t6\STM32F103C8TX_FLASH.ld" --specs=nosys.specs -Wl,-Map="f103c8t6.map" -Wl,--gc-sections -static --specs=nano.specs -mfloat-abi=soft -mthumb -Wl,--start-group -lc -lm -Wl,--end-group
Finished building target: f103c8t6.elf
 
arm-none-eabi-size  f103c8t6.elf 
arm-none-eabi-objdump -h -S f103c8t6.elf  > "f103c8t6.list"
   text	   data	    bss	    dec	    hex	filename
   9128	     12	   1660	  10800	   2a30	f103c8t6.elf
Finished building: default.size.stdout
 
Finished building: f103c8t6.list
 
09:16:04 **** Incremental Build of configuration Debug for project f103c8t6 ****
make -j4 all 
arm-none-eabi-gcc "../App/Src/app_main.c" -mcpu=cortex-m3 -std=gnu11 -g3 -DDEBUG -DUSE_HAL_DRIVER -DSTM32F103xB -c -I../Core/Inc -I../App/Inc -I../Drivers/STM32F1xx_HAL_Driver/Inc/Legacy -I../Drivers/STM32F1xx_HAL_Driver/Inc -I../Drivers/CMSIS/Device/ST/STM32F1xx/Include -I../Drivers/CMSIS/Include -O0 -ffunction-sections -fdata-sections -Wall -fstack-usage -fcyclomatic-complexity -MMD -MP -MF"App/Src/app_main.d" -MT"App/Src/app_main.o" --specs=nano.specs -mfloat-abi=soft -mthumb -o "App/Src/app_main.o"
arm-none-eabi-gcc -o "f103c8t6.elf" @"objects.list"   -mcpu=cortex-m3 -T"C:\Personal\f103c8t6\f103c8t6\STM32F103C8TX_FLASH.ld" --specs=nosys.specs -Wl,-Map="f103c8t6.map" -Wl,--gc-sections -static --specs=nano.specs -mfloat-abi=soft -mthumb -Wl,--start-group -lc -lm -Wl,--end-group
Finished building target: f103c8t6.elf
 
arm-none-eabi-size  f103c8t6.elf 
arm-none-eabi-objdump -h -S f103c8t6.elf  > "f103c8t6.list"
   text	   data	    bss	    dec	    hex	filename
   9128	     12	   1660	  10800	   2a30	f103c8t6.elf
Finished building: default.size.stdout
 
Finished building: f103c8t6.list
 
09:21:12 **** Incremental Build of configuration Debug for project f103c8t6 ****
make -j4 all 
arm-none-eabi-gcc "../App/Src/app_main.c" -mcpu=cortex-m3 -std=gnu11 -g3 -DDEBUG -DUSE_HAL_DRIVER -DSTM32F103xB -c -I../Core/Inc -I../App/Inc -I../Drivers/STM32F1xx_HAL_Driver/Inc/Legacy -I../Drivers/STM32F1xx_HAL_Driver/Inc -I../Drivers/CMSIS/Device/ST/STM32F1xx/Include -I../Drivers/CMSIS/Include -O0 -ffunction-sections -fdata-sections -Wall -fstack-usage -fcyclomatic-complexity -MMD -MP -MF"App/Src/app_main.d" -MT"App/Src/app_main.o" --specs=nano.specs -mfloat-abi=soft -mthumb -o "App/Src/app_main.o"
arm-none-eabi-gcc "../App/Src/pwm.c" -mcpu=cortex-m3 -std=gnu11 -g3 -DDEBUG -DUSE_HAL_DRIVER -DSTM32F103xB -c -I../Core/Inc -I../App/Inc -I../Drivers/STM32F1xx_HAL_Driver/Inc/Legacy -I../Drivers/STM32F1xx_HAL_Driver/Inc -I../Drivers/CMSIS/Device/ST/STM32F1xx/Include -I../Drivers/CMSIS/Include -O0 -ffunction-sections -fdata-sections -Wall -fstack-usage -fcyclomatic-complexity -MMD -MP -MF"App/Src/pwm.d" -MT"App/Src/pwm.o" --specs=nano.specs -mfloat-abi=soft -mthumb -o "App/Src/pwm.o"
arm-none-eabi-gcc -o "f103c8t6.elf" @"objects.list"   -mcpu=cortex-m3 -T"C:\Personal\f103c8t6\f103c8t6\STM32F103C8TX_FLASH.ld" --specs=nosys.specs -Wl,-Map="f103c8t6.map" -Wl,--gc-sections -static --specs=nano.specs -mfloat-abi=soft -mthumb -Wl,--start-group -lc -lm -Wl,--end-group
Finished building target: f103c8t6.elf
 
arm-none-eabi-size  f103c8t6.elf 
arm-none-eabi-objdump -h -S f103c8t6.elf  > "f103c8t6.list"
   text	   data	    bss	    dec	    hex	filename
   8936	     12	   1660	  10608	   2970	f103c8t6.elf
Finished building: default.size.stdout
 
Finished building: f103c8t6.list
 
09:21:56 **** Incremental Build of configuration Debug for project f103c8t6 ****
make -j4 all 
arm-none-eabi-gcc "../App/Src/app_main.c" -mcpu=cortex-m3 -std=gnu11 -g3 -DDEBUG -DUSE_HAL_DRIVER -DSTM32F103xB -c -I../Core/Inc -I../App/Inc -I../Drivers/STM32F1xx_HAL_Driver/Inc/Legacy -I../Drivers/STM32F1xx_HAL_Driver/Inc -I../Drivers/CMSIS/Device/ST/STM32F1xx/Include -I../Drivers/CMSIS/Include -O0 -ffunction-sections -fdata-sections -Wall -fstack-usage -fcyclomatic-complexity -MMD -MP -MF"App/Src/app_main.d" -MT"App/Src/app_main.o" --specs=nano.specs -mfloat-abi=soft -mthumb -o "App/Src/app_main.o"
arm-none-eabi-gcc -o "f103c8t6.elf" @"objects.list"   -mcpu=cortex-m3 -T"C:\Personal\f103c8t6\f103c8t6\STM32F103C8TX_FLASH.ld" --specs=nosys.specs -Wl,-Map="f103c8t6.map" -Wl,--gc-sections -static --specs=nano.specs -mfloat-abi=soft -mthumb -Wl,--start-group -lc -lm -Wl,--end-group
Finished building target: f103c8t6.elf
 
arm-none-eabi-size  f103c8t6.elf 
arm-none-eabi-objdump -h -S f103c8t6.elf  > "f103c8t6.list"
   text	   data	    bss	    dec	    hex	filename
   9036	     12	   1660	  10708	   29d4	f103c8t6.elf
Finished building: default.size.stdout
 
Finished building: f103c8t6.list
 
09:22:30 **** Incremental Build of configuration Debug for project f103c8t6 ****
make -j4 all 
arm-none-eabi-gcc "../App/Src/app_main.c" -mcpu=cortex-m3 -std=gnu11 -g3 -DDEBUG -DUSE_HAL_DRIVER -DSTM32F103xB -c -I../Core/Inc -I../App/Inc -I../Drivers/STM32F1xx_HAL_Driver/Inc/Legacy -I../Drivers/STM32F1xx_HAL_Driver/Inc -I../Drivers/CMSIS/Device/ST/STM32F1xx/Include -I../Drivers/CMSIS/Include -O0 -ffunction-sections -fdata-sections -Wall -fstack-usage -fcyclomatic-complexity -MMD -MP -MF"App/Src/app_main.d" -MT"App/Src/app_main.o" --specs=nano.specs -mfloat-abi=soft -mthumb -o "App/Src/app_main.o"
arm-none-eabi-gcc -o "f103c8t6.elf" @"objects.list"   -mcpu=cortex-m3 -T"C:\Personal\f103c8t6\f103c8t6\STM32F103C8TX_FLASH.ld" --specs=nosys.specs -Wl,-Map="f103c8t6.map" -Wl,--gc-sections -static --specs=nano.specs -mfloat-abi=soft -mthumb -Wl,--start-group -lc -lm -Wl,--end-group
Finished building target: f103c8t6.elf
 
arm-none-eabi-size  f103c8t6.elf 
arm-none-eabi-objdump -h -S f103c8t6.elf  > "f103c8t6.list"
   text	   data	    bss	    dec	    hex	filename
   9036	     12	   1660	  10708	   29d4	f103c8t6.elf
Finished building: default.size.stdout
 
Finished building: f103c8t6.list
 
09:22:58 **** Incremental Build of configuration Debug for project f103c8t6 ****
make -j4 all 
arm-none-eabi-gcc "../App/Src/app_main.c" -mcpu=cortex-m3 -std=gnu11 -g3 -DDEBUG -DUSE_HAL_DRIVER -DSTM32F103xB -c -I../Core/Inc -I../App/Inc -I../Drivers/STM32F1xx_HAL_Driver/Inc/Legacy -I../Drivers/STM32F1xx_HAL_Driver/Inc -I../Drivers/CMSIS/Device/ST/STM32F1xx/Include -I../Drivers/CMSIS/Include -O0 -ffunction-sections -fdata-sections -Wall -fstack-usage -fcyclomatic-complexity -MMD -MP -MF"App/Src/app_main.d" -MT"App/Src/app_main.o" --specs=nano.specs -mfloat-abi=soft -mthumb -o "App/Src/app_main.o"
arm-none-eabi-gcc -o "f103c8t6.elf" @"objects.list"   -mcpu=cortex-m3 -T"C:\Personal\f103c8t6\f103c8t6\STM32F103C8TX_FLASH.ld" --specs=nosys.specs -Wl,-Map="f103c8t6.map" -Wl,--gc-sections -static --specs=nano.specs -mfloat-abi=soft -mthumb -Wl,--start-group -lc -lm -Wl,--end-group
Finished building target: f103c8t6.elf
 
arm-none-eabi-size  f103c8t6.elf 
arm-none-eabi-objdump -h -S f103c8t6.elf  > "f103c8t6.list"
   text	   data	    bss	    dec	    hex	filename
   9036	     12	   1660	  10708	   29d4	f103c8t6.elf
Finished building: default.size.stdout
 
Finished building: f103c8t6.list
 
09:23:22 **** Incremental Build of configuration Debug for project f103c8t6 ****
make -j4 all 
arm-none-eabi-gcc "../App/Src/app_main.c" -mcpu=cortex-m3 -std=gnu11 -g3 -DDEBUG -DUSE_HAL_DRIVER -DSTM32F103xB -c -I../Core/Inc -I../App/Inc -I../Drivers/STM32F1xx_HAL_Driver/Inc/Legacy -I../Drivers/STM32F1xx_HAL_Driver/Inc -I../Drivers/CMSIS/Device/ST/STM32F1xx/Include -I../Drivers/CMSIS/Include -O0 -ffunction-sections -fdata-sections -Wall -fstack-usage -fcyclomatic-complexity -MMD -MP -MF"App/Src/app_main.d" -MT"App/Src/app_main.o" --specs=nano.specs -mfloat-abi=soft -mthumb -o "App/Src/app_main.o"
arm-none-eabi-gcc -o "f103c8t6.elf" @"objects.list"   -mcpu=cortex-m3 -T"C:\Personal\f103c8t6\f103c8t6\STM32F103C8TX_FLASH.ld" --specs=nosys.specs -Wl,-Map="f103c8t6.map" -Wl,--gc-sections -static --specs=nano.specs -mfloat-abi=soft -mthumb -Wl,--start-group -lc -lm -Wl,--end-group
Finished building target: f103c8t6.elf
 
arm-none-eabi-size  f103c8t6.elf 
arm-none-eabi-objdump -h -S f103c8t6.elf  > "f103c8t6.list"
   text	   data	    bss	    dec	    hex	filename
   9036	     12	   1660	  10708	   29d4	f103c8t6.elf
Finished building: default.size.stdout
 
Finished building: f103c8t6.list
 
09:23:44 **** Incremental Build of configuration Debug for project f103c8t6 ****
make -j4 all 
arm-none-eabi-gcc "../App/Src/app_main.c" -mcpu=cortex-m3 -std=gnu11 -g3 -DDEBUG -DUSE_HAL_DRIVER -DSTM32F103xB -c -I../Core/Inc -I../App/Inc -I../Drivers/STM32F1xx_HAL_Driver/Inc/Legacy -I../Drivers/STM32F1xx_HAL_Driver/Inc -I../Drivers/CMSIS/Device/ST/STM32F1xx/Include -I../Drivers/CMSIS/Include -O0 -ffunction-sections -fdata-sections -Wall -fstack-usage -fcyclomatic-complexity -MMD -MP -MF"App/Src/app_main.d" -MT"App/Src/app_main.o" --specs=nano.specs -mfloat-abi=soft -mthumb -o "App/Src/app_main.o"
arm-none-eabi-gcc -o "f103c8t6.elf" @"objects.list"   -mcpu=cortex-m3 -T"C:\Personal\f103c8t6\f103c8t6\STM32F103C8TX_FLASH.ld" --specs=nosys.specs -Wl,-Map="f103c8t6.map" -Wl,--gc-sections -static --specs=nano.specs -mfloat-abi=soft -mthumb -Wl,--start-group -lc -lm -Wl,--end-group
Finished building target: f103c8t6.elf
 
arm-none-eabi-size  f103c8t6.elf 
arm-none-eabi-objdump -h -S f103c8t6.elf  > "f103c8t6.list"
   text	   data	    bss	    dec	    hex	filename
   9036	     12	   1660	  10708	   29d4	f103c8t6.elf
Finished building: default.size.stdout
 
Finished building: f103c8t6.list
 
09:24:04 **** Incremental Build of configuration Debug for project f103c8t6 ****
make -j4 all 
[...]
../App/Src/pwm.c: In function 'PWM_SetCcrMin':
../App/Src/pwm.c:39:13: warning: statement with no effect [-Wunused-value]
   39 |         this->ccrMin;
      |         ~~~~^~~~~~~~
../App/Src/pwm.c: In function 'PWM_SetCcrMax':
../App/Src/pwm.c:44:13: warning: statement with no effect [-Wunused-value]
   44 |         this->ccrMax;
      |         ~~~~^~~~~~~~
arm-none-eabi-gcc -o "f103c8t6.elf" @"objects.list"   -mcpu=cortex-m3 -T"C:\Personal\f103c8t6\f103c8t6\STM32F103C8TX_FLASH.ld" --specs=nosys.specs -Wl,-Map="f103c8t6.map" -Wl,--gc-sections -static --specs=nano.specs -mfloat-abi=soft -mthumb -Wl,--start-group -lc -lm -Wl,--end-group
Finished building target: f103c8t6.elf
 
arm-none-eabi-size  f103c8t6.elf 
arm-none-eabi-objdump -h -S f103c8t6.elf  > "f103c8t6.list"
   text	   data	    bss	    dec	    hex	filename
  10228	     12	   1988	  12228	   2fc4	f103c8t6.elf
Finished building: default.size.stdout
 
Finished building: f103c8t6.list
 
06:18:38 **** Incremental Build of configuration Debug for project f103c8t6 ****
make -j4 all 
arm-none-eabi-gcc "../App/Src/pwm.c" -mcpu=cortex-m3 -std=gnu11 -g3 -DDEBUG -DUSE_HAL_DRIVER -DSTM32F103xB -c -I../Core/Inc -I../App/Inc -I../Drivers/STM32F1xx_HAL_Driver/Inc/Legacy -I../Drivers/STM32F1xx_HAL_Driver/Inc -I../Drivers/CMSIS/Device/ST/STM32F1xx/Include -I../Drivers/CMSIS/Include -O0 -ffunction-sections -fdata-sections -Wall -fstack-usage -fcyclomatic-complexity -MMD -MP -MF"App/Src/pwm.d" -MT"App/Src/pwm.o" --specs=nano.specs -mfloat-abi=soft -mthumb -o "App/Src/pwm.o"
arm-none-eabi-gcc -o "f103c8t6.elf" @"objects.list"   -mcpu=cortex-m3 -T"C:\Personal\f103c8t6\f103c8t6\STM32F103C8TX_FLASH.ld" --specs=nosys.specs -Wl,-Map="f103c8t6.map" -Wl,--gc-sections -static --specs=nano.specs -mfloat-abi=soft -mthumb -Wl,--start-group -lc -lm -Wl,--end-group
Finished building target: f103c8t6.elf
 
arm-none-eabi-size  f103c8t6.elf 
arm-none-eabi-objdump -h -S f103c8t6.elf  > "f103c8t6.list"
   text	   data	    bss	    dec	    hex	filename
  10248	     12	   1988	  12248	   2fd8	f103c8t6.elf
Finished building: default.size.stdout
 
Finished building: f103c8t6.list
 
06:19:35 **** Incremental Build of configuration Debug for project f103c8t6 ****
make -j4 all 
arm-none-eabi-gcc "../App/Src/app_main.c" -mcpu=cortex-m3 -std=gnu11 -g3 -DDEBUG -DUSE_HAL_DRIVER -DSTM32F103xB -c -I../Core/Inc -I../App/Inc -I../Drivers/STM32F1xx_HAL_Driver/Inc/Legacy -I../Drivers/STM32F1xx_HAL_Driver/Inc -I../Drivers/CMSIS/Device/ST/STM32F1xx/Include -I../Drivers/CMSIS/Include -O0 -ffunction-sections -fdata-sections -Wall -fstack-usage -fcyclomatic-complexity -MMD -MP -MF"App/Src/app_main.d" -MT"App/Src/app_main.o" --specs=nano.specs -mfloat-abi=soft -mthumb -o "App/Src/app_main.o"
arm-none-eabi-gcc -o "f103c8t6.elf" @"objects.list"   -mcpu=cortex-m3 -T"C:\Personal\f103c8t6\f103c8t6\STM32F103C8TX_FLASH.ld" --specs=nosys.specs -Wl,-Map="f103c8t6.map" -Wl,--gc-sections -static --specs=nano.specs -mfloat-abi=soft -mthumb -Wl,--start-group -lc -lm -Wl,--end-group
Finished building target: f103c8t6.elf
 
arm-none-eabi-size  f103c8t6.elf 
arm-none-eabi-objdump -h -S f103c8t6.elf  > "f103c8t6.list"
   text	   data	    bss	    dec	    hex	filename
  10248	     12	   1988	  12248	   2fd8	f103c8t6.elf
Finished building: default.size.stdout
 
Finished building: f103c8t6.list
 
06:20:50 **** Incremental Build of configuration Debug for project f103c8t6 ****
make -j4 all 
arm-none-eabi-gcc "../App/Src/app_main.c" -mcpu=cortex-m3 -std=gnu11 -g3 -DDEBUG -DUSE_HAL_DRIVER -DSTM32F103xB -c -I../Core/Inc -I../App/Inc -I../Drivers/STM32F1xx_HAL_Driver/Inc/Legacy -I../Drivers/STM32F1xx_HAL_Driver/Inc -I../Drivers/CMSIS/Device/ST/STM32F1xx/Include -I../Drivers/CMSIS/Include -O0 -ffunction-sections -fdata-sections -Wall -fstack-usage -fcyclomatic-complexity -MMD -MP -MF"App/Src/app_main.d" -MT"App/Src/app_main.o" --specs=nano.specs -mfloat-abi=soft -mthumb -o "App/Src/app_main.o"
arm-none-eabi-gcc -o "f103c8t6.elf" @"objects.list"   -mcpu=cortex-m3 -T"C:\Personal\f103c8t6\f103c8t6\STM32F103C8TX_FLASH.ld" --specs=nosys.specs -Wl,-Map="f103c8t6.map" -Wl,--gc-sections -static --specs=nano.specs -mfloat-abi=soft -mthumb -Wl,--start-group -lc -lm -Wl,--end-group
Finished building target: f103c8t6.elf
 
arm-none-eabi-size  f103c8t6.elf 
arm-none-eabi-objdump -h -S f103c8t6.elf  > "f103c8t6.list"
   text	   data	    bss	    dec	    hex	filename
  10248	     12	   1988	  12248	   2fd8	f103c8t6.elf
Finished building: default.size.stdout
 
Finished building: f103c8t6.list
 
06:22:27 **** Incremental Build of configuration Debug for project f103c8t6 ****
make -j4 all 
arm-none-eabi-gcc "../App/Src/app_main.c" -mcpu=cortex-m3 -std=gnu11 -g3 -DDEBUG -DUSE_HAL_DRIVER -DSTM32F103xB -c -I../Core/Inc -I../App/Inc -I../Drivers/STM32F1xx_HAL_Driver/Inc/Legacy -I../Drivers/STM32F1xx_HAL_Driver/Inc -I../Drivers/CMSIS/Device/ST/STM32F1xx/Include -I../Drivers/CMSIS/Include -O0 -ffunction-sections -fdata-sections -Wall -fstack-usage -fcyclomatic-complexity -MMD -MP -MF"App/Src/app_main.d" -MT"App/Src/app_main.o" --specs=nano.specs -mfloat-abi=soft -mthumb -o "App/Src/app_main.o"
arm-none-eabi-gcc -o "f103c8t6.elf" @"objects.list"   -mcpu=cortex-m3 -T"C:\Personal\f103c8t6\f103c8t6\STM32F103C8TX_FLASH.ld" --specs=nosys.specs -Wl,-Map="f103c8t6.map" -Wl,--gc-sections -static --specs=nano.specs -mfloat-abi=soft -mthumb -Wl,--start-group -lc -lm -Wl,--end-group
Finished building target: f103c8t6.elf
 
arm-none-eabi-size  f103c8t6.elf 
arm-none-eabi-objdump -h -S f103c8t6.elf  > "f103c8t6.list"
   text	   data	    bss	    dec	    hex	filename
  10296	     12	   1988	  12296	   3008	f103c8t6.elf
Finished building: default.size.stdout
 
Finished building: f103c8t6.list
 
06:32:04 **** Incremental Build of configuration Debug for project f103c8t6 ****
make -j4 all 
arm-none-eabi-gcc "../App/Src/app_main.c" -mcpu=cortex-m3 -std=gnu11 -g3 -DDEBUG -DUSE_HAL_DRIVER -DSTM32F103xB -c -I../Core/Inc -I../App/Inc -I../Drivers/STM32F1xx_HAL_Driver/Inc/Legacy -I../Drivers/STM32F1xx_HAL_Driver/Inc -I../Drivers/CMSIS/Device/ST/STM32F1xx/Include -I../Drivers/CMSIS/Include -O0 -ffunction-sections -fdata-sections -Wall -fstack-usage -fcyclomatic-complexity -MMD -MP -MF"App/Src/app_main.d" -MT"App/Src/app_main.o" --specs=nano.specs -mfloat-abi=soft -mthumb -o "App/Src/app_main.o"
arm-none-eabi-gcc "../App/Src/pwm.c" -mcpu=cortex-m3 -std=gnu11 -g3 -DDEBUG -DUSE_HAL_DRIVER -DSTM32F103xB -c -I../Core/Inc -I../App/Inc -I../Drivers/STM32F1xx_HAL_Driver/Inc/Legacy -I../Drivers/STM32F1xx_HAL_Driver/Inc -I../Drivers/CMSIS/Device/ST/STM32F1xx/Include -I../Drivers/CMSIS/Include -O0 -ffunction-sections -fdata-sections -Wall -fstack-usage -fcyclomatic-complexity -MMD -MP -MF"App/Src/pwm.d" -MT"App/Src/pwm.o" --specs=nano.specs -mfloat-abi=soft -mthumb -o "App/Src/pwm.o"
../App/Src/app_main.c: In function 'PWM_Init':
../App/Src/app_main.c:16:26: error: storage class specified for parameter 'htim1'
   16 | extern TIM_HandleTypeDef htim1;
      |                          ^~~~~
../App/Src/app_main.c:17:26: error: storage class specified for parameter 'htim2'
   17 | extern TIM_HandleTypeDef htim2;
      |                          ^~~~~
../App/Src/app_main.c:18:26: error: storage class specified for parameter 'htim3'
   18 | extern TIM_HandleTypeDef htim3;
      |                          ^~~~~
../App/Src/app_main.c:20:15: error: storage class specified for parameter 'led'
   20 | static Output led;
      |               ^~~
../App/Src/app_main.c:22:12: error: storage class specified for parameter 'pwm1Ch1'
   22 | static PWM pwm1Ch1;
      |            ^~~~~~~
../App/Src/app_main.c:23:12: error: storage class specified for parameter 'pwm1Ch2'
   23 | static PWM pwm1Ch2;
      |            ^~~~~~~
../App/Src/app_main.c:24:12: error: storage class specified for parameter 'pwm1Ch3'
   24 | static PWM pwm1Ch3;
      |            ^~~~~~~
../App/Src/app_main.c:25:12: error: storage class specified for parameter 'pwm1Ch4'
   25 | static PWM pwm1Ch4;
      |            ^~~~~~~
../App/Src/app_main.c:27:12: error: storage class specified for parameter 'pwm2Ch1'
   27 | static PWM pwm2Ch1;
      |            ^~~~~~~
../App/Src/app_main.c:28:12: error: storage class specified for parameter 'pwm2Ch2'
   28 | static PWM pwm2Ch2;
      |            ^~~~~~~
../App/Src/app_main.c:29:12: error: storage class specified for parameter 'pwm2Ch3'
   29 | static PWM pwm2Ch3;
      |            ^~~~~~~
../App/Src/app_main.c:30:12: error: storage class specified for parameter 'pwm2Ch4'
   30 | static PWM pwm2Ch4;
      |            ^~~~~~~
../App/Src/app_main.c:32:12: error: storage class specified for parameter 'pwm3Ch1'
   32 | static PWM pwm3Ch1;
      |            ^~~~~~~
../App/Src/app_main.c:33:12: error: storage class specified for parameter 'pwm3Ch2'
   33 | static PWM pwm3Ch2;
      |            ^~~~~~~
../App/Src/app_main.c:34:12: error: storage class specified for parameter 'pwm3Ch3'
   34 | static PWM pwm3Ch3;
      |            ^~~~~~~
../App/Src/app_main.c:35:12: error: storage class specified for parameter 'pwm3Ch4'
   35 | static PWM pwm3Ch4;
      |            ^~~~~~~
../App/Src/pwm.c: In function 'PWM_Init':
../App/Src/app_main.c:39:1: error: expected '=', ',', ';', 'asm' or '__attribute__' before '{' token
   39 | {
      | ^
../App/Src/app_main.c:78:1: error: expected '=', ',', ';', 'asm' or '__attribute__' before '{' token
   78 | {
      | ^
../App/Src/pwm.c:12:1: error: expected '=', ',', ';', 'asm' or '__attribute__' before '{' token
   12 | {
      | ^
../App/Src/pwm.c:29:1: error: expected '=', ',', ';', 'asm' or '__attribute__' before '{' token
   29 | {
      | ^
In file included from ../App/Src/app_main.c:11:
../App/Inc/pwm.h:34:6: error: old-style parameter declarations in prototyped function definition
   34 | void PWM_Init(PWM*, TIM_TypeDef*, PWM_Channel, uint32_t, uint32_t, MotorDirection)
      |      ^~~~~~~~
../App/Src/app_main.c:144: error: expected '{' at end of input
../App/Src/pwm.c:41:1: error: expected '=', ',', ';', 'asm' or '__attribute__' before '{' token
   41 | {
      | ^
../App/Src/pwm.c:46:1: error: expected '=', ',', ';', 'asm' or '__attribute__' before '{' token
   46 | {
      | ^
../App/Src/pwm.c:51:1: error: expected '=', ',', ';', 'asm' or '__attribute__' before '{' token
   51 | {
      | ^
In file included from ../App/Src/pwm.c:9:
../App/Inc/pwm.h:34:6: error: old-style parameter declarations in prototyped function definition
   34 | void PWM_Init(PWM*, TIM_TypeDef*, PWM_Channel, uint32_t, uint32_t, MotorDirection)
      |      ^~~~~~~~
../App/Src/pwm.c:55: error: expected '{' at end of input
make: *** [App/Src/subdir.mk:25: App/Src/app_main.o] Error 1
make: *** Waiting for unfinished jobs....
make: *** [App/Src/subdir.mk:25: App/Src/pwm.o] Error 1
"make -j4 all" terminated with exit code 2. Build might be incomplete.
06:32:21 **** Incremental Build of configuration Debug for project f103c8t6 ****
make -j4 all 
arm-none-eabi-gcc "../App/Src/app_main.c" -mcpu=cortex-m3 -std=gnu11 -g3 -DDEBUG -DUSE_HAL_DRIVER -DSTM32F103xB -c -I../Core/Inc -I../App/Inc -I../Drivers/STM32F1xx_HAL_Driver/Inc/Legacy -I../Drivers/STM32F1xx_HAL_Driver/Inc -I../Drivers/CMSIS/Device/ST/STM32F1xx/Include -I../Drivers/CMSIS/Include -O0 -ffunction-sections -fdata-sections -Wall -fstack-usage -fcyclomatic-complexity -MMD -MP -MF"App/Src/app_main.d" -MT"App/Src/app_main.o" --specs=nano.specs -mfloat-abi=soft -mthumb -o "App/Src/app_main.o"
arm-none-eabi-gcc "../App/Src/pwm.c" -mcpu=cortex-m3 -std=gnu11 -g3 -DDEBUG -DUSE_HAL_DRIVER -DSTM32F103xB -c -I../Core/Inc -I../App/Inc -I../Drivers/STM32F1xx_HAL_Driver/Inc/Legacy -I../Drivers/STM32F1xx_HAL_Driver/Inc -I../Drivers/CMSIS/Device/ST/STM32F1xx/Include -I../Drivers/CMSIS/Include -O0 -ffunction-sections -fdata-sections -Wall -fstack-usage -fcyclomatic-complexity -MMD -MP -MF"App/Src/pwm.d" -MT"App/Src/pwm.o" --specs=nano.specs -mfloat-abi=soft -mthumb -o "App/Src/pwm.o"
../App/Src/app_main.c:35:12: warning: 'pwm3Ch4' defined but not used [-Wunused-variable]
   35 | static PWM pwm3Ch4;
      |            ^~~~~~~
../App/Src/app_main.c:34:12: warning: 'pwm3Ch3' defined but not used [-Wunused-variable]
   34 | static PWM pwm3Ch3;
      |            ^~~~~~~
../App/Src/app_main.c:33:12: warning: 'pwm3Ch2' defined but not used [-Wunused-variable]
   33 | static PWM pwm3Ch2;
      |            ^~~~~~~
../App/Src/app_main.c:32:12: warning: 'pwm3Ch1' defined but not used [-Wunused-variable]
   32 | static PWM pwm3Ch1;
      |            ^~~~~~~
../App/Src/app_main.c:30:12: warning: 'pwm2Ch4' defined but not used [-Wunused-variable]
   30 | static PWM pwm2Ch4;
      |            ^~~~~~~
../App/Src/app_main.c:29:12: warning: 'pwm2Ch3' defined but not used [-Wunused-variable]
   29 | static PWM pwm2Ch3;
      |            ^~~~~~~
../App/Src/app_main.c:28:12: warning: 'pwm2Ch2' defined but not used [-Wunused-variable]
   28 | static PWM pwm2Ch2;
      |            ^~~~~~~
../App/Src/app_main.c:27:12: warning: 'pwm2Ch1' defined but not used [-Wunused-variable]
   27 | static PWM pwm2Ch1;
      |            ^~~~~~~
../App/Src/app_main.c:24:12: warning: 'pwm1Ch3' defined but not used [-Wunused-variable]
   24 | static PWM pwm1Ch3;
      |            ^~~~~~~
../App/Src/app_main.c:23:12: warning: 'pwm1Ch2' defined but not used [-Wunused-variable]
   23 | static PWM pwm1Ch2;
      |            ^~~~~~~
../App/Src/app_main.c:22:12: warning: 'pwm1Ch1' defined but not used [-Wunused-variable]
   22 | static PWM pwm1Ch1;
      |            ^~~~~~~
../App/Src/pwm.c: In function 'PWM_SetAngle':
../App/Src/pwm.c:32:28: error: 'direction' undeclared (first use in this function)
   32 |     uint8_t targetAngle = (direction == CCW) ? (180 - angle) : angle;
      |                            ^~~~~~~~~
../App/Src/pwm.c:32:28: note: each undeclared identifier is reported only once for each function it appears in
../App/Src/pwm.c:32:13: warning: unused variable 'targetAngle' [-Wunused-variable]
   32 |     uint8_t targetAngle = (direction == CCW) ? (180 - angle) : angle;
      |             ^~~~~~~~~~~
make: *** [App/Src/subdir.mk:25: App/Src/pwm.o] Error 1
make: *** Waiting for unfinished jobs....
"make -j4 all" terminated with exit code 2. Build might be incomplete.
06:32:51 **** Incremental Build of configuration Debug for project f103c8t6 ****
make -j4 all 
arm-none-eabi-gcc "../App/Src/pwm.c" -mcpu=cortex-m3 -std=gnu11 -g3 -DDEBUG -DUSE_HAL_DRIVER -DSTM32F103xB -c -I../Core/Inc -I../App/Inc -I../Drivers/STM32F1xx_HAL_Driver/Inc/Legacy -I../Drivers/STM32F1xx_HAL_Driver/Inc -I../Drivers/CMSIS/Device/ST/STM32F1xx/Include -I../Drivers/CMSIS/Include -O0 -ffunction-sections -fdata-sections -Wall -fstack-usage -fcyclomatic-complexity -MMD -MP -MF"App/Src/pwm.d" -MT"App/Src/pwm.o" --specs=nano.specs -mfloat-abi=soft -mthumb -o "App/Src/pwm.o"
../App/Src/pwm.c: In function 'PWM_SetAngle':
../App/Src/pwm.c:32:28: error: 'direction' undeclared (first use in this function)
   32 |     uint8_t targetAngle = (direction == CCW) ? (180 - angle) : angle;
      |                            ^~~~~~~~~
../App/Src/pwm.c:32:28: note: each undeclared identifier is reported only once for each function it appears in
make: *** [App/Src/subdir.mk:25: App/Src/pwm.o] Error 1
"make -j4 all" terminated with exit code 2. Build might be incomplete.
06:33:01 **** Incremental Build of configuration Debug for project f103c8t6 ****
make -j4 all 
arm-none-eabi-gcc "../App/Src/pwm.c" -mcpu=cortex-m3 -std=gnu11 -g3 -DDEBUG -DUSE_HAL_DRIVER -DSTM32F103xB -c -I../Core/Inc -I../App/Inc -I../Drivers/STM32F1xx_HAL_Driver/Inc/Legacy -I../Drivers/STM32F1xx_HAL_Driver/Inc -I../Drivers/CMSIS/Device/ST/STM32F1xx/Include -I../Drivers/CMSIS/Include -O0 -ffunction-sections -fdata-sections -Wall -fstack-usage -fcyclomatic-complexity -MMD -MP -MF"App/Src/pwm.d" -MT"App/Src/pwm.o" --specs=nano.specs -mfloat-abi=soft -mthumb -o "App/Src/pwm.o"
arm-none-eabi-gcc -o "f103c8t6.elf" @"objects.list"   -mcpu=cortex-m3 -T"C:\Personal\f103c8t6\f103c8t6\STM32F103C8TX_FLASH.ld" --specs=nosys.specs -Wl,-Map="f103c8t6.map" -Wl,--gc-sections -static --specs=nano.specs -mfloat-abi=soft -mthumb -Wl,--start-group -lc -lm -Wl,--end-group
Finished building target: f103c8t6.elf
 
arm-none-eabi-size  f103c8t6.elf 
arm-none-eabi-objdump -h -S f103c8t6.elf  > "f103c8t6.list"
   text	   data	    bss	    dec	    hex	filename
  10056	     12	   1812	  11880	   2e68	f103c8t6.elf
Finished building: default.size.stdout
 
Finished building: f103c8t6.list
 
06:33:05 **** Incremental Build of configuration Debug for project f103c8t6 ****
make -j4 all 
arm-none-eabi-size  f103c8t6.elf 
   text	   data	    bss	    dec	    hex	filename
  10056	     12	   1812	  11880	   2e68	f103c8t6.elf
Finished building: default.size.stdout
 
06:34:00 **** Incremental Build of configuration Debug for project f103c8t6 ****
make -j4 all 
arm-none-eabi-gcc "../App/Src/app_main.c" -mcpu=cortex-m3 -std=gnu11 -g3 -DDEBUG -DUSE_HAL_DRIVER -DSTM32F103xB -c -I../Core/Inc -I../App/Inc -I../Drivers/STM32F1xx_HAL_Driver/Inc/Legacy -I../Drivers/STM32F1xx_HAL_Driver/Inc -I../Drivers/CMSIS/Device/ST/STM32F1xx/Include -I../Drivers/CMSIS/Include -O0 -ffunction-sections -fdata-sections -Wall -fstack-usage -fcyclomatic-complexity -MMD -MP -MF"App/Src/app_main.d" -MT"App/Src/app_main.o" --specs=nano.specs -mfloat-abi=soft -mthumb -o "App/Src/app_main.o"
../App/Src/app_main.c:35:12: warning: 'pwm3Ch4' defined but not used [-Wunused-variable]
   35 | static PWM pwm3Ch4;
      |            ^~~~~~~
../App/Src/app_main.c:34:12: warning: 'pwm3Ch3' defined but not used [-Wunused-variable]
   34 | static PWM pwm3Ch3;
      |            ^~~~~~~
../App/Src/app_main.c:33:12: warning: 'pwm3Ch2' defined but not used [-Wunused-variable]
   33 | static PWM pwm3Ch2;
      |            ^~~~~~~
../App/Src/app_main.c:32:12: warning: 'pwm3Ch1' defined but not used [-Wunused-variable]
   32 | static PWM pwm3Ch1;
      |            ^~~~~~~
../App/Src/app_main.c:30:12: warning: 'pwm2Ch4' defined but not used [-Wunused-variable]
   30 | static PWM pwm2Ch4;
      |            ^~~~~~~
../App/Src/app_main.c:29:12: warning: 'pwm2Ch3' defined but not used [-Wunused-variable]
   29 | static PWM pwm2Ch3;
      |            ^~~~~~~
../App/Src/app_main.c:28:12: warning: 'pwm2Ch2' defined but not used [-Wunused-variable]
   28 | static PWM pwm2Ch2;
      |            ^~~~~~~
../App/Src/app_main.c:27:12: warning: 'pwm2Ch1' defined but not used [-Wunused-variable]
   27 | static PWM pwm2Ch1;
      |            ^~~~~~~
../App/Src/app_main.c:24:12: warning: 'pwm1Ch3' defined but not used [-Wunused-variable]
   24 | static PWM pwm1Ch3;
      |            ^~~~~~~
../App/Src/app_main.c:23:12: warning: 'pwm1Ch2' defined but not used [-Wunused-variable]
   23 | static PWM pwm1Ch2;
      |            ^~~~~~~
../App/Src/app_main.c:22:12: warning: 'pwm1Ch1' defined but not used [-Wunused-variable]
   22 | static PWM pwm1Ch1;
      |            ^~~~~~~
arm-none-eabi-gcc -o "f103c8t6.elf" @"objects.list"   -mcpu=cortex-m3 -T"C:\Personal\f103c8t6\f103c8t6\STM32F103C8TX_FLASH.ld" --specs=nosys.specs -Wl,-Map="f103c8t6.map" -Wl,--gc-sections -static --specs=nano.specs -mfloat-abi=soft -mthumb -Wl,--start-group -lc -lm -Wl,--end-group
Finished building target: f103c8t6.elf
 
arm-none-eabi-size  f103c8t6.elf 
arm-none-eabi-objdump -h -S f103c8t6.elf  > "f103c8t6.list"
   text	   data	    bss	    dec	    hex	filename
  10056	     12	   1812	  11880	   2e68	f103c8t6.elf
Finished building: default.size.stdout
 
Finished building: f103c8t6.list
 
